66.249.66.194 - - [22/Jan/2019:04:12:54 +0330] "GET /product/31695/61805 HTTP/1.1" 200 42845 "-" "Mozilla/5.0 (compatible; Googlebot/2.1; +http://www.google.com/bot.html)" "-"
37.129.110.227 - - [22/Jan/2019:04:12:54 +0330] "GET /image/28204?name=model-b2027u-nilofari.jpg&wh=200x200 HTTP/1.1" 200 3799 "-" "Dalvik/2.1.0 (Linux; U; Android 7.0; SM-A710F Build/NRD90M)" "-"
66.249.66.194 - - [22/Jan/2019:04:12:54 +0330] "GET /m/filter?f=p56%2Cb665%2Ct26%2Cb50&o=t HTTP/1.1" 302 0 "-" "Mozilla/5.0 (compatible; Googlebot/2.1; +http://www.google.com/bot.html)" "-"
66.249.66.194 - - [22/Jan/2019:04:12:54 +0330] "GET /filter/p56%2Cb665%2Ct26%2Cb50?o=t HTTP/1.1" 302 0 "-" "Mozilla/5.0 (compatible; Googlebot/2.1; +http://www.google.com/bot.html)" "-"
66.249.66.194 - - [22/Jan/2019:04:12:55 +0330] "GET /m/filter/b103,b126,b135,b143,b147,b152,b168,b183,b185,b186,b19,b192,b194,b198,b2,b203,b213,b215,b22,b224,b238,b258,b261,b3,b308,b321,b35,b36,b41,b43,b435,b441,b442,b484,b485,b497,b5,b523,b542,b548,b568,b570,b573,b574,b584,b598,b603,b613,b614,b615,b619,b63,b647,b656,b723,b724,b74,b80,b88,b880,b883,b903,b904,b95,stexists HTTP/1.1" 200 27639 "-" "Mozilla/5.0 (Linux; Android 6.0.1; Nexus 5X Build/MMB29P) AppleWebKit/537.36 (KHTML, like Gecko) Chrome/41.0.2272.96 Mobile Safari/537.36 (compatible; Googlebot/2.1; +http://www.google.com/bot.html)" "-"
208.80.194.31 - - [22/Jan/2019:04:12:55 +0330] "GET / HTTP/1.0" 301 178 "-" "Mozilla/5.0 (Windows NT 5.1) Gecko/20100101 Firefox/9.0.1" "-"
66.249.66.194 - - [22/Jan/2019:04:12:57 +0330] "GET /filter/p56%2Cb665%2Ct26%2Cb50 HTTP/1.1" 200 32459 "-" "Mozilla/5.0 (compatible; Googlebot/2.1; +http://www.google.com/bot.html)" "-"
66.249.66.194 - - [22/Jan/2019:04:12:57 +0330] "GET /blog/office/page/5/ HTTP/1.1" 200 21248 "-" "Mozilla/5.0 (compatible; Googlebot/2.1; +http://www.google.com/bot.html)" "-"
208.80.194.31 - - [22/Jan/2019:04:12:57 +0330] "GET / HTTP/1.0" 200 210874 "-" "Mozilla/5.0 (Windows NT 5.1) Gecko/20100101 Firefox/9.0.1" "-"
37.129.110.227 - - [22/Jan/2019:04:12:57 +0330] "GET /image/33676?name=136-111.jpg&wh=200x200 HTTP/1.1" 200 4125 "-" "Dalvik/2.1.0 (Linux; U; Android 7.0; SM-A710F Build/NRD90M)" "-"
130.185.74.243 - - [22/Jan/2019:04:12:58 +0330] "GET /filter/stexists,p56,b41 HTTP/1.1" 200 32458 "-" "Mozilla/5.0 (Windows NT 6.1; rv:42.0) Gecko/20100101 Firefox/42.0" "-"
66.249.66.91 - - [22/Jan/2019:04:12:59 +0330] "GET /filter/b656%2Cb703%2Cb32%2Cb67%2Cb226%2Cb41%2Cb598%2Cb168%2Cb723%2Cb597%2Cb88%2Cb548%2Cb6%2Cb679%2Cb215%2Cb105%2Cb194%2Cb74%2Cb542%2Cb35%2Cb113%2Cb820%2Cb574%2Cb442%2Cb880%2Cb645%2Cb724%2Cb118%2Cb482%2Cb400%2Cb95%2Cb135%2Cb249%2Cb435%2Cb221%2Cb523%2Cb854%2Cb126%2Cstexists%2Cb216%2Cb217%2Cb152%2Cb99%2Cb192%2Cb213%2Cb136%2Cb218%2Cb648%2Cb454%2Cb258%2Cb151%2Cb22%2Cb203%2Cb543?page=6 HTTP/1.1" 200 40148 "-" "Mozilla/5.0 (compatible; Googlebot/2.1; +http://www.google.com/bot.html)" "-"
204.18.36.198 - - [22/Jan/2019:04:12:59 +0330] "GET /image/31791?name=sxb550-11.jpg&wh=200x200 HTTP/1.1" 200 3710 "-" "Dalvik/2.1.0 (Linux; U; Android 7.0; HUAWEI VNS-L21 Build/HUAWEIVNS-L21)" "-"
66.249.66.194 - - [22/Jan/2019:04:12:59 +0330] "GET /m/filter?f=p10%2Cstnot-exists%2Cv1%7C+%D8%B3%D9%81%DB%8C%D8%AF+%D8%A8%D9%86%D9%81%D8%B4%2Cv1%7C%D8%A7%D8%B3%D8%AA%DB%8C%D9%84+%D9%85%D8%B4%DA%A9%DB%8C%2C588%7C1.7&o=588 HTTP/1.1" 302 0 "-" "Mozilla/5.0 (compatible; Googlebot/2.1; +http://www.google.com/bot.html)" "-"
66.249.66.194 - - [22/Jan/2019:04:12:59 +0330] "GET /filter/p10%2Cstnot-exists%2Cv1%7C%20%D8%B3%D9%81%DB%8C%D8%AF%20%D8%A8%D9%86%D9%81%D8%B4%2Cv1%7C%D8%A7%D8%B3%D8%AA%DB%8C%D9%84%20%D9%85%D8%B4%DA%A9%DB%8C%2C588%7C1.7?o=588 HTTP/1.1" 302 0 "-" "Mozilla/5.0 (compatible; Googlebot/2.1; +http://www.google.com/bot.html)" "-"
17.58.102.43 - - [22/Jan/2019:04:13:00 +0330] "GET /filter?f=b211%2Cb502%2Cb214%2Cb389%2Cb335%2Cb554%2Cb592%2Cb118%2Cb491%2Cb122%2Cb313%2Cb377%2Cb329%2Cb306%2Cb428%2Cb206%2Cb523&o=b HTTP/1.1" 302 0 "-" "Mozilla/5.0 (Macintosh; Intel Mac OS X 10_10_1) AppleWebKit/600.2.5 (KHTML, like Gecko) Version/8.0.2 Safari/600.2.5 (Applebot/0.1; +http://www.apple.com/go/applebot)" "-"
5.113.130.133 - - [22/Jan/2019:04:13:00 +0330] "GET /image/29655?name=%DA%A9%D8%A7%D9%85%D9%81%D9%88%D8%B1%D8%AA.jpg&wh=200x200 HTTP/1.1" 200 3211 "-" "Dalvik/2.1.0 (Linux; U; Android 6.0.1; SM-G610F Build/MMB29K)" "-"
66.249.66.194 - - [22/Jan/2019:04:13:00 +0330] "GET /filter/p10%2Cstnot-exists%2Cv1%7C%20%D8%B3%D9%81%DB%8C%D8%AF%20%D8%A8%D9%86%D9%81%D8%B4%2Cv1%7C%D8%A7%D8%B3%D8%AA%DB%8C%D9%84%20%D9%85%D8%B4%DA%A9%DB%8C%2C588%7C1.7 HTTP/1.1" 200 31742 "-" "Mozilla/5.0 (compatible; Googlebot/2.1; +http://www.google.com/bot.html)" "-"
130.185.74.243 - - [22/Jan/2019:04:13:01 +0330] "GET /filter/stexists,p56,b41?page=1 HTTP/1.1" 200 30162 "-" "Mozilla/5.0 (Windows NT 6.1; rv:42.0) Gecko/20100101 Firefox/42.0" "-"
66.249.66.91 - - [22/Jan/2019:04:13:01 +0330] "GET /filter/b36%2Cb41%2Cb598%2Cb168%2Cb103%2Cb614%2Cb88%2Cb19%2Cb194%2Cb35%2Cb321%2Cb5%2Cb261%2Cb442%2Cb484%2Cb723%2Cb573%2Cb192%2Cb724%2Cb435%2Cb183%2Cb542%2Cb63%2Cb497%2Cb619%2Cb613%2Cb126%2Cb74%2Cb441%2Cb568%2Cb880%2Cb647%2Cb185%2Cb584%2Cb224%2Cb213%2Cb3%2Cb570%2Cb198%2Cb238%2Cb485%2Cb574%2Cb186%2Cb548%2Cstexists%2Cb215%2Cb904%2Cb615%2Cb603%2Cb203%2Cb43%2Cb152%2Cb95%2Cb147%2Cb143%2Cb656%2Cb2%2Cb308%2Cb80%2Cb22%2Cb883%2Cb523%2Cb903%2Cb258?page=2 HTTP/1.1" 200 40947 "-" "Mozilla/5.0 (compatible; Googlebot/2.1; +http://www.google.com/bot.html)" "-"
130.185.74.243 - - [22/Jan/2019:04:13:02 +0330] "GET /filter/stexists,p56,b41?page=2 HTTP/1.1" 200 30162 "-" "Mozilla/5.0 (Windows NT 6.1; rv:42.0) Gecko/20100101 Firefox/42.0" "-"
66.249.66.91 - - [22/Jan/2019:04:13:03 +0330] "GET /filter/b656%2Cb703%2Cb32%2Cb67%2Cb226%2Cb41%2Cb598%2Cb168%2Cb723%2Cb597%2Cb88%2Cb548%2Cb6%2Cb679%2Cb215%2Cb105%2Cb194%2Cb74%2Cb542%2Cb35%2Cb113%2Cb820%2Cb574%2Cb442%2Cb880%2Cb645%2Cb724%2Cb118%2Cb482%2Cb400%2Cb95%2Cb135%2Cb249%2Cb435%2Cb221%2Cb854%2Cb126%2Cstexists%2Cb216%2Cb217%2Cb152%2Cb99%2Cb192%2Cb213%2Cb136%2Cb218%2Cb648%2Cb454%2Cb258%2Cb151%2Cb22%2Cb613?page=11 HTTP/1.1" 200 40330 "-" "Mozilla/5.0 (compatible; Googlebot/2.1; +http://www.google.com/bot.html)" "-"
17.58.102.43 - - [22/Jan/2019:04:13:04 +0330] "GET /filter/b211%2Cb502%2Cb214%2Cb389%2Cb335%2Cb554%2Cb592%2Cb118%2Cb491%2Cb122%2Cb313%2Cb377%2Cb329%2Cb306%2Cb428%2Cb206%2Cb523 HTTP/1.1" 200 37137 "-" "Mozilla/5.0 (Macintosh; Intel Mac OS X 10_10_1) AppleWebKit/600.2.5 (KHTML, like Gecko) Version/8.0.2 Safari/600.2.5 (Applebot/0.1; +http://www.apple.com/go/applebot)" "-"
66.249.66.91 - - [22/Jan/2019:04:13:04 +0330] "GET /image/63177/productModel/150x150 HTTP/1.1" 200 2705 "-" "Googlebot-Image/1.0" "-"
66.249.66.194 - - [22/Jan/2019:04:13:05 +0330] "GET /m/filter?f=p10%2C588%7C1.7%2C588%7C1.5%2Cb173&o=b HTTP/1.1" 302 0 "-" "Mozilla/5.0 (compatible; Googlebot/2.1; +http://www.google.com/bot.html)" "-"
130.185.74.243 - - [22/Jan/2019:04:13:05 +0330] "GET /filter/stexists,p56,b50 HTTP/1.1" 200 30143 "-" "Mozilla/5.0 (Windows NT 6.1; rv:42.0) Gecko/20100101 Firefox/42.0" "-"
66.249.66.194 - - [22/Jan/2019:04:13:05 +0330] "GET /filter/p10%2C588%7C1.7%2C588%7C1.5%2Cb173?o=b HTTP/1.1" 302 0 "-" "Mozilla/5.0 (compatible; Googlebot/2.1; +http://www.google.com/bot.html)" "-"
130.185.74.243 - - [22/Jan/2019:04:13:06 +0330] "GET /filter/stexists,p56,b50?page=1 HTTP/1.1" 200 30159 "-" "Mozilla/5.0 (Windows NT 6.1; rv:42.0) Gecko/20100101 Firefox/42.0" "-"
172.20.2.174 - - [22/Jan/2019:04:13:06 +0330] "GET /site/ping HTTP/1.1" 200 4 "-" "-" "-"
66.249.66.194 - - [22/Jan/2019:04:13:07 +0330] "GET /m/filter/b105,b113,b118,b126,b135,b136,b151,b152,b168,b192,b194,b213,b215,b216,b217,b218,b22,b221,b226,b249,b258,b32,b35,b400,b41,b435,b442,b454,b482,b523,b542,b548,b574,b597,b598,b6,b613,b645,b648,b656,b67,b679,b703,b723,b724,b74,b820,b854,b88,b880,b95,b99,stexists HTTP/1.1" 200 27050 "-" "Mozilla/5.0 (Linux; Android 6.0.1; Nexus 5X Build/MMB29P) AppleWebKit/537.36 (KHTML, like Gecko) Chrome/41.0.2272.96 Mobile Safari/537.36 (compatible; Googlebot/2.1; +http://www.google.com/bot.html)" "-"
66.249.66.194 - - [22/Jan/2019:04:13:07 +0330] "GET /filter/p10%2C588%7C1.7%2C588%7C1.5%2Cb173 HTTP/1.1" 200 29945 "-" "Mozilla/5.0 (compatible; Googlebot/2.1; +http://www.google.com/bot.html)" "-"
130.185.74.243 - - [22/Jan/2019:04:13:07 +0330] "GET /filter/stexists,p56,b50?page=2 HTTP/1.1" 200 30160 "-" "Mozilla/5.0 (Windows NT 6.1; rv:42.0) Gecko/20100101 Firefox/42.0" "-"
213.174.147.83 - - [22/Jan/2019:04:13:08 +0330] "GET /robots.txt HTTP/1.1" 301 178 "-" "Apache-HttpClient/4.5.3 (Java/1.8.0_101)" "-"
213.174.147.83 - - [22/Jan/2019:04:13:08 +0330] "GET /robots.txt HTTP/1.1" 200 94 "-" "Apache-HttpClient/4.5.3 (Java/1.8.0_101)" "-"
66.249.66.194 - - [22/Jan/2019:04:13:09 +0330] "GET /m/filter?f=p11675,b570,stnot-exists HTTP/1.1" 302 0 "-" "Mozilla/5.0 (compatible; Googlebot/2.1; +http://www.google.com/bot.html)" "-"
66.249.66.194 - - [22/Jan/2019:04:13:09 +0330] "GET /m/filter/b74 HTTP/1.1" 200 21708 "-" "Mozilla/5.0 (Linux; Android 6.0.1; Nexus 5X Build/MMB29P) AppleWebKit/537.36 (KHTML, like Gecko) Chrome/41.0.2272.96 Mobile Safari/537.36 (compatible; Googlebot/2.1; +http://www.google.com/bot.html)" "-"
66.249.66.194 - - [22/Jan/2019:04:13:10 +0330] "GET /filter/p11675%2Cb570%2Cstnot-exists HTTP/1.1" 200 30486 "-" "Mozilla/5.0 (compatible; Googlebot/2.1; +http://www.google.com/bot.html)" "-"
213.174.147.83 - - [22/Jan/2019:04:13:11 +0330] "GET /filter/b113,p62 HTTP/1.1" 200 33343 "-" "Mozilla/5.0 (compatible; SemrushBot-SI/0.97; +http://www.semrush.com/bot.html)" "-"
130.185.74.243 - - [22/Jan/2019:04:13:12 +0330] "GET /filter/stexists,p56,b3 HTTP/1.1" 200 31714 "-" "Mozilla/5.0 (Windows NT 6.1; rv:42.0) Gecko/20100101 Firefox/42.0" "-"
17.58.102.43 - - [22/Jan/2019:04:13:13 +0330] "GET /filter/b211%2Cb502%2Cb460%2Cb487%2Cb384%2Cb258%2Cb228%2Cb599%2Cb74%2Cb477%2Cb598%2Cb254%2Cb266%2Cb41%2Cb423%2Cb861 HTTP/1.1" 200 37551 "-" "Mozilla/5.0 (Macintosh; Intel Mac OS X 10_10_1) AppleWebKit/600.2.5 (KHTML, like Gecko) Version/8.0.2 Safari/600.2.5 (Applebot/0.1; +http://www.apple.com/go/applebot)" "-"
66.249.66.91 - - [22/Jan/2019:04:13:13 +0330] "GET /filter/b656%2Cb703%2Cb32%2Cb67%2Cb226%2Cb41%2Cb598%2Cb168%2Cb723%2Cb597%2Cb88%2Cb548%2Cb6%2Cb679%2Cb215%2Cb105%2Cb194%2Cb74%2Cb542%2Cb35%2Cb113%2Cb820%2Cb574%2Cb442%2Cb880%2Cb645%2Cb724%2Cb118%2Cb482%2Cb400%2Cb95%2Cb135%2Cb249%2Cb435%2Cb221%2Cb523%2Cb854%2Cb126%2Cstexists%2Cb216%2Cb217%2Cb152%2Cb99%2Cb192%2Cb213%2Cb136%2Cb218%2Cb648%2Cb454%2Cb258%2Cb151%2Cb22%2Cb613%2Cb238?page=11 HTTP/1.1" 200 40174 "-" "Mozilla/5.0 (compatible; Googlebot/2.1; +http://www.google.com/bot.html)" "-"
66.249.66.194 - - [22/Jan/2019:04:13:13 +0330] "GET /m/browse/juicer/%D8%A2%D8%A8%D9%85%DB%8C%D9%88%D9%87-%DA%AF%DB%8C%D8%B1%DB%8C HTTP/1.1" 200 19448 "-" "Mozilla/5.0 (Linux; Android 6.0.1; Nexus 5X Build/MMB29P) AppleWebKit/537.36 (KHTML, like Gecko) Chrome/41.0.2272.96 Mobile Safari/537.36 (compatible; Googlebot/2.1; +http://www.google.com/bot.html)" "-"
66.249.66.91 - - [22/Jan/2019:04:13:13 +0330] "GET /ajaxFilter/b67%2Cb615%2Cb543%2Cb497%2Cb42%2Cb778%2Cb226%2Cb183%2Cb597%2Cb874%2Cb36%2Cb6%2Cb724%2Cb19%2Cb185%2Cb679%2Cb194%2Cb192%2Cb22%2Cb879%2Cb888%2Cb152%2Cb734%2Cb202%2Cb568%2Cb484%2Cb598%2Cb485%2Cb877%2Cb574%2Cb546%2Cb126%2Cb5%2Cb645%2Cb20%2Cb861%2Cb2%2Cb135%2Cb80%2Cb99%2Cb481%2Cb573%2Cb35%2Cb118%2Cb1%2Cb442%2Cb584%2Cb105%2Cb723%2Cb82%2Cb63%2Cb136%2Cb231%2Cb647%2Cb854%2Cb261%2Cb548%2Cb648?page=10 HTTP/1.1" 200 12087 "-" "Mozilla/5.0 (compatible; Googlebot/2.1; +http://www.google.com/bot.html)" "-"
66.249.66.194 - - [22/Jan/2019:04:13:15 +0330] "GET /m/filter?f=p11673%2Cv1%7C%D9%85%D8%B4%DA%A9%DB%8C+%D8%B3%D8%B1%D8%AE%D8%A7%D8%A8%DB%8C%2Cv1%7C%D8%B1%D9%86%DA%AF+%D8%B3%D9%81%D8%A7%D8%B1%D8%B4%DB%8C%2Cv1%7C%D9%85%D8%B4%DA%A9%DB%8C+%DA%A9%D8%B1%D9%85.%2Cv1%7C%D8%B7%D9%88%D8%B3%DB%8C+%D9%85%D8%B4%DA%A9%DB%8C%2Cv1%7C%D9%85%D8%B4%DA%A9%DB%8C.%2Cv1%7C%D9%85%D8%B4%DA%A9%DB%8C+%D8%A8%D9%86%D9%81%D8%B4%2Cv1%7C%D8%A7%D8%B1%D8%BA%D9%88%D8%A7%D9%86%DB%8C+%D8%A8%D9%86%D9%81%D8%B4%2Cv1%7C%D8%B7%D8%B1%D8%AD+%DA%A9%D8%A7%D8%B1%D8%AA%D9%88%D9%86%DB%8C%2Cb778%2Cb854%2Cv1%7C%D8%B7%D9%88%D8%B3%DB%8C+%D9%82%D8%B1%D9%85%D8%B2%2Cb435%2Cb568&sort=sortField&page=0&dir=sortDirection&o=v1 HTTP/1.1" 302 0 "-" "Mozilla/5.0 (compatible; Googlebot/2.1; +http://www.google.com/bot.html)" "-"
130.185.74.243 - - [22/Jan/2019:04:13:15 +0330] "GET /filter/stexists,p56,b3?page=1 HTTP/1.1" 200 30162 "-" "Mozilla/5.0 (Windows NT 6.1; rv:42.0) Gecko/20100101 Firefox/42.0" "-"
66.249.66.194 - - [22/Jan/2019:04:13:15 +0330] "GET /filter/p11673%2Cv1%7C%D9%85%D8%B4%DA%A9%DB%8C%20%D8%B3%D8%B1%D8%AE%D8%A7%D8%A8%DB%8C%2Cv1%7C%D8%B1%D9%86%DA%AF%20%D8%B3%D9%81%D8%A7%D8%B1%D8%B4%DB%8C%2Cv1%7C%D9%85%D8%B4%DA%A9%DB%8C%20%DA%A9%D8%B1%D9%85.%2Cv1%7C%D8%B7%D9%88%D8%B3%DB%8C%20%D9%85%D8%B4%DA%A9%DB%8C%2Cv1%7C%D9%85%D8%B4%DA%A9%DB%8C.%2Cv1%7C%D9%85%D8%B4%DA%A9%DB%8C%20%D8%A8%D9%86%D9%81%D8%B4%2Cv1%7C%D8%A7%D8%B1%D8%BA%D9%88%D8%A7%D9%86%DB%8C%20%D8%A8%D9%86%D9%81%D8%B4%2Cv1%7C%D8%B7%D8%B1%D8%AD%20%DA%A9%D8%A7%D8%B1%D8%AA%D9%88%D9%86%DB%8C%2Cb778%2Cb854%2Cv1%7C%D8%B7%D9%88%D8%B3%DB%8C%20%D9%82%D8%B1%D9%85%D8%B2%2Cb435%2Cb568?sort=sortField&dir=sortDirection&page=0&o=v1 HTTP/1.1" 302 0 "-" "Mozilla/5.0 (compatible; Googlebot/2.1; +http://www.google.com/bot.html)" "-"
66.249.66.194 - - [22/Jan/2019:04:13:15 +0330] "GET /product/27156 HTTP/1.1" 200 41500 "-" "Mozilla/5.0 (compatible; Googlebot/2.1; +http://www.google.com/bot.html)" "-"
66.249.66.91 - - [22/Jan/2019:04:13:15 +0330] "GET /filter/b481%2Cb874%2Cb226%2Cb570%2Cb598%2Cstexists%2Cb880%2Cb270%2Cb883%2Cb99%2Cb261%2Cb249%2Cb20%2Cb701%2Cb42%2Cb879%2Cb548%2Cb183%2Cb88%2Cb308%2Cb103%2Cb1%2Cb126%2Cb523%2Cb900%2Cb192%2Cb188%2Cb703%2Cb890%2Cb148%2Cb256%2Cb651%2Cb41%2Cb647%2Cb22%2Cb613%2Cb6%2Cb221%2Cb36%2Cb614%2Cb3%2Cb216%2Cb218%2Cb136%2Cb573%2Cb151%2Cb185%2Cb32%2Cb441%2Cb143%2Cb648%2Cb203%2Cb877%2Cb209%2Cb231%2Cb485%2Cb147%2Cb484%2Cb878%2Cb186%2Cb238?page=5 HTTP/1.1" 200 40775 "-" "Mozilla/5.0 (compatible; Googlebot/2.1; +http://www.google.com/bot.html)" "-"
204.18.36.198 - - [22/Jan/2019:04:13:16 +0330] "GET /image/31790?name=sxp450_11.jpg&wh=200x200 HTTP/1.1" 200 3819 "-" "Dalvik/2.1.0 (Linux; U; Android 7.0; HUAWEI VNS-L21 Build/HUAWEIVNS-L21)" "-"
130.185.74.243 - - [22/Jan/2019:04:13:16 +0330] "GET /filter/stexists,p56,b3?page=2 HTTP/1.1" 200 30162 "-" "Mozilla/5.0 (Windows NT 6.1; rv:42.0) Gecko/20100101 Firefox/42.0" "-"
51.15.15.54 - - [22/Jan/2019:04:13:16 +0330] "GET /blog/medicine-and-health/orthopedics/shin-support/ HTTP/1.1" 200 19508 "-" "Barkrowler/0.9 (+http://www.exensa.com/crawl)" "-"
66.249.66.194 - - [22/Jan/2019:04:13:16 +0330] "GET /filter/p11673%2Cv1%7C%D9%85%D8%B4%DA%A9%DB%8C%20%D8%B3%D8%B1%D8%AE%D8%A7%D8%A8%DB%8C%2Cv1%7C%D8%B1%D9%86%DA%AF%20%D8%B3%D9%81%D8%A7%D8%B1%D8%B4%DB%8C%2Cv1%7C%D9%85%D8%B4%DA%A9%DB%8C%20%DA%A9%D8%B1%D9%85.%2Cv1%7C%D8%B7%D9%88%D8%B3%DB%8C%20%D9%85%D8%B4%DA%A9%DB%8C%2Cv1%7C%D9%85%D8%B4%DA%A9%DB%8C.%2Cv1%7C%D9%85%D8%B4%DA%A9%DB%8C%20%D8%A8%D9%86%D9%81%D8%B4%2Cv1%7C%D8%A7%D8%B1%D8%BA%D9%88%D8%A7%D9%86%DB%8C%20%D8%A8%D9%86%D9%81%D8%B4%2Cv1%7C%D8%B7%D8%B1%D8%AD%20%DA%A9%D8%A7%D8%B1%D8%AA%D9%88%D9%86%DB%8C%2Cb778%2Cb854%2Cv1%7C%D8%B7%D9%88%D8%B3%DB%8C%20%D9%82%D8%B1%D9%85%D8%B2%2Cb435%2Cb568?sort=sortField&page=0&dir=sortDirection HTTP/1.1" 200 32532 "-" "Mozilla/5.0 (compatible; Googlebot/2.1; +http://www.google.com/bot.html)" "-"
66.249.66.194 - - [22/Jan/2019:04:13:17 +0330] "GET /m/product/13501/%DA%AF%D9%84%D8%AF%D8%A7%D9%86-%D9%85%DB%8C%D9%86%D8%A7%DA%A9%D8%A7%D8%B1%DB%8C-%D9%87%D9%86%D8%B1-%D8%A7%D8%B5%D9%81%D9%87%D8%A7%D9%86-%D9%85%D8%AF%D9%84-%D8%B7%D8%B1%D8%AD-%D9%BE%D8%A7%D9%BE%DB%8C%D9%88%D9%86%DB%8C- HTTP/1.1" 200 20168 "-" "Mozilla/5.0 (Linux; Android 6.0.1; Nexus 5X Build/MMB29P) AppleWebKit/537.36 (KHTML, like Gecko) Chrome/41.0.2272.96 Mobile Safari/537.36 (compatible; Googlebot/2.1; +http://www.google.com/bot.html)" "-"
66.249.66.194 - - [22/Jan/2019:04:13:18 +0330] "GET /m/product/23021/%DB%8C%D8%AE%DA%86%D8%A7%D9%84-%D9%81%D8%B1%DB%8C%D8%B2%D8%B1-%D9%81%D8%B1%DB%8C%D8%B2%D8%B1-%D8%A8%D8%A7%D9%84%D8%A7-%D9%87%D8%A7%DB%8C%D8%B3%D9%86%D8%B3-%D9%85%D8%AF%D9%84-RD-65WR4SZA HTTP/1.1" 200 20457 "-" "Mozilla/5.0 (Linux; Android 6.0.1; Nexus 5X Build/MMB29P) AppleWebKit/537.36 (KHTML, like Gecko) Chrome/41.0.2272.96 Mobile Safari/537.36 (compatible; Googlebot/2.1; +http://www.google.com/bot.html)" "-"
5.117.242.204 - - [22/Jan/2019:04:13:19 +0330] "GET /basket/add/55839?mobile=1&addedValues= HTTP/1.1" 302 0 "https://www.zanbil.ir/m/product/27456/55839/%D9%85%D8%A7%D8%B4%DB%8C%D9%86-%D9%84%D8%A8%D8%A7%D8%B3%D8%B4%D9%88%DB%8C%DB%8C-%D8%AF%D8%B1%D8%A8-%D8%A7%D8%B2-%D8%AC%D9%84%D9%88-%D8%B3%D8%A7%D9%85%D8%B3%D9%88%D9%86%DA%AF-%D9%85%D8%AF%D9%84-Q1469-S" "Mozilla/5.0 (Linux; Android 7.0; Lenovo TB-7304N) AppleWebKit/537.36 (KHTML, like Gecko) Chrome/71.0.3578.99 Safari/537.36" "-"
130.185.74.243 - - [22/Jan/2019:04:13:19 +0330] "GET /filter/stexists,p56,b74 HTTP/1.1" 200 31668 "-" "Mozilla/5.0 (Windows NT 6.1; rv:42.0) Gecko/20100101 Firefox/42.0" "-"
207.46.13.136 - - [22/Jan/2019:04:13:19 +0330] "GET /filter/b126,b20,b42,b52 HTTP/1.1" 200 36102 "-" "Mozilla/5.0 (compatible; bingbot/2.0; +http://www.bing.com/bingbot.htm)" "-"
66.249.66.194 - - [22/Jan/2019:04:13:19 +0330] "GET /m/filter?f=p18783%2Cv1%7C++++%D8%B3%D9%81%DB%8C%D8%AF%2Cstexists%2Cb650%2Ct308&o=t&productType=Screen-video-projector HTTP/1.1" 302 0 "-" "Mozilla/5.0 (compatible; Googlebot/2.1; +http://www.google.com/bot.html)" "-"
66.249.66.194 - - [22/Jan/2019:04:13:20 +0330] "GET /filter/p18783%2Cv1%7C%20%20%20%20%D8%B3%D9%81%DB%8C%D8%AF%2Cstexists%2Cb650%2Ct308?o=t&productType=Screen-video-projector HTTP/1.1" 302 0 "-" "Mozilla/5.0 (compatible; Googlebot/2.1; +http://www.google.com/bot.html)" "-"
5.117.242.204 - - [22/Jan/2019:04:13:20 +0330] "GET /basket/view HTTP/1.1" 200 17912 "https://www.zanbil.ir/m/product/27456/55839/%D9%85%D8%A7%D8%B4%DB%8C%D9%86-%D9%84%D8%A8%D8%A7%D8%B3%D8%B4%D9%88%DB%8C%DB%8C-%D8%AF%D8%B1%D8%A8-%D8%A7%D8%B2-%D8%AC%D9%84%D9%88-%D8%B3%D8%A7%D9%85%D8%B3%D9%88%D9%86%DA%AF-%D9%85%D8%AF%D9%84-Q1469-S" "Mozilla/5.0 (Linux; Android 7.0; Lenovo TB-7304N) AppleWebKit/537.36 (KHTML, like Gecko) Chrome/71.0.3578.99 Safari/537.36" "-"
130.185.74.243 - - [22/Jan/2019:04:13:20 +0330] "GET /filter/stexists,p56,b74?page=1 HTTP/1.1" 200 30164 "-" "Mozilla/5.0 (Windows NT 6.1; rv:42.0) Gecko/20100101 Firefox/42.0" "-"
66.249.66.194 - - [22/Jan/2019:04:13:20 +0330] "GET /m/filter/b103,b126,b135,b143,b147,b152,b168,b183,b185,b186,b19,b192,b194,b198,b2,b203,b213,b215,b22,b224,b238,b258,b261,b3,b308,b321,b35,b36,b41,b43,b435,b441,b442,b484,b485,b497,b5,b523,b542,b548,b568,b570,b573,b574,b584,b598,b603,b613,b614,b615,b619,b63,b647,b656,b723,b724,b74,b80,b88,b880,b883,b903,b904,b95,stexists HTTP/1.1" 200 27839 "-" "Mozilla/5.0 (Linux; Android 6.0.1; Nexus 5X Build/MMB29P) AppleWebKit/537.36 (KHTML, like Gecko) Chrome/41.0.2272.96 Mobile Safari/537.36 (compatible; Googlebot/2.1; +http://www.google.com/bot.html)" "-"
66.249.66.194 - - [22/Jan/2019:04:13:21 +0330] "GET /filter/p18783%2Cv1%7C%20%20%20%20%D8%B3%D9%81%DB%8C%D8%AF%2Cstexists%2Cb650%2Ct308?productType=Screen-video-projector HTTP/1.1" 200 28568 "-" "Mozilla/5.0 (compatible; Googlebot/2.1; +http://www.google.com/bot.html)" "-"
130.185.74.243 - - [22/Jan/2019:04:13:21 +0330] "GET /filter/stexists,p56,b74?page=2 HTTP/1.1" 200 30164 "-" "Mozilla/5.0 (Windows NT 6.1; rv:42.0) Gecko/20100101 Firefox/42.0" "-"
66.249.66.93 - - [22/Jan/2019:04:13:21 +0330] "GET /image/24727?name=usa_kronosx_3b.jpg&wh=200x200 HTTP/1.1" 200 4350 "-" "Googlebot-Image/1.0" "-"
34.247.132.53 - - [22/Jan/2019:04:13:21 +0330] "GET / HTTP/1.1" 200 29741 "-" "Mozilla/5.0 (Windows NT 10.0; Win64; x64) AppleWebKit/537.36 (KHTML, like Gecko) Chrome/63.0.3239.84 Safari/537.36" "-"
130.185.74.243 - - [22/Jan/2019:04:13:22 +0330] "GET /filter/stexists,p572,b74 HTTP/1.1" 200 28453 "-" "Mozilla/5.0 (Windows NT 6.1; rv:42.0) Gecko/20100101 Firefox/42.0" "-"
5.117.242.204 - - [22/Jan/2019:04:13:22 +0330] "GET /settings/logo HTTP/1.1" 200 4120 "https://www.zanbil.ir/basket/view" "Mozilla/5.0 (Linux; Android 7.0; Lenovo TB-7304N) AppleWebKit/537.36 (KHTML, like Gecko) Chrome/71.0.3578.99 Safari/537.36" "-"
5.117.242.204 - - [22/Jan/2019:04:13:22 +0330] "GET /image/55839/productModel/100x100 HTTP/1.1" 200 2028 "https://www.zanbil.ir/basket/view" "Mozilla/5.0 (Linux; Android 7.0; Lenovo TB-7304N) AppleWebKit/537.36 (KHTML, like Gecko) Chrome/71.0.3578.99 Safari/537.36" "-"
130.185.74.243 - - [22/Jan/2019:04:13:23 +0330] "GET /filter/stexists,p572,b74?page=1 HTTP/1.1" 200 28471 "-" "Mozilla/5.0 (Windows NT 6.1; rv:42.0) Gecko/20100101 Firefox/42.0" "-"
207.46.13.136 - - [22/Jan/2019:04:13:23 +0330] "GET /filter?f=b1%2Cp1%2Cp2%2Cp5%2Cb2%2Cb136%2Cb35 HTTP/1.1" 200 33858 "-" "Mozilla/5.0 (compatible; bingbot/2.0; +http://www.bing.com/bingbot.htm)" "-"
130.185.74.243 - - [22/Jan/2019:04:13:23 +0330] "GET /filter/stexists,p572,b74?page=2 HTTP/1.1" 200 28472 "-" "Mozilla/5.0 (Windows NT 6.1; rv:42.0) Gecko/20100101 Firefox/42.0" "-"
66.249.66.194 - - [22/Jan/2019:04:13:25 +0330] "GET /m/filter/b220%2Cb8 HTTP/1.1" 302 0 "-" "Mozilla/5.0 (compatible; Googlebot/2.1; +http://www.google.com/bot.html)" "-"
207.46.13.136 - - [22/Jan/2019:04:13:25 +0330] "GET /filter/p41,b126,stexists HTTP/1.1" 200 31804 "-" "Mozilla/5.0 (compatible; bingbot/2.0; +http://www.bing.com/bingbot.htm)" "-"
217.60.197.246 - - [22/Jan/2019:04:13:26 +0330] "GET /image/33968?name=6p-m1.jpg&wh=200x200 HTTP/1.1" 200 5852 "-" "Dalvik/2.1.0 (Linux; U; Android 8.0.0; SM-N950F Build/R16NW)" "-"
130.185.74.243 - - [22/Jan/2019:04:13:26 +0330] "GET /filter/stexists,p56,b103 HTTP/1.1" 200 31706 "-" "Mozilla/5.0 (Windows NT 6.1; rv:42.0) Gecko/20100101 Firefox/42.0" "-"
54.36.148.232 - - [22/Jan/2019:04:13:26 +0330] "GET /filter/b1,b41,p4515,stexists HTTP/1.1" 200 33282 "-" "Mozilla/5.0 (compatible; AhrefsBot/6.1; +http://ahrefs.com/robot/)" "-"
66.249.66.93 - - [22/Jan/2019:04:13:27 +0330] "GET /filter/b481%2Cb874%2Cb226%2Cb570%2Cb598%2Cstexists%2Cb880%2Cb270%2Cb883%2Cb99%2Cb261%2Cb249%2Cb20%2Cb701%2Cb42%2Cb879%2Cb548%2Cb183%2Cb88%2Cb308%2Cb103%2Cb1%2Cb126%2Cb523%2Cb900%2Cb192%2Cb188%2Cb703%2Cb890%2Cb148%2Cb256%2Cb651%2Cb41%2Cb647%2Cb22%2Cb613%2Cb6%2Cb221%2Cb36%2Cb614%2Cb3%2Cb216%2Cb218%2Cb136%2Cb573%2Cb151%2Cb185%2Cb32%2Cb441%2Cb143%2Cb648%2Cb203%2Cb877%2Cb209%2Cb231%2Cb485%2Cb147%2Cb484%2Cb878%2Cb186?page=11 HTTP/1.1" 200 40722 "-" "Mozilla/5.0 (compatible; Googlebot/2.1; +http://www.google.com/bot.html)" "-"
54.36.148.91 - - [22/Jan/2019:04:13:28 +0330] "GET /filter/p14769%2Crf2000000%2Cv1%7C%D8%B3%D9%81%DB%8C%D8%AF.?o=v1 HTTP/1.1" 302 0 "-" "Mozilla/5.0 (compatible; AhrefsBot/6.1; +http://ahrefs.com/robot/)" "-"
130.185.74.243 - - [22/Jan/2019:04:13:28 +0330] "GET /filter/stexists,p56,b103?page=1 HTTP/1.1" 200 30166 "-" "Mozilla/5.0 (Windows NT 6.1; rv:42.0) Gecko/20100101 Firefox/42.0" "-"
66.249.66.194 - - [22/Jan/2019:04:13:28 +0330] "GET /filter/b220%2Cb8 HTTP/1.1" 200 36052 "-" "Mozilla/5.0 (compatible; Googlebot/2.1; +http://www.google.com/bot.html)" "-"
66.249.66.194 - - [22/Jan/2019:04:13:29 +0330] "GET /m/filter/b103,b126,b143,b147,b152,b168,b183,b185,b186,b19,b192,b194,b198,b2,b203,b213,b215,b22,b224,b238,b258,b261,b3,b308,b321,b35,b36,b41,b43,b435,b441,b442,b484,b485,b497,b5,b523,b542,b548,b568,b570,b573,b574,b584,b598,b603,b613,b614,b615,b619,b63,b647,b656,b723,b724,b74,b80,b88,b880,b883,b903,b904,b95,stexists HTTP/1.1" 200 27568 "-" "Mozilla/5.0 (Linux; Android 6.0.1; Nexus 5X Build/MMB29P) AppleWebKit/537.36 (KHTML, like Gecko) Chrome/41.0.2272.96 Mobile Safari/537.36 (compatible; Googlebot/2.1; +http://www.google.com/bot.html)" "-"
130.185.74.243 - - [22/Jan/2019:04:13:29 +0330] "GET /filter/stexists,p56,b103?page=2 HTTP/1.1" 200 30166 "-" "Mozilla/5.0 (Windows NT 6.1; rv:42.0) Gecko/20100101 Firefox/42.0" "-"
89.199.100.90 - - [22/Jan/2019:04:13:29 +0330] "GET /m/article/616/%D8%B9%D9%84%D8%AA-%D8%AE%D9%88%D8%A7%D8%A8-%D8%B1%D9%81%D8%AA%D9%86%D8%8C%DA%AF%D8%B2%DA%AF%D8%B2%D8%8C%D8%A8%DB%8C-%D8%AD%D8%B3%DB%8C-%D9%88-%D9%85%D9%88%D8%B1-%D9%85%D9%88%D8%B1-%D8%B4%D8%AF%D9%86-%D8%A7%D9%86%DA%AF%D8%B4%D8%AA%D8%A7%D9%86-%D8%AF%D8%B3%D8%AA-%D9%88-%D8%AF%D8%B1%D9%85%D8%A7%D9%86-%D8%A2%D9%86 HTTP/1.1" 200 19716 "https://www.google.com/" "Mozilla/5.0 (Linux; Android 8.0.0; SM-A720F Build/R16NW) AppleWebKit/537.36 (KHTML, like Gecko) Chrome/68.0.3440.91 Mobile Safari/537.36" "-"
66.249.66.91 - - [22/Jan/2019:04:13:29 +0330] "GET /filter/b36%2Cb41%2Cb598%2Cb168%2Cb103%2Cb614%2Cb88%2Cb19%2Cb194%2Cb35%2Cb321%2Cb5%2Cb261%2Cb442%2Cb484%2Cb723%2Cb573%2Cb192%2Cb724%2Cb435%2Cb183%2Cb542%2Cb63%2Cb497%2Cb619%2Cb613%2Cb126%2Cb74%2Cb441%2Cb568%2Cb880%2Cb647%2Cb185%2Cb584%2Cb224%2Cb213%2Cb3%2Cb570%2Cb198%2Cb238%2Cb485%2Cb574%2Cb186%2Cb548%2Cstexists%2Cb215%2Cb904%2Cb615%2Cb603%2Cb203%2Cb43%2Cb152%2Cb95%2Cb147%2Cb143%2Cb656%2Cb2%2Cb308%2Cb80%2Cb22%2Cb883%2Cb523%2Cb903%2Cb258?page=88 HTTP/1.1" 200 39345 "-" "Mozilla/5.0 (compatible; Googlebot/2.1; +http://www.google.com/bot.html)" "-"
66.249.66.194 - - [22/Jan/2019:04:13:30 +0330] "GET /m/filter?f=p5767%2Cb400%2C4738%7C%D8%AF%D8%A7%D8%B1%D8%AF%2Ct155%2Cb183&o=b HTTP/1.1" 302 0 "-" "Mozilla/5.0 (compatible; Googlebot/2.1; +http://www.google.com/bot.html)" "-"
66.249.66.194 - - [22/Jan/2019:04:13:30 +0330] "GET /filter/p5767%2Cb400%2C4738%7C%D8%AF%D8%A7%D8%B1%D8%AF%2Ct155%2Cb183?o=b HTTP/1.1" 302 0 "-" "Mozilla/5.0 (compatible; Googlebot/2.1; +http://www.google.com/bot.html)" "-"
89.199.100.90 - - [22/Jan/2019:04:13:30 +0330] "GET /static/images/guarantees/fastDelivery.png HTTP/1.1" 200 7713 "https://www.zanbil.ir/m/article/616/%D8%B9%D9%84%D8%AA-%D8%AE%D9%88%D8%A7%D8%A8-%D8%B1%D9%81%D8%AA%D9%86%D8%8C%DA%AF%D8%B2%DA%AF%D8%B2%D8%8C%D8%A8%DB%8C-%D8%AD%D8%B3%DB%8C-%D9%88-%D9%85%D9%88%D8%B1-%D9%85%D9%88%D8%B1-%D8%B4%D8%AF%D9%86-%D8%A7%D9%86%DA%AF%D8%B4%D8%AA%D8%A7%D9%86-%D8%AF%D8%B3%D8%AA-%D9%88-%D8%AF%D8%B1%D9%85%D8%A7%D9%86-%D8%A2%D9%86" "Mozilla/5.0 (Linux; Android 8.0.0; SM-A720F Build/R16NW) AppleWebKit/537.36 (KHTML, like Gecko) Chrome/68.0.3440.91 Mobile Safari/537.36" "-"
89.199.100.90 - - [22/Jan/2019:04:13:30 +0330] "GET /static/images/guarantees/support.png HTTP/1.1" 200 6454 "https://www.zanbil.ir/m/article/616/%D8%B9%D9%84%D8%AA-%D8%AE%D9%88%D8%A7%D8%A8-%D8%B1%D9%81%D8%AA%D9%86%D8%8C%DA%AF%D8%B2%DA%AF%D8%B2%D8%8C%D8%A8%DB%8C-%D8%AD%D8%B3%DB%8C-%D9%88-%D9%85%D9%88%D8%B1-%D9%85%D9%88%D8%B1-%D8%B4%D8%AF%D9%86-%D8%A7%D9%86%DA%AF%D8%B4%D8%AA%D8%A7%D9%86-%D8%AF%D8%B3%D8%AA-%D9%88-%D8%AF%D8%B1%D9%85%D8%A7%D9%86-%D8%A2%D9%86" "Mozilla/5.0 (Linux; Android 8.0.0; SM-A720F Build/R16NW) AppleWebKit/537.36 (KHTML, like Gecko) Chrome/68.0.3440.91 Mobile Safari/537.36" "-"
130.185.74.243 - - [22/Jan/2019:04:13:30 +0330] "GET /filter/stexists,p56,b33 HTTP/1.1" 200 30168 "-" "Mozilla/5.0 (Windows NT 6.1; rv:42.0) Gecko/20100101 Firefox/42.0" "-"
89.199.100.90 - - [22/Jan/2019:04:13:30 +0330] "GET /static/images/guarantees/bestPrice.png HTTP/1.1" 200 7356 "https://www.zanbil.ir/m/article/616/%D8%B9%D9%84%D8%AA-%D8%AE%D9%88%D8%A7%D8%A8-%D8%B1%D9%81%D8%AA%D9%86%D8%8C%DA%AF%D8%B2%DA%AF%D8%B2%D8%8C%D8%A8%DB%8C-%D8%AD%D8%B3%DB%8C-%D9%88-%D9%85%D9%88%D8%B1-%D9%85%D9%88%D8%B1-%D8%B4%D8%AF%D9%86-%D8%A7%D9%86%DA%AF%D8%B4%D8%AA%D8%A7%D9%86-%D8%AF%D8%B3%D8%AA-%D9%88-%D8%AF%D8%B1%D9%85%D8%A7%D9%86-%D8%A2%D9%86" "Mozilla/5.0 (Linux; Android 8.0.0; SM-A720F Build/R16NW) AppleWebKit/537.36 (KHTML, like Gecko) Chrome/68.0.3440.91 Mobile Safari/537.36" "-"
89.199.100.90 - - [22/Jan/2019:04:13:30 +0330] "GET /static/images/guarantees/warranty.png HTTP/1.1" 200 5807 "https://www.zanbil.ir/m/article/616/%D8%B9%D9%84%D8%AA-%D8%AE%D9%88%D8%A7%D8%A8-%D8%B1%D9%81%D8%AA%D9%86%D8%8C%DA%AF%D8%B2%DA%AF%D8%B2%D8%8C%D8%A8%DB%8C-%D8%AD%D8%B3%DB%8C-%D9%88-%D9%85%D9%88%D8%B1-%D9%85%D9%88%D8%B1-%D8%B4%D8%AF%D9%86-%D8%A7%D9%86%DA%AF%D8%B4%D8%AA%D8%A7%D9%86-%D8%AF%D8%B3%D8%AA-%D9%88-%D8%AF%D8%B1%D9%85%D8%A7%D9%86-%D8%A2%D9%86" "Mozilla/5.0 (Linux; Android 8.0.0; SM-A720F Build/R16NW) AppleWebKit/537.36 (KHTML, like Gecko) Chrome/68.0.3440.91 Mobile Safari/537.36" "-"
89.199.100.90 - - [22/Jan/2019:04:13:30 +0330] "GET /static/images/guarantees/goodShopping.png HTTP/1.1" 200 6496 "https://www.zanbil.ir/m/article/616/%D8%B9%D9%84%D8%AA-%D8%AE%D9%88%D8%A7%D8%A8-%D8%B1%D9%81%D8%AA%D9%86%D8%8C%DA%AF%D8%B2%DA%AF%D8%B2%D8%8C%D8%A8%DB%8C-%D8%AD%D8%B3%DB%8C-%D9%88-%D9%85%D9%88%D8%B1-%D9%85%D9%88%D8%B1-%D8%B4%D8%AF%D9%86-%D8%A7%D9%86%DA%AF%D8%B4%D8%AA%D8%A7%D9%86-%D8%AF%D8%B3%D8%AA-%D9%88-%D8%AF%D8%B1%D9%85%D8%A7%D9%86-%D8%A2%D9%86" "Mozilla/5.0 (Linux; Android 8.0.0; SM-A720F Build/R16NW) AppleWebKit/537.36 (KHTML, like Gecko) Chrome/68.0.3440.91 Mobile Safari/537.36" "-"
89.199.100.90 - - [22/Jan/2019:04:13:30 +0330] "GET /static/css/font/wyekan/font.woff HTTP/1.1" 200 28536 "https://www.zanbil.ir/m/article/616/%D8%B9%D9%84%D8%AA-%D8%AE%D9%88%D8%A7%D8%A8-%D8%B1%D9%81%D8%AA%D9%86%D8%8C%DA%AF%D8%B2%DA%AF%D8%B2%D8%8C%D8%A8%DB%8C-%D8%AD%D8%B3%DB%8C-%D9%88-%D9%85%D9%88%D8%B1-%D9%85%D9%88%D8%B1-%D8%B4%D8%AF%D9%86-%D8%A7%D9%86%DA%AF%D8%B4%D8%AA%D8%A7%D9%86-%D8%AF%D8%B3%D8%AA-%D9%88-%D8%AF%D8%B1%D9%85%D8%A7%D9%86-%D8%A2%D9%86" "Mozilla/5.0 (Linux; Android 8.0.0; SM-A720F Build/R16NW) AppleWebKit/537.36 (KHTML, like Gecko) Chrome/68.0.3440.91 Mobile Safari/537.36" "-"
89.199.100.90 - - [22/Jan/2019:04:13:30 +0330] "GET /settings/logo HTTP/1.1" 200 4120 "https://www.zanbil.ir/m/article/616/%D8%B9%D9%84%D8%AA-%D8%AE%D9%88%D8%A7%D8%A8-%D8%B1%D9%81%D8%AA%D9%86%D8%8C%DA%AF%D8%B2%DA%AF%D8%B2%D8%8C%D8%A8%DB%8C-%D8%AD%D8%B3%DB%8C-%D9%88-%D9%85%D9%88%D8%B1-%D9%85%D9%88%D8%B1-%D8%B4%D8%AF%D9%86-%D8%A7%D9%86%DA%AF%D8%B4%D8%AA%D8%A7%D9%86-%D8%AF%D8%B3%D8%AA-%D9%88-%D8%AF%D8%B1%D9%85%D8%A7%D9%86-%D8%A2%D9%86" "Mozilla/5.0 (Linux; Android 8.0.0; SM-A720F Build/R16NW) AppleWebKit/537.36 (KHTML, like Gecko) Chrome/68.0.3440.91 Mobile Safari/537.36" "-"
89.199.100.90 - - [22/Jan/2019:04:13:30 +0330] "GET /image/get?path=/Image/ofa4bc2n.jpg HTTP/1.1" 200 19561 "https://www.zanbil.ir/m/article/616/%D8%B9%D9%84%D8%AA-%D8%AE%D9%88%D8%A7%D8%A8-%D8%B1%D9%81%D8%AA%D9%86%D8%8C%DA%AF%D8%B2%DA%AF%D8%B2%D8%8C%D8%A8%DB%8C-%D8%AD%D8%B3%DB%8C-%D9%88-%D9%85%D9%88%D8%B1-%D9%85%D9%88%D8%B1-%D8%B4%D8%AF%D9%86-%D8%A7%D9%86%DA%AF%D8%B4%D8%AA%D8%A7%D9%86-%D8%AF%D8%B3%D8%AA-%D9%88-%D8%AF%D8%B1%D9%85%D8%A7%D9%86-%D8%A2%D9%86" "Mozilla/5.0 (Linux; Android 8.0.0; SM-A720F Build/R16NW) AppleWebKit/537.36 (KHTML, like Gecko) Chrome/68.0.3440.91 Mobile Safari/537.36" "-"
207.46.13.136 - - [22/Jan/2019:04:13:31 +0330] "GET /filter?f=p4%2Cb32 HTTP/1.1" 200 30627 "-" "Mozilla/5.0 (compatible; bingbot/2.0; +http://www.bing.com/bingbot.htm)" "-"
89.199.100.90 - - [22/Jan/2019:04:13:31 +0330] "GET /amp-helper-frame.html?appId=a624a1c1-0c93-466a-a546-e146710f97e6&parentOrigin=https://www.zanbil.ir HTTP/1.1" 200 133 "https://www.zanbil.ir/m/article/616/%D8%B9%D9%84%D8%AA-%D8%AE%D9%88%D8%A7%D8%A8-%D8%B1%D9%81%D8%AA%D9%86%D8%8C%DA%AF%D8%B2%DA%AF%D8%B2%D8%8C%D8%A8%DB%8C-%D8%AD%D8%B3%DB%8C-%D9%88-%D9%85%D9%88%D8%B1-%D9%85%D9%88%D8%B1-%D8%B4%D8%AF%D9%86-%D8%A7%D9%86%DA%AF%D8%B4%D8%AA%D8%A7%D9%86-%D8%AF%D8%B3%D8%AA-%D9%88-%D8%AF%D8%B1%D9%85%D8%A7%D9%86-%D8%A2%D9%86" "Mozilla/5.0 (Linux; Android 8.0.0; SM-A720F Build/R16NW) AppleWebKit/537.36 (KHTML, like Gecko) Chrome/68.0.3440.91 Mobile Safari/537.36" "-"
66.249.66.194 - - [22/Jan/2019:04:13:31 +0330] "GET /m/filter/b105,b113,b118,b126,b135,b136,b151,b152,b168,b192,b194,b203,b213,b215,b216,b217,b218,b22,b221,b226,b249,b258,b32,b35,b400,b41,b435,b442,b454,b482,b523,b542,b548,b574,b597,b598,b6,b645,b648,b656,b67,b679,b703,b723,b724,b74,b820,b854,b88,b880,b95,b99,stexists HTTP/1.1" 200 26958 "-" "Mozilla/5.0 (Linux; Android 6.0.1; Nexus 5X Build/MMB29P) AppleWebKit/537.36 (KHTML, like Gecko) Chrome/41.0.2272.96 Mobile Safari/537.36 (compatible; Googlebot/2.1; +http://www.google.com/bot.html)" "-"
130.185.74.243 - - [22/Jan/2019:04:13:31 +0330] "GET /filter/stexists,p56,b33?page=1 HTTP/1.1" 200 30184 "-" "Mozilla/5.0 (Windows NT 6.1; rv:42.0) Gecko/20100101 Firefox/42.0" "-"
5.117.242.204 - - [22/Jan/2019:04:13:31 +0330] "GET /basket/checkout HTTP/1.1" 200 18037 "https://www.zanbil.ir/basket/view" "Mozilla/5.0 (Linux; Android 7.0; Lenovo TB-7304N) AppleWebKit/537.36 (KHTML, like Gecko) Chrome/71.0.3578.99 Safari/537.36" "-"
66.249.66.194 - - [22/Jan/2019:04:13:31 +0330] "GET /filter/p5767%2Cb400%2C4738%7C%D8%AF%D8%A7%D8%B1%D8%AF%2Ct155%2Cb183 HTTP/1.1" 200 32396 "-" "Mozilla/5.0 (compatible; Googlebot/2.1; +http://www.google.com/bot.html)" "-"
89.199.100.90 - - [22/Jan/2019:04:13:32 +0330] "GET /favicon.ico HTTP/1.1" 200 0 "https://www.zanbil.ir/m/article/616/%D8%B9%D9%84%D8%AA-%D8%AE%D9%88%D8%A7%D8%A8-%D8%B1%D9%81%D8%AA%D9%86%D8%8C%DA%AF%D8%B2%DA%AF%D8%B2%D8%8C%D8%A8%DB%8C-%D8%AD%D8%B3%DB%8C-%D9%88-%D9%85%D9%88%D8%B1-%D9%85%D9%88%D8%B1-%D8%B4%D8%AF%D9%86-%D8%A7%D9%86%DA%AF%D8%B4%D8%AA%D8%A7%D9%86-%D8%AF%D8%B3%D8%AA-%D9%88-%D8%AF%D8%B1%D9%85%D8%A7%D9%86-%D8%A2%D9%86" "Mozilla/5.0 (Linux; Android 8.0.0; SM-A720F Build/R16NW) AppleWebKit/537.36 (KHTML, like Gecko) Chrome/68.0.3440.91 Mobile Safari/537.36" "-"
130.185.74.243 - - [22/Jan/2019:04:13:32 +0330] "GET /filter/stexists,p56,b33?page=2 HTTP/1.1" 200 30184 "-" "Mozilla/5.0 (Windows NT 6.1; rv:42.0) Gecko/20100101 Firefox/42.0" "-"
5.117.242.204 - - [22/Jan/2019:04:13:33 +0330] "GET /settings/logo HTTP/1.1" 200 4120 "https://www.zanbil.ir/basket/checkout" "Mozilla/5.0 (Linux; Android 7.0; Lenovo TB-7304N) AppleWebKit/537.36 (KHTML, like Gecko) Chrome/71.0.3578.99 Safari/537.36" "-"
207.46.13.136 - - [22/Jan/2019:04:13:34 +0330] "GET /filter/b1,b103,b105,b109,b111,b144,b186,b204,b232,b237,b256,b431,b439,b447,b46,b52,b570,b603,b618,b647,b77 HTTP/1.1" 200 38126 "-" "Mozilla/5.0 (compatible; bingbot/2.0; +http://www.bing.com/bingbot.htm)" "-"
66.249.66.91 - - [22/Jan/2019:04:13:34 +0330] "GET /filter/b36%2Cb41%2Cb598%2Cb168%2Cb103%2Cb614%2Cb88%2Cb19%2Cb194%2Cb35%2Cb321%2Cb5%2Cb261%2Cb442%2Cb484%2Cb723%2Cb573%2Cb192%2Cb724%2Cb435%2Cb183%2Cb542%2Cb63%2Cb497%2Cb619%2Cb613%2Cb126%2Cb74%2Cb441%2Cb568%2Cb880%2Cb647%2Cb185%2Cb584%2Cb224%2Cb213%2Cb3%2Cb570%2Cb198%2Cb238%2Cb485%2Cb574%2Cb186%2Cb548%2Cstexists%2Cb215%2Cb904%2Cb615%2Cb603%2Cb203%2Cb43%2Cb152%2Cb95%2Cb147%2Cb143%2Cb656%2Cb2%2Cb308%2Cb80%2Cb22%2Cb883%2Cb523%2Cb903%2Cb258?page=7 HTTP/1.1" 200 40923 "-" "Mozilla/5.0 (compatible; Googlebot/2.1; +http://www.google.com/bot.html)" "-"
207.46.13.136 - - [22/Jan/2019:04:13:34 +0330] "GET /filter/b1,b103,b105,b109,b111,b113,b135,b144,b176,b186,b261,b291,b52,b548,b598,b77,b778,b820,b83 HTTP/1.1" 200 37648 "-" "Mozilla/5.0 (compatible; bingbot/2.0; +http://www.bing.com/bingbot.htm)" "-"
207.46.13.136 - - [22/Jan/2019:04:13:34 +0330] "GET /filter/p1%2Cp2%2Cb36%2Cp6%2Cb8%2Ct4%2Cb42 HTTP/1.1" 200 35133 "-" "Mozilla/5.0 (compatible; bingbot/2.0; +http://www.bing.com/bingbot.htm)" "-"
66.249.66.91 - - [22/Jan/2019:04:13:35 +0330] "GET /image/57526/productModel/150x150 HTTP/1.1" 200 5069 "-" "Googlebot-Image/1.0" "-"
66.249.66.194 - - [22/Jan/2019:04:13:35 +0330] "GET /m/filter?f=b213%2Cstcoming-soon%2Cb103&o=b HTTP/1.1" 302 0 "-" "Mozilla/5.0 (compatible; Googlebot/2.1; +http://www.google.com/bot.html)" "-"
207.46.13.136 - - [22/Jan/2019:04:13:35 +0330] "GET /product/29588/%D8%AA%D8%B4%DA%A9-%DB%8C%DA%A9-%D9%86%D9%81%D8%B1%D9%87-%D8%AE%D9%88%D8%B4%D8%AE%D9%88%D8%A7%D8%A8-%D9%85%D8%AF%D9%84-%D8%B7%D8%A8%DB%8C-%D9%81%D9%86%D8%B1%DB%8C-%D8%B3%D8%A7%DB%8C%D8%B2-120*200 HTTP/1.1" 200 42868 "-" "Mozilla/5.0 (compatible; bingbot/2.0; +http://www.bing.com/bingbot.htm)" "-"
66.249.66.194 - - [22/Jan/2019:04:13:35 +0330] "GET /filter/b213%2Cstcoming-soon%2Cb103?o=b HTTP/1.1" 302 0 "-" "Mozilla/5.0 (compatible; Googlebot/2.1; +http://www.google.com/bot.html)" "-"
204.18.36.198 - - [22/Jan/2019:04:13:36 +0330] "GET /image/31743?name=sxb535ns-22.jpg&wh=200x200 HTTP/1.1" 200 3965 "-" "Dalvik/2.1.0 (Linux; U; Android 7.0; HUAWEI VNS-L21 Build/HUAWEIVNS-L21)" "-"
130.185.74.243 - - [22/Jan/2019:04:13:36 +0330] "GET /filter/stexists,p56,b261 HTTP/1.1" 200 31167 "-" "Mozilla/5.0 (Windows NT 6.1; rv:42.0) Gecko/20100101 Firefox/42.0" "-"
17.58.102.43 - - [22/Jan/2019:04:13:36 +0330] "GET /filter?f=b211%2Cb502%2Cb460%2Cb487%2Cb586%2Cb6%2Cb513%2Cb95%2Cb353%2Cb405%2Cb266%2Cb614&o=b HTTP/1.1" 302 0 "-" "Mozilla/5.0 (Macintosh; Intel Mac OS X 10_10_1) AppleWebKit/600.2.5 (KHTML, like Gecko) Version/8.0.2 Safari/600.2.5 (Applebot/0.1; +http://www.apple.com/go/applebot)" "-"
130.185.74.243 - - [22/Jan/2019:04:13:37 +0330] "GET /filter/stexists,p56,b261?page=1 HTTP/1.1" 200 31184 "-" "Mozilla/5.0 (Windows NT 6.1; rv:42.0) Gecko/20100101 Firefox/42.0" "-"
207.46.13.136 - - [22/Jan/2019:04:13:37 +0330] "GET /filter/b1,b103,b105,b109,b111,b118,b144,b186,b261,b291,b52,b543,b696,b723,b77,b83,b95 HTTP/1.1" 200 38826 "-" "Mozilla/5.0 (compatible; bingbot/2.0; +http://www.bing.com/bingbot.htm)" "-"
66.249.66.91 - - [22/Jan/2019:04:13:37 +0330] "GET /filter/b481%2Cb226%2Cb570%2Cb80%2Cb270%2Cb903%2Cb883%2Cb152%2Cb249%2Cb20%2Cb701%2Cb723%2Cb42%2Cb198%2Cb35%2Cb183%2Cb219%2Cb308%2Cb523%2Cb900%2Cb188%2Cb703%2Cb890%2Cb236%2Cb74%2Cb400%2Cb209%2Cb19%2Cb454%2Cb651%2Cb202%2Cb4%2Cb22%2Cb238%2Cb6%2Cb596%2Cb143%2Cb877%2Cb485%2Cb221%2Cb194%2Cb136%2Cb647%2Cb497%2Cb546%2Cb105%2Cb185%2Cb568%2Cb151%2Cb88%2Cb43%2Cb597%2Cb103%2Cb613%2Cb880%2Cb212%2Cb861%2Cb148%2Cb135%2Cb186%2Cb778%2Cb113%2Cb99%2Cb584%2Cb724%2Cb224?page=173 HTTP/1.1" 200 40928 "-" "Mozilla/5.0 (compatible; Googlebot/2.1; +http://www.google.com/bot.html)" "-"
17.58.102.43 - - [22/Jan/2019:04:13:38 +0330] "GET /filter/b211%2Cb502%2Cb460%2Cb487%2Cb586%2Cb6%2Cb513%2Cb95%2Cb353%2Cb405%2Cb266%2Cb614 HTTP/1.1" 200 38027 "-" "Mozilla/5.0 (Macintosh; Intel Mac OS X 10_10_1) AppleWebKit/600.2.5 (KHTML, like Gecko) Version/8.0.2 Safari/600.2.5 (Applebot/0.1; +http://www.apple.com/go/applebot)" "-"
130.185.74.243 - - [22/Jan/2019:04:13:38 +0330] "GET /filter/stexists,p56,b261?page=2 HTTP/1.1" 200 31184 "-" "Mozilla/5.0 (Windows NT 6.1; rv:42.0) Gecko/20100101 Firefox/42.0" "-"
66.249.66.91 - - [22/Jan/2019:04:13:38 +0330] "GET /filter/b481%2Cb226%2Cb570%2Cb80%2Cb270%2Cb903%2Cb883%2Cb152%2Cb249%2Cb20%2Cb701%2Cb723%2Cb42%2Cb198%2Cb35%2Cb183%2Cb219%2Cb308%2Cb523%2Cb900%2Cb188%2Cb703%2Cb890%2Cb236%2Cb74%2Cb400%2Cb209%2Cb19%2Cb454%2Cb651%2Cb202%2Cb4%2Cb22%2Cb238%2Cb6%2Cb596%2Cb143%2Cb877%2Cb485%2Cb221%2Cb194%2Cb136%2Cb647%2Cb497%2Cb546%2Cb105%2Cb185%2Cb568%2Cb151%2Cb88%2Cb43%2Cb597%2Cb103%2Cb613%2Cb880%2Cb212%2Cb861%2Cb148%2Cb135%2Cb186%2Cb778%2Cb113%2Cb99%2Cb584%2Cb724%2Cb224?page=178 HTTP/1.1" 200 41120 "-" "Mozilla/5.0 (compatible; Googlebot/2.1; +http://www.google.com/bot.html)" "-"
130.185.74.243 - - [22/Jan/2019:04:13:38 +0330] "GET /filter/stexists,p572,b261 HTTP/1.1" 200 29503 "-" "Mozilla/5.0 (Windows NT 6.1; rv:42.0) Gecko/20100101 Firefox/42.0" "-"
130.185.74.243 - - [22/Jan/2019:04:13:39 +0330] "GET /filter/stexists,p572,b261?page=1 HTTP/1.1" 200 29522 "-" "Mozilla/5.0 (Windows NT 6.1; rv:42.0) Gecko/20100101 Firefox/42.0" "-"
66.249.66.194 - - [22/Jan/2019:04:13:39 +0330] "GET /filter/b213%2Cstcoming-soon%2Cb103 HTTP/1.1" 200 32991 "-" "Mozilla/5.0 (compatible; Googlebot/2.1; +http://www.google.com/bot.html)" "-"
66.249.66.194 - - [22/Jan/2019:04:13:40 +0330] "GET /m/filter/b610%2Cb1 HTTP/1.1" 302 0 "-" "Mozilla/5.0 (compatible; Googlebot/2.1; +http://www.google.com/bot.html)" "-"
172.20.2.174 - - [22/Jan/2019:04:13:40 +0330] "GET /site/ping HTTP/1.1" 200 4 "-" "-" "-"
207.46.13.136 - - [22/Jan/2019:04:13:40 +0330] "GET /filter/b1%2Cb36%2Cb169%2Cb131%2Cb494%2Cb198 HTTP/1.1" 200 36969 "-" "Mozilla/5.0 (compatible; bingbot/2.0; +http://www.bing.com/bingbot.htm)" "-"
130.185.74.243 - - [22/Jan/2019:04:13:40 +0330] "GET /filter/stexists,p572,b261?page=2 HTTP/1.1" 200 29522 "-" "Mozilla/5.0 (Windows NT 6.1; rv:42.0) Gecko/20100101 Firefox/42.0" "-"
207.46.13.136 - - [22/Jan/2019:04:13:41 +0330] "GET /filter/b1,b136,b36,b50,b542,p1 HTTP/1.1" 200 37789 "-" "Mozilla/5.0 (compatible; bingbot/2.0; +http://www.bing.com/bingbot.htm)" "-"
66.249.66.194 - - [22/Jan/2019:04:13:42 +0330] "GET /filter/b610%2Cb1 HTTP/1.1" 200 37349 "-" "Mozilla/5.0 (compatible; Googlebot/2.1; +http://www.google.com/bot.html)" "-"
130.185.74.243 - - [22/Jan/2019:04:13:42 +0330] "GET /filter/stexists,p56,b105 HTTP/1.1" 200 32605 "-" "Mozilla/5.0 (Windows NT 6.1; rv:42.0) Gecko/20100101 Firefox/42.0" "-"
66.249.66.194 - - [22/Jan/2019:04:13:43 +0330] "GET /m/filter/b103,b126,b135,b143,b147,b152,b168,b183,b185,b186,b19,b192,b194,b198,b2,b203,b213,b215,b22,b224,b238,b258,b261,b3,b308,b321,b35,b36,b41,b43,b435,b441,b442,b484,b485,b497,b5,b523,b542,b548,b568,b570,b573,b574,b584,b598,b603,b613,b614,b615,b619,b63,b647,b656,b723,b724,b74,b80,b88,b880,b883,b903,b904,b95,stexists HTTP/1.1" 200 27829 "-" "Mozilla/5.0 (Linux; Android 6.0.1; Nexus 5X Build/MMB29P) AppleWebKit/537.36 (KHTML, like Gecko) Chrome/41.0.2272.96 Mobile Safari/537.36 (compatible; Googlebot/2.1; +http://www.google.com/bot.html)" "-"
130.185.74.243 - - [22/Jan/2019:04:13:44 +0330] "GET /filter/stexists,p56,b105?page=1 HTTP/1.1" 200 30166 "-" "Mozilla/5.0 (Windows NT 6.1; rv:42.0) Gecko/20100101 Firefox/42.0" "-"
66.249.66.91 - - [22/Jan/2019:04:13:46 +0330] "GET /filter/b874%2Cb32%2Cb63%2Cb99%2Cb126%2Cb820%2Cb249%2Cb3%2Cb148%2Cb724%2Cb613%2Cb183%2Cb213%2Cb484%2Cb224%2Cb734%2Cb20%2Cb95%2Cb542%2Cb212%2Cb485%2Cb523%2Cb221%2Cb118%2Cb186%2Cb67%2Cp6213?page=7 HTTP/1.1" 200 37518 "-" "Mozilla/5.0 (compatible; Googlebot/2.1; +http://www.google.com/bot.html)" "-"
66.249.66.91 - - [22/Jan/2019:04:13:46 +0330] "GET /filter/b481%2Cb874%2Cb226%2Cb570%2Cb598%2Cstexists%2Cb880%2Cb270%2Cb903%2Cb883%2Cb99%2Cb261%2Cb249%2Cb701%2Cb42%2Cb879%2Cb198%2Cb548%2Cb183%2Cb88%2Cb308%2Cb103%2Cb126%2Cb523%2Cb900%2Cb192%2Cb188%2Cb703%2Cb890%2Cb148%2Cb236%2Cb256%2Cb454%2Cb651%2Cb41%2Cb202%2Cb647%2Cb4%2Cb613%2Cb6%2Cb221%2Cb36%2Cb614%2Cb3%2Cb216%2Cb218%2Cb43%2Cb136%2Cb573%2Cb185%2Cb32%2Cb441%2Cb484%2Cb143%2Cb63?page=79 HTTP/1.1" 200 41428 "-" "Mozilla/5.0 (compatible; Googlebot/2.1; +http://www.google.com/bot.html)" "-"
130.185.74.243 - - [22/Jan/2019:04:13:46 +0330] "GET /filter/stexists,p56,b105?page=2 HTTP/1.1" 200 30166 "-" "Mozilla/5.0 (Windows NT 6.1; rv:42.0) Gecko/20100101 Firefox/42.0" "-"
66.249.66.91 - - [22/Jan/2019:04:13:47 +0330] "GET /image/63868/productModel/100x100 HTTP/1.1" 200 2425 "-" "Googlebot-Image/1.0" "-"
66.249.66.194 - - [22/Jan/2019:04:13:47 +0330] "GET /product/10179/14111/%D8%AC%DA%A9%D9%88%D8%B2%DB%8C-%D9%BE%D8%A7-%D8%A8%DB%8C%D9%88%D8%B1%D8%B1-%D9%85%D8%AF%D9%84-FB50 HTTP/1.1" 302 0 "-" "Mozilla/5.0 (Linux; Android 6.0.1; Nexus 5X Build/MMB29P) AppleWebKit/537.36 (KHTML, like Gecko) Chrome/41.0.2272.96 Mobile Safari/537.36 (compatible; Googlebot/2.1; +http://www.google.com/bot.html)" "-"
66.249.66.91 - - [22/Jan/2019:04:13:47 +0330] "GET /filter/b656%2Cb703%2Cb32%2Cb67%2Cb226%2Cb41%2Cb598%2Cb168%2Cb723%2Cb597%2Cb88%2Cb548%2Cb6%2Cb679%2Cb215%2Cb105%2Cb194%2Cb74%2Cb542%2Cb35%2Cb113%2Cb820%2Cb574%2Cb442%2Cb880%2Cb645%2Cb724%2Cb118%2Cb482%2Cb400%2Cb95%2Cb135%2Cb249%2Cb435%2Cb221%2Cb523%2Cb854%2Cb126%2Cstexists%2Cb216%2Cb217%2Cb152%2Cb99%2Cb192%2Cb213%2Cb136%2Cb218%2Cb648%2Cb454%2Cb258%2Cb151%2Cb186?page=5 HTTP/1.1" 200 41212 "-" "Mozilla/5.0 (compatible; Googlebot/2.1; +http://www.google.com/bot.html)" "-"
54.36.148.114 - - [22/Jan/2019:04:13:48 +0330] "GET /filter/b103,b126,p46 HTTP/1.1" 200 34884 "-" "Mozilla/5.0 (compatible; AhrefsBot/6.1; +http://ahrefs.com/robot/)" "-"
130.185.74.243 - - [22/Jan/2019:04:13:48 +0330] "GET /filter/stexists,p572,b105 HTTP/1.1" 200 28452 "-" "Mozilla/5.0 (Windows NT 6.1; rv:42.0) Gecko/20100101 Firefox/42.0" "-"
66.249.66.194 - - [22/Jan/2019:04:13:48 +0330] "GET /m/product/10179/14111/%D8%AC%DA%A9%D9%88%D8%B2%DB%8C-%D9%BE%D8%A7-%D8%A8%DB%8C%D9%88%D8%B1%D8%B1-%D9%85%D8%AF%D9%84-FB50 HTTP/1.1" 200 20515 "-" "Mozilla/5.0 (Linux; Android 6.0.1; Nexus 5X Build/MMB29P) AppleWebKit/537.36 (KHTML, like Gecko) Chrome/41.0.2272.96 Mobile Safari/537.36 (compatible; Googlebot/2.1; +http://www.google.com/bot.html)" "-"
207.46.13.136 - - [22/Jan/2019:04:13:49 +0330] "GET /filter/b1,b103,b105,b109,b111,b113,b135,b144,b176,b186,b198,b221,b226,b261,b291,b481,b52,b598,b615,b724,b77,b83 HTTP/1.1" 200 39210 "-" "Mozilla/5.0 (compatible; bingbot/2.0; +http://www.bing.com/bingbot.htm)" "-"
66.249.66.91 - - [22/Jan/2019:04:13:49 +0330] "GET /image/13420?name=img_8380.jpg&wh=200x200 HTTP/1.1" 200 8504 "-" "Googlebot-Image/1.0" "-"
5.160.157.20 - - [22/Jan/2019:04:13:49 +0330] "GET /browse/child-food-preparation HTTP/1.1" 301 178 "-" "Mozilla/5.0 (Windows NT 5.1; rv:8.0) Gecko/20100101 Firefox/8.0" "-"
31.2.233.112 - - [22/Jan/2019:04:13:49 +0330] "GET / HTTP/1.1" 302 0 "-" "Mozilla/5.0 (Linux; Android 6.0.1; SM-J500F Build/MMB29M) AppleWebKit/537.36 (KHTML, like Gecko) Chrome/55.0.2883.91 Mobile Safari/537.36" "-"
5.160.157.20 - - [22/Jan/2019:04:13:49 +0330] "GET /filter?page=1&f=p12045 HTTP/1.1" 301 178 "-" "Mozilla/5.0 (Windows NT 5.1; rv:8.0) Gecko/20100101 Firefox/8.0" "-"
130.185.74.243 - - [22/Jan/2019:04:13:49 +0330] "GET /filter/stexists,p572,b105?page=1 HTTP/1.1" 200 29522 "-" "Mozilla/5.0 (Windows NT 6.1; rv:42.0) Gecko/20100101 Firefox/42.0" "-"
31.2.233.112 - - [22/Jan/2019:04:13:50 +0330] "GET /m HTTP/1.1" 200 17148 "-" "Mozilla/5.0 (Linux; Android 6.0.1; SM-J500F Build/MMB29M) AppleWebKit/537.36 (KHTML, like Gecko) Chrome/55.0.2883.91 Mobile Safari/537.36" "-"
66.249.66.194 - - [22/Jan/2019:04:13:50 +0330] "GET /m/filter?f=p18%2Cb145%2Cc329%7C%D8%B1%D9%86%D8%AF%D9%87%2Cc329%7C%D8%A2%D8%A8+%D9%85%D8%B1%DA%A9%D8%A8%D8%A7%D8%AA+%DA%AF%DB%8C%D8%B1%DB%8C%2Cb36&o=b HTTP/1.1" 302 0 "-" "Mozilla/5.0 (compatible; Googlebot/2.1; +http://www.google.com/bot.html)" "-"
130.185.74.243 - - [22/Jan/2019:04:13:50 +0330] "GET /filter/stexists,p572,b105?page=2 HTTP/1.1" 200 29522 "-" "Mozilla/5.0 (Windows NT 6.1; rv:42.0) Gecko/20100101 Firefox/42.0" "-"
66.249.66.194 - - [22/Jan/2019:04:13:50 +0330] "GET /filter/p18%2Cb145%2Cc329%7C%D8%B1%D9%86%D8%AF%D9%87%2Cc329%7C%D8%A2%D8%A8%20%D9%85%D8%B1%DA%A9%D8%A8%D8%A7%D8%AA%20%DA%AF%DB%8C%D8%B1%DB%8C%2Cb36?o=b HTTP/1.1" 302 0 "-" "Mozilla/5.0 (compatible; Googlebot/2.1; +http://www.google.com/bot.html)" "-"
51.15.15.54 - - [22/Jan/2019:04:13:51 +0330] "GET /blog/medicine-and-health/orthopedics/knee-support/ HTTP/1.1" 200 20632 "-" "Barkrowler/0.9 (+http://www.exensa.com/crawl)" "-"
31.2.233.112 - - [22/Jan/2019:04:13:51 +0330] "GET /static/css/font/wyekan/font.woff HTTP/1.1" 200 28536 "https://www.zanbil.ir/m" "Mozilla/5.0 (Linux; Android 6.0.1; SM-J500F Build/MMB29M) AppleWebKit/537.36 (KHTML, like Gecko) Chrome/55.0.2883.91 Mobile Safari/537.36" "-"
31.2.233.112 - - [22/Jan/2019:04:13:51 +0330] "GET /static/images/guarantees/goodShopping.png HTTP/1.1" 200 6496 "https://www.zanbil.ir/m" "Mozilla/5.0 (Linux; Android 6.0.1; SM-J500F Build/MMB29M) AppleWebKit/537.36 (KHTML, like Gecko) Chrome/55.0.2883.91 Mobile Safari/537.36" "-"
31.2.233.112 - - [22/Jan/2019:04:13:51 +0330] "GET /static/images/guarantees/warranty.png HTTP/1.1" 200 5807 "https://www.zanbil.ir/m" "Mozilla/5.0 (Linux; Android 6.0.1; SM-J500F Build/MMB29M) AppleWebKit/537.36 (KHTML, like Gecko) Chrome/55.0.2883.91 Mobile Safari/537.36" "-"
31.2.233.112 - - [22/Jan/2019:04:13:51 +0330] "GET /static/images/guarantees/bestPrice.png HTTP/1.1" 200 7356 "https://www.zanbil.ir/m" "Mozilla/5.0 (Linux; Android 6.0.1; SM-J500F Build/MMB29M) AppleWebKit/537.36 (KHTML, like Gecko) Chrome/55.0.2883.91 Mobile Safari/537.36" "-"
31.2.233.112 - - [22/Jan/2019:04:13:51 +0330] "GET /static/images/guarantees/support.png HTTP/1.1" 200 6454 "https://www.zanbil.ir/m" "Mozilla/5.0 (Linux; Android 6.0.1; SM-J500F Build/MMB29M) AppleWebKit/537.36 (KHTML, like Gecko) Chrome/55.0.2883.91 Mobile Safari/537.36" "-"
31.2.233.112 - - [22/Jan/2019:04:13:51 +0330] "GET /static/images/guarantees/fastDelivery.png HTTP/1.1" 200 7713 "https://www.zanbil.ir/m" "Mozilla/5.0 (Linux; Android 6.0.1; SM-J500F Build/MMB29M) AppleWebKit/537.36 (KHTML, like Gecko) Chrome/55.0.2883.91 Mobile Safari/537.36" "-"
66.249.66.91 - - [22/Jan/2019:04:13:51 +0330] "GET /filter/b481%2Cb874%2Cb226%2Cb570%2Cb598%2Cstexists%2Cb880%2Cb270%2Cb903%2Cb883%2Cb99%2Cb261%2Cb249%2Cb701%2Cb42%2Cb879%2Cb198%2Cb548%2Cb183%2Cb88%2Cb308%2Cb103%2Cb126%2Cb523%2Cb900%2Cb192%2Cb188%2Cb703%2Cb890%2Cb148%2Cb236%2Cb256%2Cb454%2Cb651%2Cb41%2Cb202%2Cb647%2Cb4%2Cb613%2Cb6%2Cb221%2Cb36%2Cb614%2Cb3%2Cb216%2Cb218%2Cb43%2Cb136%2Cb573%2Cb185%2Cb32%2Cb441%2Cb484%2Cb143%2Cb63?page=78 HTTP/1.1" 200 40421 "-" "Mozilla/5.0 (compatible; Googlebot/2.1; +http://www.google.com/bot.html)" "-"
66.249.66.194 - - [22/Jan/2019:04:13:51 +0330] "GET /product/32620/%D8%A8%D8%AE%D8%A7%D8%B1%D8%B4%D9%88%DB%8C-%D9%85%D8%B9%D9%85%D9%88%D9%84%DB%8C-%DA%A9%D8%A7%D8%B1%D8%B4%D8%B1-%D9%85%D8%AF%D9%84-SV-7 HTTP/1.1" 200 41268 "-" "Mozilla/5.0 (compatible; Googlebot/2.1; +http://www.google.com/bot.html)" "-"
207.46.13.136 - - [22/Jan/2019:04:13:51 +0330] "GET /filter/b144,b42,p2 HTTP/1.1" 200 36101 "-" "Mozilla/5.0 (compatible; bingbot/2.0; +http://www.bing.com/bingbot.htm)" "-"
54.36.148.151 - - [22/Jan/2019:04:13:52 +0330] "GET /filter/p5623,v1|%D8%B3%D9%81%DB%8C%D8%AF%20%D8%B5%D8%AF%D9%81%DB%8C,v1|%D8%B3%D9%81%DB%8C%D8%AF%20%D9%85%D8%B4%DA%A9%DB%8C,v1|%D9%85%D8%B4%DA%A9%DB%8C%20%D8%B7%D9%84%D8%A7%DB%8C%DB%8C HTTP/1.1" 200 33605 "-" "Mozilla/5.0 (compatible; AhrefsBot/6.1; +http://ahrefs.com/robot/)" "-"
130.185.74.243 - - [22/Jan/2019:04:13:52 +0330] "GET /filter/stexists,p56,b180,b43,b185,b173,b145 HTTP/1.1" 200 30276 "-" "Mozilla/5.0 (Windows NT 6.1; rv:42.0) Gecko/20100101 Firefox/42.0" "-"
31.2.233.112 - - [22/Jan/2019:04:13:53 +0330] "GET /settings/logo HTTP/1.1" 200 4120 "https://www.zanbil.ir/m" "Mozilla/5.0 (Linux; Android 6.0.1; SM-J500F Build/MMB29M) AppleWebKit/537.36 (KHTML, like Gecko) Chrome/55.0.2883.91 Mobile Safari/537.36" "-"
