54.36.148.169 - - [22/Jan/2019:04:11:36 +0330] "GET /filter/1483|%D8%B3%D9%84%D9%88%D9%84%D8%B2%DB%8C,p40,t76 HTTP/1.1" 200 30427 "-" "Mozilla/5.0 (compatible; AhrefsBot/6.1; +http://ahrefs.com/robot/)" "-"
31.184.130.52 - - [22/Jan/2019:04:11:36 +0330] "GET /product/34443 HTTP/1.1" 404 33628 "-" "Mozilla/5.0 (Windows NT 6.1; WOW64) AppleWebKit/537.36 (KHTML, like Gecko) Chrome/43.0.2357.124 Safari/537.36" "-"
130.185.74.243 - - [22/Jan/2019:04:11:37 +0330] "GET /filter/stexists,p29,b50 HTTP/1.1" 200 30466 "-" "Mozilla/5.0 (Windows NT 6.1; rv:42.0) Gecko/20100101 Firefox/42.0" "-"
130.185.74.243 - - [22/Jan/2019:04:11:38 +0330] "GET /filter/stexists,p29,b50?page=1 HTTP/1.1" 200 30482 "-" "Mozilla/5.0 (Windows NT 6.1; rv:42.0) Gecko/20100101 Firefox/42.0" "-"
66.249.66.91 - - [22/Jan/2019:04:11:38 +0330] "GET /filter/p30%2Cb261%2Cb103%2Cp32 HTTP/1.1" 200 32678 "-" "Mozilla/5.0 (compatible; Googlebot/2.1; +http://www.google.com/bot.html)" "-"
31.184.130.52 - - [22/Jan/2019:04:11:39 +0330] "GET /product/34444 HTTP/1.1" 404 33626 "-" "Mozilla/5.0 (Windows NT 6.1; WOW64) AppleWebKit/537.36 (KHTML, like Gecko) Chrome/43.0.2357.124 Safari/537.36" "-"
54.36.149.106 - - [22/Jan/2019:04:11:39 +0330] "GET /filter/b217%2Cp41%2Cstexists%2Ct64 HTTP/1.1" 200 29824 "-" "Mozilla/5.0 (compatible; AhrefsBot/6.1; +http://ahrefs.com/robot/)" "-"
66.249.66.91 - - [22/Jan/2019:04:11:39 +0330] "GET /filter/b656%2Cb703%2Cb32%2Cb67%2Cb226%2Cb41%2Cb598%2Cb168%2Cb723%2Cb597%2Cb88%2Cb548%2Cb6%2Cb679%2Cb215%2Cb105%2Cb194%2Cb74%2Cb542%2Cb35%2Cb113%2Cb820%2Cb574%2Cb442%2Cb880%2Cb645%2Cb724%2Cb118%2Cb482%2Cb400%2Cb95%2Cb135%2Cb249%2Cb435%2Cb221%2Cb523%2Cb854%2Cb126%2Cstexists%2Cb216%2Cb217%2Cb152%2Cb99%2Cb192%2Cb213%2Cb136%2Cb218%2Cb648%2Cb454%2Cb258%2Cb151%2Cb22%2Cb613?page=9 HTTP/1.1" 200 40295 "-" "Mozilla/5.0 (compatible; Googlebot/2.1; +http://www.google.com/bot.html)" "-"
66.249.66.91 - - [22/Jan/2019:04:11:39 +0330] "GET /filter/b656%2Cb703%2Cb32%2Cb67%2Cb226%2Cb41%2Cb598%2Cb168%2Cb723%2Cb597%2Cb88%2Cb548%2Cb6%2Cb679%2Cb215%2Cb105%2Cb194%2Cb74%2Cb542%2Cb35%2Cb113%2Cb820%2Cb574%2Cb442%2Cb880%2Cb645%2Cb724%2Cb118%2Cb482%2Cb400%2Cb95%2Cb135%2Cb249%2Cb435%2Cb523%2Cb854%2Cb126%2Cstexists%2Cb216%2Cb217%2Cb152%2Cb99%2Cb188%2Cb209%2Cb192%2Cb213%2Cb136%2Cb218%2Cb4%2Cb546%2Cb603?page=3 HTTP/1.1" 200 41068 "-" "Mozilla/5.0 (compatible; Googlebot/2.1; +http://www.google.com/bot.html)" "-"
66.249.66.194 - - [22/Jan/2019:04:11:39 +0330] "GET /m/filter?f=p10%2Cv1%7C%D8%B3%D8%A8%D8%B2+%DA%A9%D8%B1%D9%85%2Cv1%7C%D9%85%D8%B4%DA%A9%DB%8C&o=v1&productType=tea-maker HTTP/1.1" 302 0 "-" "Mozilla/5.0 (compatible; Googlebot/2.1; +http://www.google.com/bot.html)" "-"
66.249.66.194 - - [22/Jan/2019:04:11:39 +0330] "GET /filter/p10%2Cv1%7C%D8%B3%D8%A8%D8%B2%20%DA%A9%D8%B1%D9%85%2Cv1%7C%D9%85%D8%B4%DA%A9%DB%8C?o=v1&productType=tea-maker HTTP/1.1" 302 0 "-" "Mozilla/5.0 (compatible; Googlebot/2.1; +http://www.google.com/bot.html)" "-"
66.249.66.91 - - [22/Jan/2019:04:11:40 +0330] "GET /filter/b481%2Cb874%2Cb36%2Cb226%2Cb570%2Cb598%2Cb180%2Cb615%2Cb185%2Cb880%2Cb878%2Cb270%2Cb903%2Cb883%2Cb99%2Cb261%2Cb152%2Cb249%2Cb701%2Cb723%2Cb42%2Cb183%2Cb88%2Cb219%2Cb202%2Cb308%2Cb103%2Cb1%2Cb2%2Cb126%2Cb523%2Cb904%2Cb192%2Cb703%2Cb890%2Cb105%2Cb231%2Cb258%2Cb209%2Cb186%2Cb221%2Cb778%2Cb482%2Cb41%2Cb238%2Cb19%2Cb435%2Cb648%2Cb724%2Cb548%2Cb74%2Cb8%2Cb614%2Cb135%2Cb80%2Cb224%2Cb5%2Cb198%2Cb542%2Cb67%2Cb441%2Cp5506?page=212 HTTP/1.1" 200 33904 "-" "Mozilla/5.0 (compatible; Googlebot/2.1; +http://www.google.com/bot.html)" "-"
87.251.155.150 - - [22/Jan/2019:04:11:40 +0330] "GET /m HTTP/1.1" 200 17145 "https://www-zanbil-ir.cdn.ampproject.org/v/s/www.zanbil.ir/m/browse/cell-phone/%DA%AF%D9%88%D8%B4%DB%8C-%D9%85%D9%88%D8%A8%D8%A7%DB%8C%D9%84?amp_js_v=0.1&usqp=mq331AQECAEoAQ%3D%3D" "Mozilla/5.0 (Linux; Android 6.0; HTC Desire 816 dual sim Build/MRA58K) AppleWebKit/537.36 (KHTML, like Gecko) Chrome/64.0.3282.137 Mobile Safari/537.36" "-"
54.36.148.69 - - [22/Jan/2019:04:11:41 +0330] "GET /filter/b126,b131,b153,b665,p47 HTTP/1.1" 200 33849 "-" "Mozilla/5.0 (compatible; AhrefsBot/6.1; +http://ahrefs.com/robot/)" "-"
5.219.188.95 - - [22/Jan/2019:04:11:41 +0330] "GET /image/33741?name=43n5980-44.jpg&wh=200x200 HTTP/1.1" 200 5576 "-" "Dalvik/1.6.0 (Linux; U; Android 4.4.2; SM-G7102 Build/KOT49H)" "-"
87.251.155.150 - - [22/Jan/2019:04:11:41 +0330] "GET /static/images/guarantees/goodShopping.png HTTP/1.1" 200 6496 "https://www.zanbil.ir/m" "Mozilla/5.0 (Linux; Android 6.0; HTC Desire 816 dual sim Build/MRA58K) AppleWebKit/537.36 (KHTML, like Gecko) Chrome/64.0.3282.137 Mobile Safari/537.36" "-"
87.251.155.150 - - [22/Jan/2019:04:11:41 +0330] "GET /static/images/guarantees/warranty.png HTTP/1.1" 200 5807 "https://www.zanbil.ir/m" "Mozilla/5.0 (Linux; Android 6.0; HTC Desire 816 dual sim Build/MRA58K) AppleWebKit/537.36 (KHTML, like Gecko) Chrome/64.0.3282.137 Mobile Safari/537.36" "-"
87.251.155.150 - - [22/Jan/2019:04:11:41 +0330] "GET /static/images/guarantees/bestPrice.png HTTP/1.1" 200 7356 "https://www.zanbil.ir/m" "Mozilla/5.0 (Linux; Android 6.0; HTC Desire 816 dual sim Build/MRA58K) AppleWebKit/537.36 (KHTML, like Gecko) Chrome/64.0.3282.137 Mobile Safari/537.36" "-"
87.251.155.150 - - [22/Jan/2019:04:11:41 +0330] "GET /static/images/guarantees/support.png HTTP/1.1" 200 6454 "https://www.zanbil.ir/m" "Mozilla/5.0 (Linux; Android 6.0; HTC Desire 816 dual sim Build/MRA58K) AppleWebKit/537.36 (KHTML, like Gecko) Chrome/64.0.3282.137 Mobile Safari/537.36" "-"
87.251.155.150 - - [22/Jan/2019:04:11:41 +0330] "GET /static/images/guarantees/fastDelivery.png HTTP/1.1" 200 7713 "https://www.zanbil.ir/m" "Mozilla/5.0 (Linux; Android 6.0; HTC Desire 816 dual sim Build/MRA58K) AppleWebKit/537.36 (KHTML, like Gecko) Chrome/64.0.3282.137 Mobile Safari/537.36" "-"
87.251.155.150 - - [22/Jan/2019:04:11:41 +0330] "GET /static/css/font/wyekan/font.woff HTTP/1.1" 200 28536 "https://www.zanbil.ir/m" "Mozilla/5.0 (Linux; Android 6.0; HTC Desire 816 dual sim Build/MRA58K) AppleWebKit/537.36 (KHTML, like Gecko) Chrome/64.0.3282.137 Mobile Safari/537.36" "-"
66.249.66.194 - - [22/Jan/2019:04:11:41 +0330] "GET /filter/p10%2Cv1%7C%D8%B3%D8%A8%D8%B2%20%DA%A9%D8%B1%D9%85%2Cv1%7C%D9%85%D8%B4%DA%A9%DB%8C?productType=tea-maker HTTP/1.1" 200 32234 "-" "Mozilla/5.0 (compatible; Googlebot/2.1; +http://www.google.com/bot.html)" "-"
87.251.155.150 - - [22/Jan/2019:04:11:42 +0330] "GET /settings/logo HTTP/1.1" 200 4120 "https://www.zanbil.ir/m" "Mozilla/5.0 (Linux; Android 6.0; HTC Desire 816 dual sim Build/MRA58K) AppleWebKit/537.36 (KHTML, like Gecko) Chrome/64.0.3282.137 Mobile Safari/537.36" "-"
87.251.155.150 - - [22/Jan/2019:04:11:42 +0330] "GET /image/38/productType/240x180 HTTP/1.1" 200 7963 "https://www.zanbil.ir/m" "Mozilla/5.0 (Linux; Android 6.0; HTC Desire 816 dual sim Build/MRA58K) AppleWebKit/537.36 (KHTML, like Gecko) Chrome/64.0.3282.137 Mobile Safari/537.36" "-"
87.251.155.150 - - [22/Jan/2019:04:11:42 +0330] "GET /image/1/productType/240x180 HTTP/1.1" 200 16901 "https://www.zanbil.ir/m" "Mozilla/5.0 (Linux; Android 6.0; HTC Desire 816 dual sim Build/MRA58K) AppleWebKit/537.36 (KHTML, like Gecko) Chrome/64.0.3282.137 Mobile Safari/537.36" "-"
87.251.155.150 - - [22/Jan/2019:04:11:42 +0330] "GET /image/51/productType/240x180 HTTP/1.1" 200 17251 "https://www.zanbil.ir/m" "Mozilla/5.0 (Linux; Android 6.0; HTC Desire 816 dual sim Build/MRA58K) AppleWebKit/537.36 (KHTML, like Gecko) Chrome/64.0.3282.137 Mobile Safari/537.36" "-"
54.36.148.55 - - [22/Jan/2019:04:11:42 +0330] "GET /filter/b114,b18 HTTP/1.1" 200 36164 "-" "Mozilla/5.0 (compatible; AhrefsBot/6.1; +http://ahrefs.com/robot/)" "-"
87.251.155.150 - - [22/Jan/2019:04:11:42 +0330] "GET /image/5506/productType/240x180 HTTP/1.1" 200 16837 "https://www.zanbil.ir/m" "Mozilla/5.0 (Linux; Android 6.0; HTC Desire 816 dual sim Build/MRA58K) AppleWebKit/537.36 (KHTML, like Gecko) Chrome/64.0.3282.137 Mobile Safari/537.36" "-"
87.251.155.150 - - [22/Jan/2019:04:11:42 +0330] "GET /image/5935/productType/240x180 HTTP/1.1" 200 17326 "https://www.zanbil.ir/m" "Mozilla/5.0 (Linux; Android 6.0; HTC Desire 816 dual sim Build/MRA58K) AppleWebKit/537.36 (KHTML, like Gecko) Chrome/64.0.3282.137 Mobile Safari/537.36" "-"
87.251.155.150 - - [22/Jan/2019:04:11:42 +0330] "GET /image/11893/productType/240x180 HTTP/1.1" 200 11916 "https://www.zanbil.ir/m" "Mozilla/5.0 (Linux; Android 6.0; HTC Desire 816 dual sim Build/MRA58K) AppleWebKit/537.36 (KHTML, like Gecko) Chrome/64.0.3282.137 Mobile Safari/537.36" "-"
87.251.155.150 - - [22/Jan/2019:04:11:42 +0330] "GET /image/11671/productType/240x180 HTTP/1.1" 200 17046 "https://www.zanbil.ir/m" "Mozilla/5.0 (Linux; Android 6.0; HTC Desire 816 dual sim Build/MRA58K) AppleWebKit/537.36 (KHTML, like Gecko) Chrome/64.0.3282.137 Mobile Safari/537.36" "-"
87.251.155.150 - - [22/Jan/2019:04:11:42 +0330] "GET /image/11640/productType/240x180 HTTP/1.1" 200 17339 "https://www.zanbil.ir/m" "Mozilla/5.0 (Linux; Android 6.0; HTC Desire 816 dual sim Build/MRA58K) AppleWebKit/537.36 (KHTML, like Gecko) Chrome/64.0.3282.137 Mobile Safari/537.36" "-"
87.251.155.150 - - [22/Jan/2019:04:11:42 +0330] "GET /image/6213/productType/240x180 HTTP/1.1" 200 17786 "https://www.zanbil.ir/m" "Mozilla/5.0 (Linux; Android 6.0; HTC Desire 816 dual sim Build/MRA58K) AppleWebKit/537.36 (KHTML, like Gecko) Chrome/64.0.3282.137 Mobile Safari/537.36" "-"
87.251.155.150 - - [22/Jan/2019:04:11:42 +0330] "GET /amp-helper-frame.html?appId=a624a1c1-0c93-466a-a546-e146710f97e6&parentOrigin=https://www.zanbil.ir HTTP/1.1" 200 133 "https://www.zanbil.ir/m" "Mozilla/5.0 (Linux; Android 6.0; HTC Desire 816 dual sim Build/MRA58K) AppleWebKit/537.36 (KHTML, like Gecko) Chrome/64.0.3282.137 Mobile Safari/537.36" "-"
87.251.155.150 - - [22/Jan/2019:04:11:42 +0330] "GET /image/33536/productType/240x180 HTTP/1.1" 200 22177 "https://www.zanbil.ir/m" "Mozilla/5.0 (Linux; Android 6.0; HTC Desire 816 dual sim Build/MRA58K) AppleWebKit/537.36 (KHTML, like Gecko) Chrome/64.0.3282.137 Mobile Safari/537.36" "-"
87.251.155.150 - - [22/Jan/2019:04:11:43 +0330] "GET /image/8727/specialSale?role=mobile HTTP/1.1" 200 16076 "https://www.zanbil.ir/m" "Mozilla/5.0 (Linux; Android 6.0; HTC Desire 816 dual sim Build/MRA58K) AppleWebKit/537.36 (KHTML, like Gecko) Chrome/64.0.3282.137 Mobile Safari/537.36" "-"
87.251.155.150 - - [22/Jan/2019:04:11:43 +0330] "GET /image/8712/specialSale?role=mobile HTTP/1.1" 200 16330 "https://www.zanbil.ir/m" "Mozilla/5.0 (Linux; Android 6.0; HTC Desire 816 dual sim Build/MRA58K) AppleWebKit/537.36 (KHTML, like Gecko) Chrome/64.0.3282.137 Mobile Safari/537.36" "-"
87.251.155.150 - - [22/Jan/2019:04:11:43 +0330] "GET /image/1218/mainSlideMobile HTTP/1.1" 200 68123 "https://www.zanbil.ir/m" "Mozilla/5.0 (Linux; Android 6.0; HTC Desire 816 dual sim Build/MRA58K) AppleWebKit/537.36 (KHTML, like Gecko) Chrome/64.0.3282.137 Mobile Safari/537.36" "-"
66.249.66.194 - - [22/Jan/2019:04:11:43 +0330] "GET /m/filter?f=p5623%2Cv1%7C%D9%82%D8%B1%D9%85%D8%B2.%2Cv1%7C%D8%A8%D9%86%D9%81%D8%B4%2C1818%7C%D8%A8%DB%8C%D8%B4%DB%8C%D9%86%D9%87+%D8%AF%D9%85%D8%A7+%D8%AA%D8%A7+120+%D8%AF%D8%B1%D8%AC%D9%87+%D8%B3%D8%A7%D9%86%D8%AA%DB%8C+%DA%AF%D8%B1%D8%A7%D8%AF&o=1818 HTTP/1.1" 302 0 "-" "Mozilla/5.0 (compatible; Googlebot/2.1; +http://www.google.com/bot.html)" "-"
66.249.66.194 - - [22/Jan/2019:04:11:43 +0330] "GET /m/filter/b103,b126,b135,b143,b147,b152,b168,b183,b185,b186,b19,b192,b194,b198,b2,b203,b213,b215,b22,b224,b238,b261,b3,b308,b321,b35,b36,b41,b43,b435,b441,b442,b484,b485,b497,b5,b523,b542,b548,b568,b570,b573,b574,b584,b598,b603,b613,b614,b615,b619,b63,b647,b656,b723,b724,b74,b80,b88,b880,b883,b903,b904,b95,stexists HTTP/1.1" 200 27674 "-" "Mozilla/5.0 (Linux; Android 6.0.1; Nexus 5X Build/MMB29P) AppleWebKit/537.36 (KHTML, like Gecko) Chrome/41.0.2272.96 Mobile Safari/537.36 (compatible; Googlebot/2.1; +http://www.google.com/bot.html)" "-"
66.249.66.194 - - [22/Jan/2019:04:11:43 +0330] "GET /filter/p5623%2Cv1%7C%D9%82%D8%B1%D9%85%D8%B2.%2Cv1%7C%D8%A8%D9%86%D9%81%D8%B4%2C1818%7C%D8%A8%DB%8C%D8%B4%DB%8C%D9%86%D9%87%20%D8%AF%D9%85%D8%A7%20%D8%AA%D8%A7%20120%20%D8%AF%D8%B1%D8%AC%D9%87%20%D8%B3%D8%A7%D9%86%D8%AA%DB%8C%20%DA%AF%D8%B1%D8%A7%D8%AF?o=1818 HTTP/1.1" 302 0 "-" "Mozilla/5.0 (compatible; Googlebot/2.1; +http://www.google.com/bot.html)" "-"
87.251.155.150 - - [22/Jan/2019:04:11:43 +0330] "GET /favicon.ico HTTP/1.1" 200 0 "https://www.zanbil.ir/m" "Mozilla/5.0 (Linux; Android 6.0; HTC Desire 816 dual sim Build/MRA58K) AppleWebKit/537.36 (KHTML, like Gecko) Chrome/64.0.3282.137 Mobile Safari/537.36" "-"
87.251.155.150 - - [22/Jan/2019:04:11:43 +0330] "GET /image/8739/specialSale?role=mobile HTTP/1.1" 200 15350 "https://www.zanbil.ir/m" "Mozilla/5.0 (Linux; Android 6.0; HTC Desire 816 dual sim Build/MRA58K) AppleWebKit/537.36 (KHTML, like Gecko) Chrome/64.0.3282.137 Mobile Safari/537.36" "-"
83.120.122.254 - - [22/Jan/2019:04:11:44 +0330] "GET /image/31356?name=5000.jpg&wh=200x200 HTTP/1.1" 200 5362 "https://torob.com/p/47eee4ad-ea46-4650-a99c-6ccc53d50079/%DA%86%D8%B1%D8%AE-%D8%AE%DB%8C%D8%A7%D8%B7%DB%8C-%D9%88%D8%B3%D8%AA%D8%A7-%D9%85%D8%AF%D9%84-2040/?referer=amp" "Mozilla/5.0 (Linux; Android 7.0; SAMSUNG SM-J710F Build/NRD90M) AppleWebKit/537.36 (KHTML, like Gecko) SamsungBrowser/7.4 Chrome/59.0.3071.125 Mobile Safari/537.36" "-"
83.120.122.254 - - [22/Jan/2019:04:11:44 +0330] "GET /image/3565?name=code+1129.jpg&wh=200x200 HTTP/1.1" 200 5002 "https://torob.com/p/47eee4ad-ea46-4650-a99c-6ccc53d50079/%DA%86%D8%B1%D8%AE-%D8%AE%DB%8C%D8%A7%D8%B7%DB%8C-%D9%88%D8%B3%D8%AA%D8%A7-%D9%85%D8%AF%D9%84-2040/?referer=amp" "Mozilla/5.0 (Linux; Android 7.0; SAMSUNG SM-J710F Build/NRD90M) AppleWebKit/537.36 (KHTML, like Gecko) SamsungBrowser/7.4 Chrome/59.0.3071.125 Mobile Safari/537.36" "-"
83.120.122.254 - - [22/Jan/2019:04:11:44 +0330] "GET /image/20123?name=janome-8200-w.jpg&wh=200x200 HTTP/1.1" 200 4407 "https://torob.com/p/47eee4ad-ea46-4650-a99c-6ccc53d50079/%DA%86%D8%B1%D8%AE-%D8%AE%DB%8C%D8%A7%D8%B7%DB%8C-%D9%88%D8%B3%D8%AA%D8%A7-%D9%85%D8%AF%D9%84-2040/?referer=amp" "Mozilla/5.0 (Linux; Android 7.0; SAMSUNG SM-J710F Build/NRD90M) AppleWebKit/537.36 (KHTML, like Gecko) SamsungBrowser/7.4 Chrome/59.0.3071.125 Mobile Safari/537.36" "-"
83.120.122.254 - - [22/Jan/2019:04:11:44 +0330] "GET /image/20120?name=12.jpg&wh=200x200 HTTP/1.1" 200 4520 "https://torob.com/p/47eee4ad-ea46-4650-a99c-6ccc53d50079/%DA%86%D8%B1%D8%AE-%D8%AE%DB%8C%D8%A7%D8%B7%DB%8C-%D9%88%D8%B3%D8%AA%D8%A7-%D9%85%D8%AF%D9%84-2040/?referer=amp" "Mozilla/5.0 (Linux; Android 7.0; SAMSUNG SM-J710F Build/NRD90M) AppleWebKit/537.36 (KHTML, like Gecko) SamsungBrowser/7.4 Chrome/59.0.3071.125 Mobile Safari/537.36" "-"
83.120.122.254 - - [22/Jan/2019:04:11:44 +0330] "GET /image/32593?name=kachiran-roz210%2B.jpg&wh=200x200 HTTP/1.1" 200 4484 "https://torob.com/p/47eee4ad-ea46-4650-a99c-6ccc53d50079/%DA%86%D8%B1%D8%AE-%D8%AE%DB%8C%D8%A7%D8%B7%DB%8C-%D9%88%D8%B3%D8%AA%D8%A7-%D9%85%D8%AF%D9%84-2040/?referer=amp" "Mozilla/5.0 (Linux; Android 7.0; SAMSUNG SM-J710F Build/NRD90M) AppleWebKit/537.36 (KHTML, like Gecko) SamsungBrowser/7.4 Chrome/59.0.3071.125 Mobile Safari/537.36" "-"
87.251.155.150 - - [22/Jan/2019:04:11:44 +0330] "GET /image/1210/mainSlideMobile HTTP/1.1" 200 66326 "https://www.zanbil.ir/m" "Mozilla/5.0 (Linux; Android 6.0; HTC Desire 816 dual sim Build/MRA58K) AppleWebKit/537.36 (KHTML, like Gecko) Chrome/64.0.3282.137 Mobile Safari/537.36" "-"
83.120.122.254 - - [22/Jan/2019:04:11:44 +0330] "GET /image/3579?name=1139.jpg&wh=200x200 HTTP/1.1" 200 6173 "https://torob.com/p/47eee4ad-ea46-4650-a99c-6ccc53d50079/%DA%86%D8%B1%D8%AE-%D8%AE%DB%8C%D8%A7%D8%B7%DB%8C-%D9%88%D8%B3%D8%AA%D8%A7-%D9%85%D8%AF%D9%84-2040/?referer=amp" "Mozilla/5.0 (Linux; Android 7.0; SAMSUNG SM-J710F Build/NRD90M) AppleWebKit/537.36 (KHTML, like Gecko) SamsungBrowser/7.4 Chrome/59.0.3071.125 Mobile Safari/537.36" "-"
83.120.122.254 - - [22/Jan/2019:04:11:44 +0330] "GET /image/30832?name=janome-1920-01.jpg&wh=200x200 HTTP/1.1" 200 5108 "https://torob.com/p/47eee4ad-ea46-4650-a99c-6ccc53d50079/%DA%86%D8%B1%D8%AE-%D8%AE%DB%8C%D8%A7%D8%B7%DB%8C-%D9%88%D8%B3%D8%AA%D8%A7-%D9%85%D8%AF%D9%84-2040/?referer=amp" "Mozilla/5.0 (Linux; Android 7.0; SAMSUNG SM-J710F Build/NRD90M) AppleWebKit/537.36 (KHTML, like Gecko) SamsungBrowser/7.4 Chrome/59.0.3071.125 Mobile Safari/537.36" "-"
83.120.122.254 - - [22/Jan/2019:04:11:44 +0330] "GET /image/20116?name=q.jpg&wh=200x200 HTTP/1.1" 200 4582 "https://torob.com/p/47eee4ad-ea46-4650-a99c-6ccc53d50079/%DA%86%D8%B1%D8%AE-%D8%AE%DB%8C%D8%A7%D8%B7%DB%8C-%D9%88%D8%B3%D8%AA%D8%A7-%D9%85%D8%AF%D9%84-2040/?referer=amp" "Mozilla/5.0 (Linux; Android 7.0; SAMSUNG SM-J710F Build/NRD90M) AppleWebKit/537.36 (KHTML, like Gecko) SamsungBrowser/7.4 Chrome/59.0.3071.125 Mobile Safari/537.36" "-"
83.120.122.254 - - [22/Jan/2019:04:11:44 +0330] "GET /image/3576?name=1149.jpg&wh=200x200 HTTP/1.1" 200 6817 "https://torob.com/p/47eee4ad-ea46-4650-a99c-6ccc53d50079/%DA%86%D8%B1%D8%AE-%D8%AE%DB%8C%D8%A7%D8%B7%DB%8C-%D9%88%D8%B3%D8%AA%D8%A7-%D9%85%D8%AF%D9%84-2040/?referer=amp" "Mozilla/5.0 (Linux; Android 7.0; SAMSUNG SM-J710F Build/NRD90M) AppleWebKit/537.36 (KHTML, like Gecko) SamsungBrowser/7.4 Chrome/59.0.3071.125 Mobile Safari/537.36" "-"
83.120.122.254 - - [22/Jan/2019:04:11:44 +0330] "GET /image/3553?name=502.jpg&wh=200x200 HTTP/1.1" 200 7029 "https://torob.com/p/47eee4ad-ea46-4650-a99c-6ccc53d50079/%DA%86%D8%B1%D8%AE-%D8%AE%DB%8C%D8%A7%D8%B7%DB%8C-%D9%88%D8%B3%D8%AA%D8%A7-%D9%85%D8%AF%D9%84-2040/?referer=amp" "Mozilla/5.0 (Linux; Android 7.0; SAMSUNG SM-J710F Build/NRD90M) AppleWebKit/537.36 (KHTML, like Gecko) SamsungBrowser/7.4 Chrome/59.0.3071.125 Mobile Safari/537.36" "-"
87.251.155.150 - - [22/Jan/2019:04:11:44 +0330] "GET /image/1215/mainSlideMobile HTTP/1.1" 200 69159 "https://www.zanbil.ir/m" "Mozilla/5.0 (Linux; Android 6.0; HTC Desire 816 dual sim Build/MRA58K) AppleWebKit/537.36 (KHTML, like Gecko) Chrome/64.0.3282.137 Mobile Safari/537.36" "-"
83.120.122.254 - - [22/Jan/2019:04:11:44 +0330] "GET /image/33754?name=2050-11.jpg&wh=200x200 HTTP/1.1" 200 4678 "https://torob.com/p/47eee4ad-ea46-4650-a99c-6ccc53d50079/%DA%86%D8%B1%D8%AE-%D8%AE%DB%8C%D8%A7%D8%B7%DB%8C-%D9%88%D8%B3%D8%AA%D8%A7-%D9%85%D8%AF%D9%84-2040/?referer=amp" "Mozilla/5.0 (Linux; Android 7.0; SAMSUNG SM-J710F Build/NRD90M) AppleWebKit/537.36 (KHTML, like Gecko) SamsungBrowser/7.4 Chrome/59.0.3071.125 Mobile Safari/537.36" "-"
83.120.122.254 - - [22/Jan/2019:04:11:44 +0330] "GET /image/5280?name=6060d-front-baz.jpg&wh=200x200 HTTP/1.1" 200 6356 "https://torob.com/p/47eee4ad-ea46-4650-a99c-6ccc53d50079/%DA%86%D8%B1%D8%AE-%D8%AE%DB%8C%D8%A7%D8%B7%DB%8C-%D9%88%D8%B3%D8%AA%D8%A7-%D9%85%D8%AF%D9%84-2040/?referer=amp" "Mozilla/5.0 (Linux; Android 7.0; SAMSUNG SM-J710F Build/NRD90M) AppleWebKit/537.36 (KHTML, like Gecko) SamsungBrowser/7.4 Chrome/59.0.3071.125 Mobile Safari/537.36" "-"
83.120.122.254 - - [22/Jan/2019:04:11:44 +0330] "GET /image/29386?name=8800111.jpg&wh=200x200 HTTP/1.1" 200 5026 "https://torob.com/p/47eee4ad-ea46-4650-a99c-6ccc53d50079/%DA%86%D8%B1%D8%AE-%D8%AE%DB%8C%D8%A7%D8%B7%DB%8C-%D9%88%D8%B3%D8%AA%D8%A7-%D9%85%D8%AF%D9%84-2040/?referer=amp" "Mozilla/5.0 (Linux; Android 7.0; SAMSUNG SM-J710F Build/NRD90M) AppleWebKit/537.36 (KHTML, like Gecko) SamsungBrowser/7.4 Chrome/59.0.3071.125 Mobile Safari/537.36" "-"
83.120.122.254 - - [22/Jan/2019:04:11:44 +0330] "GET /image/33749?name=4000-22.jpg&wh=200x200 HTTP/1.1" 200 4125 "https://torob.com/p/47eee4ad-ea46-4650-a99c-6ccc53d50079/%DA%86%D8%B1%D8%AE-%D8%AE%DB%8C%D8%A7%D8%B7%DB%8C-%D9%88%D8%B3%D8%AA%D8%A7-%D9%85%D8%AF%D9%84-2040/?referer=amp" "Mozilla/5.0 (Linux; Android 7.0; SAMSUNG SM-J710F Build/NRD90M) AppleWebKit/537.36 (KHTML, like Gecko) SamsungBrowser/7.4 Chrome/59.0.3071.125 Mobile Safari/537.36" "-"
83.120.122.254 - - [22/Jan/2019:04:11:44 +0330] "GET /image/29390?name=photo_2015-11-21_10-14-08.jpg&wh=200x200 HTTP/1.1" 200 4895 "https://torob.com/p/47eee4ad-ea46-4650-a99c-6ccc53d50079/%DA%86%D8%B1%D8%AE-%D8%AE%DB%8C%D8%A7%D8%B7%DB%8C-%D9%88%D8%B3%D8%AA%D8%A7-%D9%85%D8%AF%D9%84-2040/?referer=amp" "Mozilla/5.0 (Linux; Android 7.0; SAMSUNG SM-J710F Build/NRD90M) AppleWebKit/537.36 (KHTML, like Gecko) SamsungBrowser/7.4 Chrome/59.0.3071.125 Mobile Safari/537.36" "-"
83.120.122.254 - - [22/Jan/2019:04:11:44 +0330] "GET /image/20132?name=8700000000000.jpg&wh=200x200 HTTP/1.1" 200 5857 "https://torob.com/p/47eee4ad-ea46-4650-a99c-6ccc53d50079/%DA%86%D8%B1%D8%AE-%D8%AE%DB%8C%D8%A7%D8%B7%DB%8C-%D9%88%D8%B3%D8%AA%D8%A7-%D9%85%D8%AF%D9%84-2040/?referer=amp" "Mozilla/5.0 (Linux; Android 7.0; SAMSUNG SM-J710F Build/NRD90M) AppleWebKit/537.36 (KHTML, like Gecko) SamsungBrowser/7.4 Chrome/59.0.3071.125 Mobile Safari/537.36" "-"
83.120.122.254 - - [22/Jan/2019:04:11:44 +0330] "GET /image/3557?name=501.jpg&wh=200x200 HTTP/1.1" 200 4846 "https://torob.com/p/47eee4ad-ea46-4650-a99c-6ccc53d50079/%DA%86%D8%B1%D8%AE-%D8%AE%DB%8C%D8%A7%D8%B7%DB%8C-%D9%88%D8%B3%D8%AA%D8%A7-%D9%85%D8%AF%D9%84-2040/?referer=amp" "Mozilla/5.0 (Linux; Android 7.0; SAMSUNG SM-J710F Build/NRD90M) AppleWebKit/537.36 (KHTML, like Gecko) SamsungBrowser/7.4 Chrome/59.0.3071.125 Mobile Safari/537.36" "-"
83.120.122.254 - - [22/Jan/2019:04:11:44 +0330] "GET /image/20130?name=janome-8600-w.jpg&wh=200x200 HTTP/1.1" 200 4662 "https://torob.com/p/47eee4ad-ea46-4650-a99c-6ccc53d50079/%DA%86%D8%B1%D8%AE-%D8%AE%DB%8C%D8%A7%D8%B7%DB%8C-%D9%88%D8%B3%D8%AA%D8%A7-%D9%85%D8%AF%D9%84-2040/?referer=amp" "Mozilla/5.0 (Linux; Android 7.0; SAMSUNG SM-J710F Build/NRD90M) AppleWebKit/537.36 (KHTML, like Gecko) SamsungBrowser/7.4 Chrome/59.0.3071.125 Mobile Safari/537.36" "-"
130.185.74.243 - - [22/Jan/2019:04:11:45 +0330] "GET /filter/stexists,p28,b33 HTTP/1.1" 200 31087 "-" "Mozilla/5.0 (Windows NT 6.1; rv:42.0) Gecko/20100101 Firefox/42.0" "-"
207.200.8.182 - - [22/Jan/2019:04:11:45 +0330] "GET / HTTP/1.1" 301 178 "-" "LightspeedSystemsCrawler Mozilla/5.0 (Windows; U; MSIE 9.0; Windows NT 9.0; en-US)" "-"
66.249.66.194 - - [22/Jan/2019:04:11:45 +0330] "GET /filter/p5623%2Cv1%7C%D9%82%D8%B1%D9%85%D8%B2.%2Cv1%7C%D8%A8%D9%86%D9%81%D8%B4%2C1818%7C%D8%A8%DB%8C%D8%B4%DB%8C%D9%86%D9%87%20%D8%AF%D9%85%D8%A7%20%D8%AA%D8%A7%20120%20%D8%AF%D8%B1%D8%AC%D9%87%20%D8%B3%D8%A7%D9%86%D8%AA%DB%8C%20%DA%AF%D8%B1%D8%A7%D8%AF HTTP/1.1" 200 32046 "-" "Mozilla/5.0 (compatible; Googlebot/2.1; +http://www.google.com/bot.html)" "-"
130.185.74.243 - - [22/Jan/2019:04:11:46 +0330] "GET /filter/stexists,p28,b33?page=1 HTTP/1.1" 200 31109 "-" "Mozilla/5.0 (Windows NT 6.1; rv:42.0) Gecko/20100101 Firefox/42.0" "-"
54.36.148.108 - - [22/Jan/2019:04:11:46 +0330] "GET /product/17216/%D8%BA%D8%B0%D8%A7-%D8%B3%D8%A7%D8%B2-%D8%A8%D8%A7%DB%8C%D8%AA%D8%B1%D9%88%D9%86-%D9%85%D8%AF%D9%84-BMR-7580CC HTTP/1.1" 200 41565 "-" "Mozilla/5.0 (compatible; AhrefsBot/6.1; +http://ahrefs.com/robot/)" "-"
157.55.39.245 - - [22/Jan/2019:04:11:46 +0330] "GET /filter/p65,rf20000000,rt30000000,stexists HTTP/1.1" 200 33044 "-" "Mozilla/5.0 (iPhone; CPU iPhone OS 7_0 like Mac OS X) AppleWebKit/537.51.1 (KHTML, like Gecko) Version/7.0 Mobile/11A465 Safari/9537.53 (compatible; bingbot/2.0; +http://www.bing.com/bingbot.htm)" "-"
5.112.202.108 - - [22/Jan/2019:04:11:46 +0330] "GET /image/33391?name=eb-s41-12.jpg&wh=200x200 HTTP/1.1" 200 3958 "-" "Dalvik/1.6.0 (Linux; U; Android 4.3; GT-I9300I Build/JLS36C)" "-"
66.249.66.91 - - [22/Jan/2019:04:11:47 +0330] "GET /filter/b656%2Cb703%2Cb32%2Cb67%2Cb226%2Cb41%2Cb598%2Cb168%2Cb723%2Cb597%2Cb88%2Cb548%2Cb6%2Cb679%2Cb215%2Cb105%2Cb194%2Cb74%2Cb542%2Cb35%2Cb113%2Cb820%2Cb574%2Cb442%2Cb880%2Cb645%2Cb724%2Cb118%2Cb482%2Cb400%2Cb95%2Cb135%2Cb249%2Cb435%2Cb221%2Cb523%2Cb854%2Cb126%2Cstexists%2Cb216%2Cb217%2Cb152%2Cb99%2Cb192%2Cb213%2Cb136%2Cb218%2Cb648%2Cb454%2Cb258%2Cb151%2Cb878?page=6 HTTP/1.1" 200 41367 "-" "Mozilla/5.0 (compatible; Googlebot/2.1; +http://www.google.com/bot.html)" "-"
130.185.74.243 - - [22/Jan/2019:04:11:48 +0330] "GET /filter/stexists,p29,b33 HTTP/1.1" 200 30490 "-" "Mozilla/5.0 (Windows NT 6.1; rv:42.0) Gecko/20100101 Firefox/42.0" "-"
66.249.66.194 - - [22/Jan/2019:04:11:48 +0330] "GET /m/filter/b103,b126,b135,b143,b147,b152,b168,b183,b185,b186,b19,b192,b194,b198,b2,b203,b213,b215,b22,b224,b238,b258,b261,b3,b308,b321,b35,b36,b41,b43,b435,b441,b442,b484,b485,b497,b5,b523,b542,b548,b568,b570,b573,b574,b584,b598,b603,b613,b614,b615,b619,b63,b647,b656,b723,b724,b74,b80,b88,b880,b883,b903,b904,b95,stexists HTTP/1.1" 200 27624 "-" "Mozilla/5.0 (Linux; Android 6.0.1; Nexus 5X Build/MMB29P) AppleWebKit/537.36 (KHTML, like Gecko) Chrome/41.0.2272.96 Mobile Safari/537.36 (compatible; Googlebot/2.1; +http://www.google.com/bot.html)" "-"
66.249.66.194 - - [22/Jan/2019:04:11:48 +0330] "GET /m/filter?f=p6001%2Cv1%7C%D9%86%D9%82%D8%B1%D9%87+%D8%A7%DB%8C.%2Cv1%7C%D8%B7%D9%88%D8%B3%DB%8C&o=v1 HTTP/1.1" 302 0 "-" "Mozilla/5.0 (compatible; Googlebot/2.1; +http://www.google.com/bot.html)" "-"
66.249.66.194 - - [22/Jan/2019:04:11:48 +0330] "GET /filter/p6001%2Cv1%7C%D9%86%D9%82%D8%B1%D9%87%20%D8%A7%DB%8C.%2Cv1%7C%D8%B7%D9%88%D8%B3%DB%8C?o=v1 HTTP/1.1" 302 0 "-" "Mozilla/5.0 (compatible; Googlebot/2.1; +http://www.google.com/bot.html)" "-"
130.185.74.243 - - [22/Jan/2019:04:11:48 +0330] "GET /filter/stexists,p29,b33?page=1 HTTP/1.1" 200 30508 "-" "Mozilla/5.0 (Windows NT 6.1; rv:42.0) Gecko/20100101 Firefox/42.0" "-"
5.160.157.20 - - [22/Jan/2019:04:11:49 +0330] "GET /filter?f=p6&page=8 HTTP/1.1" 301 178 "-" "Mozilla/5.0 (Windows NT 5.1; rv:8.0) Gecko/20100101 Firefox/8.0" "-"
5.160.157.20 - - [22/Jan/2019:04:11:49 +0330] "GET /filter?f=p71&page=6 HTTP/1.1" 301 178 "-" "Mozilla/5.0 (Windows NT 5.1; rv:8.0) Gecko/20100101 Firefox/8.0" "-"
54.36.149.24 - - [22/Jan/2019:04:11:49 +0330] "GET /filter/b151,b880 HTTP/1.1" 200 36958 "-" "Mozilla/5.0 (compatible; AhrefsBot/6.1; +http://ahrefs.com/robot/)" "-"
66.249.66.194 - - [22/Jan/2019:04:11:49 +0330] "GET /filter/p6001%2Cv1%7C%D9%86%D9%82%D8%B1%D9%87%20%D8%A7%DB%8C.%2Cv1%7C%D8%B7%D9%88%D8%B3%DB%8C HTTP/1.1" 200 34082 "-" "Mozilla/5.0 (compatible; Googlebot/2.1; +http://www.google.com/bot.html)" "-"
157.55.39.245 - - [22/Jan/2019:04:11:50 +0330] "GET /product/17220 HTTP/1.1" 200 40528 "-" "Mozilla/5.0 (compatible; bingbot/2.0; +http://www.bing.com/bingbot.htm)" "-"
207.46.13.136 - - [22/Jan/2019:04:11:51 +0330] "GET /filter/b148%2Cb1%2Cb80%2Cb19%2Cb679%2Cb656 HTTP/1.1" 200 37901 "-" "Mozilla/5.0 (compatible; bingbot/2.0; +http://www.bing.com/bingbot.htm)" "-"
66.249.66.91 - - [22/Jan/2019:04:11:51 +0330] "GET /filter/b36%2Cb41%2Cb598%2Cb168%2Cb103%2Cb614%2Cb88%2Cb19%2Cb194%2Cb35%2Cb321%2Cb5%2Cb261%2Cb442%2Cb484%2Cb723%2Cb573%2Cb192%2Cb724%2Cb435%2Cb183%2Cb542%2Cb135%2Cb63%2Cb497%2Cb619%2Cb613%2Cb126%2Cb74%2Cb441%2Cb568%2Cb880%2Cb647%2Cb185%2Cb584%2Cb224%2Cb213%2Cb3%2Cb570%2Cb198%2Cb238%2Cb485%2Cb574%2Cb186%2Cb548%2Cstexists%2Cb215%2Cb904%2Cb615%2Cb603%2Cb203%2Cb43%2Cb152%2Cb95%2Cb147%2Cb143%2Cb656%2Cb2%2Cb308%2Cb80%2Cb22%2Cb883%2Cb523%2Cb903%2Cb258?page=2 HTTP/1.1" 200 41883 "-" "Mozilla/5.0 (compatible; Googlebot/2.1; +http://www.google.com/bot.html)" "-"
5.125.127.137 - - [22/Jan/2019:04:11:52 +0330] "GET /image/16219?name=a.jpg&wh=200x200 HTTP/1.1" 200 3436 "https://torob.com/browse/317/%D8%A7%DB%8C%D9%86%D9%87-%D8%A7%D8%B1%D8%A7%DB%8C%D8%B4%DB%8C-%D9%88-%D8%AC%DB%8C%D8%A8%DB%8C-small-mirror/?page=5" "Mozilla/5.0 (Linux; Android 8.0.0; ANE-LX1) AppleWebKit/537.36 (KHTML, like Gecko) Chrome/71.0.3578.99 Mobile Safari/537.36" "-"
207.200.8.182 - - [22/Jan/2019:04:11:52 +0330] "GET / HTTP/1.1" 200 215514 "-" "LightspeedSystemsCrawler Mozilla/5.0 (Windows; U; MSIE 9.0; Windows NT 9.0; en-US)" "-"
46.4.203.149 - - [22/Jan/2019:04:11:54 +0330] "GET /product/1318/3791/%D9%85%D8%AE%D9%84%D9%88%D8%B7-%DA%A9%D9%86-%D9%88-%D8%A2%D8%B3%DB%8C%D8%A7%D8%A8-%D9%BE%D8%A7%D8%B1%D8%B3-%D8%AE%D8%B2%D8%B1-%D9%85%D8%AF%D9%84-BG-300P HTTP/1.1" 200 538166 "-" "Mozilla/5.0 (Windows NT 6.2; WOW64; rv:17.0) Gecko/20100101 Firefox/17.0" "-"
66.249.66.194 - - [22/Jan/2019:04:11:54 +0330] "GET /m/filter/p65%2Cb67%2Cb2%2Cv582%7C55%20%D8%A7%DB%8C%D9%86%DA%86?page=0&o=v582 HTTP/1.1" 302 0 "-" "Mozilla/5.0 (compatible; Googlebot/2.1; +http://www.google.com/bot.html)" "-"
66.249.66.194 - - [22/Jan/2019:04:11:54 +0330] "GET /filter/p65%2Cb67%2Cb2%2Cv582%7C55%20%D8%A7%DB%8C%D9%86%DA%86?page=0&o=v582 HTTP/1.1" 302 0 "-" "Mozilla/5.0 (compatible; Googlebot/2.1; +http://www.google.com/bot.html)" "-"
66.249.66.91 - - [22/Jan/2019:04:11:54 +0330] "GET /filter/b656%2Cb703%2Cb32%2Cb67%2Cb226%2Cb41%2Cb598%2Cb168%2Cb723%2Cb597%2Cb88%2Cb548%2Cb6%2Cb679%2Cb215%2Cb105%2Cb194%2Cb74%2Cb542%2Cb35%2Cb113%2Cb820%2Cb574%2Cb442%2Cb880%2Cb645%2Cb724%2Cb118%2Cb482%2Cb400%2Cb95%2Cb135%2Cb249%2Cb435%2Cb221%2Cb523%2Cb854%2Cb126%2Cstexists%2Cb216%2Cb217%2Cb152%2Cb99%2Cb192%2Cb213%2Cb136%2Cb218%2Cb648%2Cb454%2Cb258%2Cb151%2Cb22%2Cb203?page=6 HTTP/1.1" 200 41293 "-" "Mozilla/5.0 (compatible; Googlebot/2.1; +http://www.google.com/bot.html)" "-"
130.185.74.243 - - [22/Jan/2019:04:11:55 +0330] "GET /filter/stexists,p28,b261 HTTP/1.1" 200 31062 "-" "Mozilla/5.0 (Windows NT 6.1; rv:42.0) Gecko/20100101 Firefox/42.0" "-"
54.36.149.3 - - [22/Jan/2019:04:11:55 +0330] "GET /filter/b481,b734 HTTP/1.1" 200 36760 "-" "Mozilla/5.0 (compatible; AhrefsBot/6.1; +http://ahrefs.com/robot/)" "-"
66.249.66.194 - - [22/Jan/2019:04:11:55 +0330] "GET /filter/p65%2Cb67%2Cb2%2Cv582%7C55%20%D8%A7%DB%8C%D9%86%DA%86?page=0 HTTP/1.1" 200 34539 "-" "Mozilla/5.0 (compatible; Googlebot/2.1; +http://www.google.com/bot.html)" "-"
207.46.13.136 - - [22/Jan/2019:04:11:56 +0330] "GET /filter/b111%2Cb113%2Cb99%2Cb143%2Cb33?page=5 HTTP/1.1" 200 37533 "-" "Mozilla/5.0 (compatible; bingbot/2.0; +http://www.bing.com/bingbot.htm)" "-"
157.55.39.175 - - [22/Jan/2019:04:11:56 +0330] "GET /image/342/article/100x100 HTTP/1.1" 200 5337 "-" "Mozilla/5.0 (compatible; bingbot/2.0; +http://www.bing.com/bingbot.htm)" "-"
207.154.254.69 - - [22/Jan/2019:04:11:56 +0330] "GET /m/product/32521/62904/%DB%8C%D8%AE%DA%86%D8%A7%D9%84-%D9%81%D8%B1%DB%8C%D8%B2%D8%B1-%D8%B3%D8%A7%DB%8C%D8%AF-%D8%A8%D8%A7%DB%8C-%D8%B3%D8%A7%DB%8C%D8%AF-%D8%A8%D9%84%D9%88%D9%85%D8%A8%D8%B1%DA%AF-%D9%85%D8%AF%D9%84-KWD2440E HTTP/1.1" 200 22069 "https://www.zanbil.ir/m/filter/p3?page=1" "Mozilla/5.0 (iPhone; CPU iPhone OS 11_0_3 like Mac OS X) AppleWebKit/604.1.38 (KHTML, like Gecko) Version/11.0 Mobile/15A432 Safari/604.1" "-"
130.185.74.243 - - [22/Jan/2019:04:11:57 +0330] "GET /filter/stexists,p28,b261?page=1 HTTP/1.1" 200 31083 "-" "Mozilla/5.0 (Windows NT 6.1; rv:42.0) Gecko/20100101 Firefox/42.0" "-"
157.55.39.175 - - [22/Jan/2019:04:11:57 +0330] "GET /image/52242/productModel/150x150 HTTP/1.1" 200 4051 "-" "Mozilla/5.0 (compatible; bingbot/2.0; +http://www.bing.com/bingbot.htm)" "-"
207.154.254.69 - - [22/Jan/2019:04:11:57 +0330] "GET /discountLabel/get/3?type=mobileSmallIcon HTTP/1.1" 200 4336 "https://www.zanbil.ir/m/product/32521/62904/%DB%8C%D8%AE%DA%86%D8%A7%D9%84-%D9%81%D8%B1%DB%8C%D8%B2%D8%B1-%D8%B3%D8%A7%DB%8C%D8%AF-%D8%A8%D8%A7%DB%8C-%D8%B3%D8%A7%DB%8C%D8%AF-%D8%A8%D9%84%D9%88%D9%85%D8%A8%D8%B1%DA%AF-%D9%85%D8%AF%D9%84-KWD2440E" "Mozilla/5.0 (iPhone; CPU iPhone OS 11_0_3 like Mac OS X) AppleWebKit/604.1.38 (KHTML, like Gecko) Version/11.0 Mobile/15A432 Safari/604.1" "-"
157.55.39.175 - - [22/Jan/2019:04:11:57 +0330] "GET /image/57633/productModel/150x150 HTTP/1.1" 200 5063 "-" "Mozilla/5.0 (compatible; bingbot/2.0; +http://www.bing.com/bingbot.htm)" "-"
5.123.174.57 - - [22/Jan/2019:04:11:57 +0330] "GET /image/34203?name=750d-18-55mm-1.jpg&wh=200x200 HTTP/1.1" 200 7614 "-" "Dalvik/2.1.0 (Linux; U; Android 8.1.0; SM-J710F Build/M1AJQ)" "-"
157.55.39.175 - - [22/Jan/2019:04:11:58 +0330] "GET /image/62488/productModel/100x100 HTTP/1.1" 200 2966 "-" "Mozilla/5.0 (compatible; bingbot/2.0; +http://www.bing.com/bingbot.htm)" "-"
207.154.254.69 - - [22/Jan/2019:04:11:58 +0330] "GET /settings/logo HTTP/1.1" 200 4120 "https://www.zanbil.ir/m/product/32521/62904/%DB%8C%D8%AE%DA%86%D8%A7%D9%84-%D9%81%D8%B1%DB%8C%D8%B2%D8%B1-%D8%B3%D8%A7%DB%8C%D8%AF-%D8%A8%D8%A7%DB%8C-%D8%B3%D8%A7%DB%8C%D8%AF-%D8%A8%D9%84%D9%88%D9%85%D8%A8%D8%B1%DA%AF-%D9%85%D8%AF%D9%84-KWD2440E" "Mozilla/5.0 (iPhone; CPU iPhone OS 11_0_3 like Mac OS X) AppleWebKit/604.1.38 (KHTML, like Gecko) Version/11.0 Mobile/15A432 Safari/604.1" "-"
207.154.254.69 - - [22/Jan/2019:04:11:58 +0330] "GET /static/images/guarantees/goodShopping.png HTTP/1.1" 200 6496 "https://www.zanbil.ir/m/product/32521/62904/%DB%8C%D8%AE%DA%86%D8%A7%D9%84-%D9%81%D8%B1%DB%8C%D8%B2%D8%B1-%D8%B3%D8%A7%DB%8C%D8%AF-%D8%A8%D8%A7%DB%8C-%D8%B3%D8%A7%DB%8C%D8%AF-%D8%A8%D9%84%D9%88%D9%85%D8%A8%D8%B1%DA%AF-%D9%85%D8%AF%D9%84-KWD2440E" "Mozilla/5.0 (iPhone; CPU iPhone OS 11_0_3 like Mac OS X) AppleWebKit/604.1.38 (KHTML, like Gecko) Version/11.0 Mobile/15A432 Safari/604.1" "-"
157.55.39.175 - - [22/Jan/2019:04:11:58 +0330] "GET /image/62488/productModel/150x150 HTTP/1.1" 200 4686 "-" "Mozilla/5.0 (compatible; bingbot/2.0; +http://www.bing.com/bingbot.htm)" "-"
207.154.254.69 - - [22/Jan/2019:04:11:58 +0330] "GET /static/images/guarantees/warranty.png HTTP/1.1" 200 5807 "https://www.zanbil.ir/m/product/32521/62904/%DB%8C%D8%AE%DA%86%D8%A7%D9%84-%D9%81%D8%B1%DB%8C%D8%B2%D8%B1-%D8%B3%D8%A7%DB%8C%D8%AF-%D8%A8%D8%A7%DB%8C-%D8%B3%D8%A7%DB%8C%D8%AF-%D8%A8%D9%84%D9%88%D9%85%D8%A8%D8%B1%DA%AF-%D9%85%D8%AF%D9%84-KWD2440E" "Mozilla/5.0 (iPhone; CPU iPhone OS 11_0_3 like Mac OS X) AppleWebKit/604.1.38 (KHTML, like Gecko) Version/11.0 Mobile/15A432 Safari/604.1" "-"
207.154.254.69 - - [22/Jan/2019:04:11:58 +0330] "GET /static/images/guarantees/support.png HTTP/1.1" 200 6454 "https://www.zanbil.ir/m/product/32521/62904/%DB%8C%D8%AE%DA%86%D8%A7%D9%84-%D9%81%D8%B1%DB%8C%D8%B2%D8%B1-%D8%B3%D8%A7%DB%8C%D8%AF-%D8%A8%D8%A7%DB%8C-%D8%B3%D8%A7%DB%8C%D8%AF-%D8%A8%D9%84%D9%88%D9%85%D8%A8%D8%B1%DA%AF-%D9%85%D8%AF%D9%84-KWD2440E" "Mozilla/5.0 (iPhone; CPU iPhone OS 11_0_3 like Mac OS X) AppleWebKit/604.1.38 (KHTML, like Gecko) Version/11.0 Mobile/15A432 Safari/604.1" "-"
207.154.254.69 - - [22/Jan/2019:04:11:58 +0330] "HEAD /amp_preconnect_polyfill_404_or_other_error_expected._Do_not_worry_about_it?1548117900000 HTTP/1.1" 404 0 "https://www.zanbil.ir/m/product/32521/62904/%DB%8C%D8%AE%DA%86%D8%A7%D9%84-%D9%81%D8%B1%DB%8C%D8%B2%D8%B1-%D8%B3%D8%A7%DB%8C%D8%AF-%D8%A8%D8%A7%DB%8C-%D8%B3%D8%A7%DB%8C%D8%AF-%D8%A8%D9%84%D9%88%D9%85%D8%A8%D8%B1%DA%AF-%D9%85%D8%AF%D9%84-KWD2440E" "Mozilla/5.0 (iPhone; CPU iPhone OS 11_0_3 like Mac OS X) AppleWebKit/604.1.38 (KHTML, like Gecko) Version/11.0 Mobile/15A432 Safari/604.1" "-"
130.185.74.243 - - [22/Jan/2019:04:11:59 +0330] "GET /filter/stexists,p19,b261 HTTP/1.1" 200 32317 "-" "Mozilla/5.0 (Windows NT 6.1; rv:42.0) Gecko/20100101 Firefox/42.0" "-"
172.20.2.174 - - [22/Jan/2019:04:11:59 +0330] "GET /site/ping HTTP/1.1" 200 4 "-" "-" "-"
66.249.66.194 - - [22/Jan/2019:04:11:59 +0330] "GET /product/31588/%D9%BE%D9%84%D9%88%D9%BE%D8%B2-%DA%86%D9%86%D8%AF%DA%A9%D8%A7%D8%B1%D9%87-%D9%85%DB%8C%D8%AF%DB%8C%D8%A7-%D9%85%D8%AF%D9%84-PMC-0509AD HTTP/1.1" 302 0 "-" "Mozilla/5.0 (Linux; Android 6.0.1; Nexus 5X Build/MMB29P) AppleWebKit/537.36 (KHTML, like Gecko) Chrome/41.0.2272.96 Mobile Safari/537.36 (compatible; Googlebot/2.1; +http://www.google.com/bot.html)" "-"
5.117.242.204 - - [22/Jan/2019:04:11:59 +0330] "GET /filter/b1,p6 HTTP/1.1" 302 0 "https://www.google.com/" "Mozilla/5.0 (Linux; Android 7.0; Lenovo TB-7304N) AppleWebKit/537.36 (KHTML, like Gecko) Chrome/71.0.3578.99 Safari/537.36" "-"
157.55.39.175 - - [22/Jan/2019:04:11:59 +0330] "GET /image/48806/productModel/150x150 HTTP/1.1" 200 29008 "-" "Mozilla/5.0 (compatible; bingbot/2.0; +http://www.bing.com/bingbot.htm)" "-"
66.249.66.91 - - [22/Jan/2019:04:11:59 +0330] "GET /filter/b36%2Cb41%2Cb598%2Cb168%2Cb103%2Cb614%2Cb88%2Cb19%2Cb194%2Cb35%2Cb321%2Cb5%2Cb261%2Cb442%2Cb484%2Cb723%2Cb573%2Cb192%2Cb724%2Cb435%2Cb183%2Cb542%2Cb135%2Cb63%2Cb497%2Cb619%2Cb613%2Cb126%2Cb74%2Cb441%2Cb568%2Cb880%2Cb647%2Cb185%2Cb584%2Cb224%2Cb213%2Cb3%2Cb570%2Cb198%2Cb238%2Cb485%2Cb574%2Cb186%2Cb548%2Cstexists%2Cb215%2Cb904%2Cb615%2Cb603%2Cb203%2Cb43%2Cb152%2Cb95%2Cb147%2Cb143%2Cb656%2Cb2%2Cb308%2Cb80%2Cb22%2Cb883%2Cb523%2Cb903%2Cb258?page=3 HTTP/1.1" 200 42181 "-" "Mozilla/5.0 (compatible; Googlebot/2.1; +http://www.google.com/bot.html)" "-"
5.117.242.204 - - [22/Jan/2019:04:12:00 +0330] "GET /m/filter/b1%2Cp6 HTTP/1.1" 200 19494 "https://www.google.com/" "Mozilla/5.0 (Linux; Android 7.0; Lenovo TB-7304N) AppleWebKit/537.36 (KHTML, like Gecko) Chrome/71.0.3578.99 Safari/537.36" "-"
130.185.74.243 - - [22/Jan/2019:04:12:00 +0330] "GET /filter/stexists,p19,b261?page=1 HTTP/1.1" 200 30694 "-" "Mozilla/5.0 (Windows NT 6.1; rv:42.0) Gecko/20100101 Firefox/42.0" "-"
66.249.66.194 - - [22/Jan/2019:04:12:01 +0330] "GET /filter/b231%2Cp1%2Cb645 HTTP/1.1" 200 38140 "-" "Mozilla/5.0 (compatible; Googlebot/2.1; +http://www.google.com/bot.html)" "-"
66.249.66.194 - - [22/Jan/2019:04:12:01 +0330] "GET /m/product/31588/%D9%BE%D9%84%D9%88%D9%BE%D8%B2-%DA%86%D9%86%D8%AF%DA%A9%D8%A7%D8%B1%D9%87-%D9%85%DB%8C%D8%AF%DB%8C%D8%A7-%D9%85%D8%AF%D9%84-PMC-0509AD HTTP/1.1" 200 20680 "-" "Mozilla/5.0 (Linux; Android 6.0.1; Nexus 5X Build/MMB29P) AppleWebKit/537.36 (KHTML, like Gecko) Chrome/41.0.2272.96 Mobile Safari/537.36 (compatible; Googlebot/2.1; +http://www.google.com/bot.html)" "-"
157.55.39.175 - - [22/Jan/2019:04:12:01 +0330] "GET /image/62508/productModel/100x100 HTTP/1.1" 200 2895 "-" "Mozilla/5.0 (compatible; bingbot/2.0; +http://www.bing.com/bingbot.htm)" "-"
66.249.66.91 - - [22/Jan/2019:04:12:01 +0330] "GET /image/230/brand HTTP/1.1" 200 2079 "-" "Googlebot-Image/1.0" "-"
5.117.242.204 - - [22/Jan/2019:04:12:01 +0330] "GET /static/images/guarantees/bestPrice.png HTTP/1.1" 200 7356 "https://www.zanbil.ir/m/filter/b1%2Cp6" "Mozilla/5.0 (Linux; Android 7.0; Lenovo TB-7304N) AppleWebKit/537.36 (KHTML, like Gecko) Chrome/71.0.3578.99 Safari/537.36" "-"
5.117.242.204 - - [22/Jan/2019:04:12:01 +0330] "GET /static/images/guarantees/goodShopping.png HTTP/1.1" 200 6496 "https://www.zanbil.ir/m/filter/b1%2Cp6" "Mozilla/5.0 (Linux; Android 7.0; Lenovo TB-7304N) AppleWebKit/537.36 (KHTML, like Gecko) Chrome/71.0.3578.99 Safari/537.36" "-"
5.117.242.204 - - [22/Jan/2019:04:12:01 +0330] "GET /static/images/guarantees/warranty.png HTTP/1.1" 200 5807 "https://www.zanbil.ir/m/filter/b1%2Cp6" "Mozilla/5.0 (Linux; Android 7.0; Lenovo TB-7304N) AppleWebKit/537.36 (KHTML, like Gecko) Chrome/71.0.3578.99 Safari/537.36" "-"
5.117.242.204 - - [22/Jan/2019:04:12:01 +0330] "GET /static/images/guarantees/support.png HTTP/1.1" 200 6454 "https://www.zanbil.ir/m/filter/b1%2Cp6" "Mozilla/5.0 (Linux; Android 7.0; Lenovo TB-7304N) AppleWebKit/537.36 (KHTML, like Gecko) Chrome/71.0.3578.99 Safari/537.36" "-"
5.117.242.204 - - [22/Jan/2019:04:12:01 +0330] "GET /static/css/font/wyekan/font.woff HTTP/1.1" 200 28536 "https://www.zanbil.ir/m/filter/b1%2Cp6" "Mozilla/5.0 (Linux; Android 7.0; Lenovo TB-7304N) AppleWebKit/537.36 (KHTML, like Gecko) Chrome/71.0.3578.99 Safari/537.36" "-"
5.117.242.204 - - [22/Jan/2019:04:12:01 +0330] "GET /static/images/guarantees/fastDelivery.png HTTP/1.1" 200 7713 "https://www.zanbil.ir/m/filter/b1%2Cp6" "Mozilla/5.0 (Linux; Android 7.0; Lenovo TB-7304N) AppleWebKit/537.36 (KHTML, like Gecko) Chrome/71.0.3578.99 Safari/537.36" "-"
157.55.39.175 - - [22/Jan/2019:04:12:02 +0330] "GET /image/62508/productModel/150x150 HTTP/1.1" 200 5127 "-" "Mozilla/5.0 (compatible; bingbot/2.0; +http://www.bing.com/bingbot.htm)" "-"
130.185.74.243 - - [22/Jan/2019:04:12:02 +0330] "GET /filter/stexists,p68,b261 HTTP/1.1" 200 30578 "-" "Mozilla/5.0 (Windows NT 6.1; rv:42.0) Gecko/20100101 Firefox/42.0" "-"
66.249.66.194 - - [22/Jan/2019:04:12:03 +0330] "GET /m/filter/b22%2Cp1%2Cb153%2Cb883?o=b HTTP/1.1" 302 0 "-" "Mozilla/5.0 (compatible; Googlebot/2.1; +http://www.google.com/bot.html)" "-"
130.185.74.243 - - [22/Jan/2019:04:12:03 +0330] "GET /filter/stexists,p68,b261?page=1 HTTP/1.1" 200 30595 "-" "Mozilla/5.0 (Windows NT 6.1; rv:42.0) Gecko/20100101 Firefox/42.0" "-"
66.249.66.194 - - [22/Jan/2019:04:12:03 +0330] "GET /filter/b22%2Cp1%2Cb153%2Cb883?o=b HTTP/1.1" 302 0 "-" "Mozilla/5.0 (compatible; Googlebot/2.1; +http://www.google.com/bot.html)" "-"
66.249.66.91 - - [22/Jan/2019:04:12:04 +0330] "GET /filter/b656%2Cb703%2Cb32%2Cb67%2Cb226%2Cb41%2Cb598%2Cb168%2Cb723%2Cb597%2Cb88%2Cb548%2Cb6%2Cb679%2Cb215%2Cb105%2Cb194%2Cb74%2Cb542%2Cb35%2Cb113%2Cb820%2Cb574%2Cb442%2Cb880%2Cb645%2Cb724%2Cb118%2Cb482%2Cb400%2Cb95%2Cb135%2Cb249%2Cb435%2Cb221%2Cb523%2Cb854%2Cb126%2Cstexists%2Cb216%2Cb217%2Cb152%2Cb99%2Cb192%2Cb213%2Cb136%2Cb218%2Cb648%2Cb454%2Cb258%2Cb151%2Cb878?page=2 HTTP/1.1" 200 41071 "-" "Mozilla/5.0 (compatible; Googlebot/2.1; +http://www.google.com/bot.html)" "-"
52.7.238.253 - - [22/Jan/2019:04:12:04 +0330] "GET / HTTP/1.1" 301 178 "-" "Mozilla/5.0 (Windows NT 6.2; WOW64) AppleWebKit/537.36 (KHTML, like Gecko) Chrome/33.0.1750.154 Safari/537.36" "-"
5.117.242.204 - - [22/Jan/2019:04:12:04 +0330] "GET /settings/logo HTTP/1.1" 200 4120 "https://www.zanbil.ir/m/filter/b1%2Cp6" "Mozilla/5.0 (Linux; Android 7.0; Lenovo TB-7304N) AppleWebKit/537.36 (KHTML, like Gecko) Chrome/71.0.3578.99 Safari/537.36" "-"
5.117.242.204 - - [22/Jan/2019:04:12:04 +0330] "GET /image/55839/productModel/200x200 HTTP/1.1" 200 4873 "https://www.zanbil.ir/m/filter/b1%2Cp6" "Mozilla/5.0 (Linux; Android 7.0; Lenovo TB-7304N) AppleWebKit/537.36 (KHTML, like Gecko) Chrome/71.0.3578.99 Safari/537.36" "-"
5.117.242.204 - - [22/Jan/2019:04:12:04 +0330] "GET /image/61073/productModel/200x200 HTTP/1.1" 200 6408 "https://www.zanbil.ir/m/filter/b1%2Cp6" "Mozilla/5.0 (Linux; Android 7.0; Lenovo TB-7304N) AppleWebKit/537.36 (KHTML, like Gecko) Chrome/71.0.3578.99 Safari/537.36" "-"
5.117.242.204 - - [22/Jan/2019:04:12:04 +0330] "GET /image/54307/productModel/200x200 HTTP/1.1" 200 4808 "https://www.zanbil.ir/m/filter/b1%2Cp6" "Mozilla/5.0 (Linux; Android 7.0; Lenovo TB-7304N) AppleWebKit/537.36 (KHTML, like Gecko) Chrome/71.0.3578.99 Safari/537.36" "-"
5.117.242.204 - - [22/Jan/2019:04:12:04 +0330] "GET /image/61071/productModel/200x200 HTTP/1.1" 200 6595 "https://www.zanbil.ir/m/filter/b1%2Cp6" "Mozilla/5.0 (Linux; Android 7.0; Lenovo TB-7304N) AppleWebKit/537.36 (KHTML, like Gecko) Chrome/71.0.3578.99 Safari/537.36" "-"
5.117.242.204 - - [22/Jan/2019:04:12:04 +0330] "GET /image/56385/productModel/200x200 HTTP/1.1" 200 5646 "https://www.zanbil.ir/m/filter/b1%2Cp6" "Mozilla/5.0 (Linux; Android 7.0; Lenovo TB-7304N) AppleWebKit/537.36 (KHTML, like Gecko) Chrome/71.0.3578.99 Safari/537.36" "-"
130.185.74.243 - - [22/Jan/2019:04:12:05 +0330] "GET /filter/stexists,p29,b261 HTTP/1.1" 200 30470 "-" "Mozilla/5.0 (Windows NT 6.1; rv:42.0) Gecko/20100101 Firefox/42.0" "-"
5.117.242.204 - - [22/Jan/2019:04:12:05 +0330] "GET /image/55841/productModel/200x200 HTTP/1.1" 200 5937 "https://www.zanbil.ir/m/filter/b1%2Cp6" "Mozilla/5.0 (Linux; Android 7.0; Lenovo TB-7304N) AppleWebKit/537.36 (KHTML, like Gecko) Chrome/71.0.3578.99 Safari/537.36" "-"
66.249.66.194 - - [22/Jan/2019:04:12:05 +0330] "GET /m/filter/b103,b135,b136,b151,b180,b183,b192,b194,b198,b202,b203,b213,b219,b221,b226,b256,b32,b36,b41,b435,b441,b481,b497,b50,b570,b597,b598,b6,b613,b615,b645,b647,b67,b679,b724,b80,b854,b861,b874,b877,b88,stexists HTTP/1.1" 200 25799 "-" "Mozilla/5.0 (Linux; Android 6.0.1; Nexus 5X Build/MMB29P) AppleWebKit/537.36 (KHTML, like Gecko) Chrome/41.0.2272.96 Mobile Safari/537.36 (compatible; Googlebot/2.1; +http://www.google.com/bot.html)" "-"
5.117.242.204 - - [22/Jan/2019:04:12:05 +0330] "GET /amp-helper-frame.html?appId=a624a1c1-0c93-466a-a546-e146710f97e6&parentOrigin=https://www.zanbil.ir HTTP/1.1" 200 133 "https://www.zanbil.ir/m/filter/b1%2Cp6" "Mozilla/5.0 (Linux; Android 7.0; Lenovo TB-7304N) AppleWebKit/537.36 (KHTML, like Gecko) Chrome/71.0.3578.99 Safari/537.36" "-"
52.7.238.253 - - [22/Jan/2019:04:12:05 +0330] "GET / HTTP/1.1" 200 30730 "-" "Mozilla/5.0 (Windows NT 6.2; WOW64) AppleWebKit/537.36 (KHTML, like Gecko) Chrome/33.0.1750.154 Safari/537.36" "-"
66.249.66.194 - - [22/Jan/2019:04:12:05 +0330] "GET /m/browse/refrigerator-and-freezer/%DB%8C%D8%AE%DA%86%D8%A7%D9%84-%D9%81%D8%B1%DB%8C%D8%B2%D8%B1 HTTP/1.1" 200 19984 "-" "Mozilla/5.0 (Linux; Android 6.0.1; Nexus 5X Build/MMB29P) AppleWebKit/537.36 (KHTML, like Gecko) Chrome/41.0.2272.96 Mobile Safari/537.36 (compatible; Googlebot/2.1; +http://www.google.com/bot.html)" "-"
5.117.242.204 - - [22/Jan/2019:04:12:06 +0330] "GET /image/1218/mainSlideMobile HTTP/1.1" 200 68123 "https://www.zanbil.ir/m/filter/b1%2Cp6" "Mozilla/5.0 (Linux; Android 7.0; Lenovo TB-7304N) AppleWebKit/537.36 (KHTML, like Gecko) Chrome/71.0.3578.99 Safari/537.36" "-"
5.117.242.204 - - [22/Jan/2019:04:12:06 +0330] "GET /image/900/brand HTTP/1.1" 200 4424 "https://www.zanbil.ir/m/filter/b1%2Cp6" "Mozilla/5.0 (Linux; Android 7.0; Lenovo TB-7304N) AppleWebKit/537.36 (KHTML, like Gecko) Chrome/71.0.3578.99 Safari/537.36" "-"
5.117.242.204 - - [22/Jan/2019:04:12:06 +0330] "GET /image/43/brand HTTP/1.1" 200 2376 "https://www.zanbil.ir/m/filter/b1%2Cp6" "Mozilla/5.0 (Linux; Android 7.0; Lenovo TB-7304N) AppleWebKit/537.36 (KHTML, like Gecko) Chrome/71.0.3578.99 Safari/537.36" "-"
5.117.242.204 - - [22/Jan/2019:04:12:06 +0330] "GET /image/399/brand HTTP/1.1" 200 2302 "https://www.zanbil.ir/m/filter/b1%2Cp6" "Mozilla/5.0 (Linux; Android 7.0; Lenovo TB-7304N) AppleWebKit/537.36 (KHTML, like Gecko) Chrome/71.0.3578.99 Safari/537.36" "-"
5.117.242.204 - - [22/Jan/2019:04:12:06 +0330] "GET /image/8706/specialSale?role=mobile HTTP/1.1" 200 15777 "https://www.zanbil.ir/m/filter/b1%2Cp6" "Mozilla/5.0 (Linux; Android 7.0; Lenovo TB-7304N) AppleWebKit/537.36 (KHTML, like Gecko) Chrome/71.0.3578.99 Safari/537.36" "-"
5.117.242.204 - - [22/Jan/2019:04:12:06 +0330] "GET /image/886/brand HTTP/1.1" 200 3860 "https://www.zanbil.ir/m/filter/b1%2Cp6" "Mozilla/5.0 (Linux; Android 7.0; Lenovo TB-7304N) AppleWebKit/537.36 (KHTML, like Gecko) Chrome/71.0.3578.99 Safari/537.36" "-"
5.117.242.204 - - [22/Jan/2019:04:12:06 +0330] "GET /image/41/brand HTTP/1.1" 200 2946 "https://www.zanbil.ir/m/filter/b1%2Cp6" "Mozilla/5.0 (Linux; Android 7.0; Lenovo TB-7304N) AppleWebKit/537.36 (KHTML, like Gecko) Chrome/71.0.3578.99 Safari/537.36" "-"
5.117.242.204 - - [22/Jan/2019:04:12:06 +0330] "GET /image/6/productTypeType HTTP/1.1" 200 10900 "https://www.zanbil.ir/m/filter/b1%2Cp6" "Mozilla/5.0 (Linux; Android 7.0; Lenovo TB-7304N) AppleWebKit/537.36 (KHTML, like Gecko) Chrome/71.0.3578.99 Safari/537.36" "-"
5.117.242.204 - - [22/Jan/2019:04:12:06 +0330] "GET /image/4/productTypeType HTTP/1.1" 200 11319 "https://www.zanbil.ir/m/filter/b1%2Cp6" "Mozilla/5.0 (Linux; Android 7.0; Lenovo TB-7304N) AppleWebKit/537.36 (KHTML, like Gecko) Chrome/71.0.3578.99 Safari/537.36" "-"
130.185.74.243 - - [22/Jan/2019:04:12:06 +0330] "GET /filter/stexists,p29,b261?page=1 HTTP/1.1" 200 30485 "-" "Mozilla/5.0 (Windows NT 6.1; rv:42.0) Gecko/20100101 Firefox/42.0" "-"
5.117.242.204 - - [22/Jan/2019:04:12:06 +0330] "GET /image/54312/productModel/200x200 HTTP/1.1" 200 6660 "https://www.zanbil.ir/m/filter/b1%2Cp6" "Mozilla/5.0 (Linux; Android 7.0; Lenovo TB-7304N) AppleWebKit/537.36 (KHTML, like Gecko) Chrome/71.0.3578.99 Safari/537.36" "-"
5.117.242.204 - - [22/Jan/2019:04:12:06 +0330] "GET /image/57555/productModel/200x200 HTTP/1.1" 200 6316 "https://www.zanbil.ir/m/filter/b1%2Cp6" "Mozilla/5.0 (Linux; Android 7.0; Lenovo TB-7304N) AppleWebKit/537.36 (KHTML, like Gecko) Chrome/71.0.3578.99 Safari/537.36" "-"
66.249.66.194 - - [22/Jan/2019:04:12:06 +0330] "GET /filter/b22%2Cp1%2Cb153%2Cb883 HTTP/1.1" 200 38152 "-" "Mozilla/5.0 (compatible; Googlebot/2.1; +http://www.google.com/bot.html)" "-"
54.36.148.243 - - [22/Jan/2019:04:12:07 +0330] "GET /filter/b423%2Cp10142%2Cv1%7C%DA%A9%D8%B1%D9%85 HTTP/1.1" 200 31742 "-" "Mozilla/5.0 (compatible; AhrefsBot/6.1; +http://ahrefs.com/robot/)" "-"
5.117.242.204 - - [22/Jan/2019:04:12:07 +0330] "GET /image/974/mainSlideMobile HTTP/1.1" 200 65963 "https://www.zanbil.ir/m/filter/b1%2Cp6" "Mozilla/5.0 (Linux; Android 7.0; Lenovo TB-7304N) AppleWebKit/537.36 (KHTML, like Gecko) Chrome/71.0.3578.99 Safari/537.36" "-"
5.117.242.204 - - [22/Jan/2019:04:12:07 +0330] "GET /image/2/brand HTTP/1.1" 200 4842 "https://www.zanbil.ir/m/filter/b1%2Cp6" "Mozilla/5.0 (Linux; Android 7.0; Lenovo TB-7304N) AppleWebKit/537.36 (KHTML, like Gecko) Chrome/71.0.3578.99 Safari/537.36" "-"
5.117.242.204 - - [22/Jan/2019:04:12:07 +0330] "GET /image/35/brand HTTP/1.1" 200 2264 "https://www.zanbil.ir/m/filter/b1%2Cp6" "Mozilla/5.0 (Linux; Android 7.0; Lenovo TB-7304N) AppleWebKit/537.36 (KHTML, like Gecko) Chrome/71.0.3578.99 Safari/537.36" "-"
5.117.242.204 - - [22/Jan/2019:04:12:07 +0330] "GET /image/899/brand HTTP/1.1" 200 4848 "https://www.zanbil.ir/m/filter/b1%2Cp6" "Mozilla/5.0 (Linux; Android 7.0; Lenovo TB-7304N) AppleWebKit/537.36 (KHTML, like Gecko) Chrome/71.0.3578.99 Safari/537.36" "-"
5.117.242.204 - - [22/Jan/2019:04:12:07 +0330] "GET /image/105/brand HTTP/1.1" 200 2653 "https://www.zanbil.ir/m/filter/b1%2Cp6" "Mozilla/5.0 (Linux; Android 7.0; Lenovo TB-7304N) AppleWebKit/537.36 (KHTML, like Gecko) Chrome/71.0.3578.99 Safari/537.36" "-"
5.117.242.204 - - [22/Jan/2019:04:12:07 +0330] "GET /image/126/brand HTTP/1.1" 200 2436 "https://www.zanbil.ir/m/filter/b1%2Cp6" "Mozilla/5.0 (Linux; Android 7.0; Lenovo TB-7304N) AppleWebKit/537.36 (KHTML, like Gecko) Chrome/71.0.3578.99 Safari/537.36" "-"
5.117.242.204 - - [22/Jan/2019:04:12:08 +0330] "GET /favicon.ico HTTP/1.1" 200 0 "https://www.zanbil.ir/m/filter/b1%2Cp6" "Mozilla/5.0 (Linux; Android 7.0; Lenovo TB-7304N) AppleWebKit/537.36 (KHTML, like Gecko) Chrome/71.0.3578.99 Safari/537.36" "-"
130.185.74.243 - - [22/Jan/2019:04:12:08 +0330] "GET /filter/stexists,p28,b43 HTTP/1.1" 200 29665 "-" "Mozilla/5.0 (Windows NT 6.1; rv:42.0) Gecko/20100101 Firefox/42.0" "-"
