66.249.66.194 - - [22/Jan/2019:04:12:08 +0330] "GET /product/14302/24879/%D8%AD%D8%A7%D9%84%D8%AA-%D8%AF%D9%87%D9%86%D8%AF%D9%87-%D9%85%D9%88-%D9%BE%D8%A7%D9%86%D8%A7%D8%B3%D9%88%D9%86%DB%8C%DA%A9-%D9%85%D8%AF%D9%84-EH-KE46 HTTP/1.1" 302 0 "-" "Mozilla/5.0 (Linux; Android 6.0.1; Nexus 5X Build/MMB29P) AppleWebKit/537.36 (KHTML, like Gecko) Chrome/41.0.2272.96 Mobile Safari/537.36 (compatible; Googlebot/2.1; +http://www.google.com/bot.html)" "-"
207.46.13.136 - - [22/Jan/2019:04:12:09 +0330] "GET /product/30669/%D8%B9%D8%B7%D8%B1-%D9%88-%D8%A7%D8%AF%DA%A9%D9%84%D9%86-%D9%85%D8%B1%D8%AF%D8%A7%D9%86%D9%87-YVES-SAINT-LAURENT-%D9%85%D8%AF%D9%84-Yves-Saint-Laurent-La-Nuit-De-L-Homme-EDT HTTP/1.1" 200 42419 "-" "Mozilla/5.0 (compatible; bingbot/2.0; +http://www.bing.com/bingbot.htm)" "-"
51.15.15.54 - - [22/Jan/2019:04:12:09 +0330] "GET /blog/baby/child-health/child-clinical-thermometers/ HTTP/1.1" 200 20741 "-" "Barkrowler/0.9 (+http://www.exensa.com/crawl)" "-"
207.46.13.136 - - [22/Jan/2019:04:12:10 +0330] "GET /filter?f=b57%2Cb105%2Cb88 HTTP/1.1" 200 37189 "-" "Mozilla/5.0 (compatible; bingbot/2.0; +http://www.bing.com/bingbot.htm)" "-"
130.185.74.243 - - [22/Jan/2019:04:12:10 +0330] "GET /filter/stexists,p28,b43?page=1 HTTP/1.1" 200 29711 "-" "Mozilla/5.0 (Windows NT 6.1; rv:42.0) Gecko/20100101 Firefox/42.0" "-"
66.249.66.194 - - [22/Jan/2019:04:12:10 +0330] "GET /m/product/14302/24879/%D8%AD%D8%A7%D9%84%D8%AA-%D8%AF%D9%87%D9%86%D8%AF%D9%87-%D9%85%D9%88-%D9%BE%D8%A7%D9%86%D8%A7%D8%B3%D9%88%D9%86%DB%8C%DA%A9-%D9%85%D8%AF%D9%84-EH-KE46 HTTP/1.1" 200 20325 "-" "Mozilla/5.0 (Linux; Android 6.0.1; Nexus 5X Build/MMB29P) AppleWebKit/537.36 (KHTML, like Gecko) Chrome/41.0.2272.96 Mobile Safari/537.36 (compatible; Googlebot/2.1; +http://www.google.com/bot.html)" "-"
130.185.74.243 - - [22/Jan/2019:04:12:11 +0330] "GET /filter/stexists,p8946,b43 HTTP/1.1" 200 32237 "-" "Mozilla/5.0 (Windows NT 6.1; rv:42.0) Gecko/20100101 Firefox/42.0" "-"
66.249.66.194 - - [22/Jan/2019:04:12:11 +0330] "GET /m/filter/b118,b126,b148,b183,b186,b20,b212,b213,b221,b224,b249,b3,b32,b484,b485,b523,b542,b613,b63,b67,b724,b734,b820,b874,b95,b99 HTTP/1.1" 200 24776 "-" "Mozilla/5.0 (Linux; Android 6.0.1; Nexus 5X Build/MMB29P) AppleWebKit/537.36 (KHTML, like Gecko) Chrome/41.0.2272.96 Mobile Safari/537.36 (compatible; Googlebot/2.1; +http://www.google.com/bot.html)" "-"
207.46.13.136 - - [22/Jan/2019:04:12:11 +0330] "GET /product/30763/%D8%B1%DB%8C%D8%B4-%D8%AA%D8%B1%D8%A7%D8%B4-%D9%86%D9%88%D8%B3%D8%A7%D9%86%DB%8C-%D8%A8%D8%B1%D8%A7%D9%88%D9%86-%D9%85%D8%AF%D9%84-Braun-Shaver-3000s HTTP/1.1" 200 42230 "-" "Mozilla/5.0 (compatible; bingbot/2.0; +http://www.bing.com/bingbot.htm)" "-"
207.46.13.136 - - [22/Jan/2019:04:12:12 +0330] "GET /filter/b7%2Cb141%2Cb35%2Cb679 HTTP/1.1" 200 37101 "-" "Mozilla/5.0 (compatible; bingbot/2.0; +http://www.bing.com/bingbot.htm)" "-"
66.249.66.91 - - [22/Jan/2019:04:12:13 +0330] "GET /filter/b656%2Cb703%2Cb32%2Cb67%2Cb226%2Cb41%2Cb598%2Cb168%2Cb723%2Cb597%2Cb88%2Cb548%2Cb6%2Cb679%2Cb215%2Cb105%2Cb194%2Cb74%2Cb542%2Cb35%2Cb113%2Cb820%2Cb574%2Cb442%2Cb880%2Cb645%2Cb724%2Cb118%2Cb482%2Cb400%2Cb95%2Cb135%2Cb249%2Cb435%2Cb221%2Cb523%2Cb854%2Cb126%2Cstexists%2Cb216%2Cb217%2Cb152%2Cb99%2Cb192%2Cb213%2Cb136%2Cb218%2Cb648%2Cb454%2Cb258%2Cb151%2Cb22%2Cb36?page=3 HTTP/1.1" 200 39849 "-" "Mozilla/5.0 (compatible; Googlebot/2.1; +http://www.google.com/bot.html)" "-"
130.185.74.243 - - [22/Jan/2019:04:12:13 +0330] "GET /filter/stexists,p8946,b43?page=1 HTTP/1.1" 200 29673 "-" "Mozilla/5.0 (Windows NT 6.1; rv:42.0) Gecko/20100101 Firefox/42.0" "-"
5.117.242.204 - - [22/Jan/2019:04:12:13 +0330] "GET /image/55914/productModel/200x200 HTTP/1.1" 200 5940 "https://www.zanbil.ir/m/filter/b1%2Cp6" "Mozilla/5.0 (Linux; Android 7.0; Lenovo TB-7304N) AppleWebKit/537.36 (KHTML, like Gecko) Chrome/71.0.3578.99 Safari/537.36" "-"
5.117.242.204 - - [22/Jan/2019:04:12:13 +0330] "GET /image/61076/productModel/200x200 HTTP/1.1" 200 5531 "https://www.zanbil.ir/m/filter/b1%2Cp6" "Mozilla/5.0 (Linux; Android 7.0; Lenovo TB-7304N) AppleWebKit/537.36 (KHTML, like Gecko) Chrome/71.0.3578.99 Safari/537.36" "-"
66.249.66.194 - - [22/Jan/2019:04:12:13 +0330] "GET /product/19191/40895/%D8%A8%D9%88%D8%B3%D8%AA%D8%A7%D9%86-%D8%B3%D8%B9%D8%AF%DB%8C-%D8%A7%D9%86%D8%AA%D8%B4%D8%A7%D8%B1%D8%A7%D8%AA-%D9%BE%DB%8C%D8%A7%D9%85-%D8%B9%D8%AF%D8%A7%D9%84%D8%AA-%D9%85%D8%AF%D9%84-%D8%A8%D9%88%D8%B3%D8%AA%D8%A7%D9%86-%D8%B3%D8%B9%D8%AF%DB%8C-%D9%85%D8%B9%D8%B7%D8%B1 HTTP/1.1" 302 0 "-" "Mozilla/5.0 (Linux; Android 6.0.1; Nexus 5X Build/MMB29P) AppleWebKit/537.36 (KHTML, like Gecko) Chrome/41.0.2272.96 Mobile Safari/537.36 (compatible; Googlebot/2.1; +http://www.google.com/bot.html)" "-"
66.249.66.194 - - [22/Jan/2019:04:12:14 +0330] "GET /m/filter/b1,b103,b126,b136,b143,b147,b148,b151,b183,b185,b188,b192,b20,b203,b209,b216,b218,b221,b226,b231,b249,b256,b261,b270,b3,b308,b32,b36,b41,b42,b441,b481,b484,b485,b523,b548,b570,b573,b598,b613,b614,b647,b648,b651,b701,b703,b874,b88,b880,b883,b890,b900,b99,stexists HTTP/1.1" 200 26935 "-" "Mozilla/5.0 (Linux; Android 6.0.1; Nexus 5X Build/MMB29P) AppleWebKit/537.36 (KHTML, like Gecko) Chrome/41.0.2272.96 Mobile Safari/537.36 (compatible; Googlebot/2.1; +http://www.google.com/bot.html)" "-"
194.94.127.7 - - [22/Jan/2019:04:12:14 +0330] "GET / HTTP/1.1" 301 178 "-" "Mozilla/5.0 (X11; Mageia 5; Linux x86_64; rv:52.0) Gecko/20100101 Firefox/52.0" "-"
130.185.74.243 - - [22/Jan/2019:04:12:15 +0330] "GET /filter/stexists,p68,b43 HTTP/1.1" 200 29395 "-" "Mozilla/5.0 (Windows NT 6.1; rv:42.0) Gecko/20100101 Firefox/42.0" "-"
5.114.74.54 - - [22/Jan/2019:04:12:15 +0330] "GET /image/32172?name=sg1-2222.jpg&wh=200x200 HTTP/1.1" 200 3997 "-" "Dalvik/2.1.0 (Linux; U; Android 7.0; SM-J730F Build/NRD90M)" "-"
194.94.127.7 - - [22/Jan/2019:04:12:15 +0330] "GET / HTTP/1.1" 200 30730 "-" "Mozilla/5.0 (X11; Mageia 5; Linux x86_64; rv:52.0) Gecko/20100101 Firefox/52.0" "-"
194.94.127.7 - - [22/Jan/2019:04:12:15 +0330] "GET /static/images/favicon.ico HTTP/1.1" 200 152 "-" "Mozilla/5.0 (X11; Mageia 5; Linux x86_64; rv:52.0) Gecko/20100101 Firefox/52.0" "-"
194.94.127.7 - - [22/Jan/2019:04:12:15 +0330] "GET /static/bundle-bundle_site_head.css HTTP/1.1" 200 55531 "https://www.zanbil.ir/" "Mozilla/5.0 (X11; Mageia 5; Linux x86_64; rv:52.0) Gecko/20100101 Firefox/52.0" "-"
207.46.13.136 - - [22/Jan/2019:04:12:16 +0330] "GET /filter/b1%2Cb2%2Cb36%2Cb67%2Cb8%2Cp1%2Cb133 HTTP/1.1" 200 38642 "-" "Mozilla/5.0 (compatible; bingbot/2.0; +http://www.bing.com/bingbot.htm)" "-"
194.94.127.7 - - [22/Jan/2019:04:12:16 +0330] "GET /image/%7B%7BbasketItem.id%7D%7D?type=productModel&wh=50x50 HTTP/1.1" 200 5 "https://www.zanbil.ir/" "Mozilla/5.0 (X11; Mageia 5; Linux x86_64; rv:52.0) Gecko/20100101 Firefox/52.0" "-"
194.94.127.7 - - [22/Jan/2019:04:12:16 +0330] "GET /static/bundle-bundle_site_defer.min.js HTTP/1.1" 200 185207 "https://www.zanbil.ir/" "Mozilla/5.0 (X11; Mageia 5; Linux x86_64; rv:52.0) Gecko/20100101 Firefox/52.0" "-"
66.249.66.194 - - [22/Jan/2019:04:12:16 +0330] "GET /m/product/19191/40895/%D8%A8%D9%88%D8%B3%D8%AA%D8%A7%D9%86-%D8%B3%D8%B9%D8%AF%DB%8C-%D8%A7%D9%86%D8%AA%D8%B4%D8%A7%D8%B1%D8%A7%D8%AA-%D9%BE%DB%8C%D8%A7%D9%85-%D8%B9%D8%AF%D8%A7%D9%84%D8%AA-%D9%85%D8%AF%D9%84-%D8%A8%D9%88%D8%B3%D8%AA%D8%A7%D9%86-%D8%B3%D8%B9%D8%AF%DB%8C-%D9%85%D8%B9%D8%B7%D8%B1 HTTP/1.1" 200 19911 "-" "Mozilla/5.0 (Linux; Android 6.0.1; Nexus 5X Build/MMB29P) AppleWebKit/537.36 (KHTML, like Gecko) Chrome/41.0.2272.96 Mobile Safari/537.36 (compatible; Googlebot/2.1; +http://www.google.com/bot.html)" "-"
37.129.110.227 - - [22/Jan/2019:04:12:16 +0330] "GET /image/28200?name=model-b2032u-black.jpg&wh=200x200 HTTP/1.1" 200 3859 "-" "Dalvik/2.1.0 (Linux; U; Android 7.0; SM-A710F Build/NRD90M)" "-"
194.94.127.7 - - [22/Jan/2019:04:12:16 +0330] "GET /image/1215/mainSlide HTTP/1.1" 200 90970 "https://www.zanbil.ir/" "Mozilla/5.0 (X11; Mageia 5; Linux x86_64; rv:52.0) Gecko/20100101 Firefox/52.0" "-"
194.94.127.7 - - [22/Jan/2019:04:12:16 +0330] "GET /image/1218/mainSlide HTTP/1.1" 200 91935 "https://www.zanbil.ir/" "Mozilla/5.0 (X11; Mageia 5; Linux x86_64; rv:52.0) Gecko/20100101 Firefox/52.0" "-"
194.94.127.7 - - [22/Jan/2019:04:12:16 +0330] "GET /image/8739/specialSale HTTP/1.1" 200 36441 "https://www.zanbil.ir/" "Mozilla/5.0 (X11; Mageia 5; Linux x86_64; rv:52.0) Gecko/20100101 Firefox/52.0" "-"
194.94.127.7 - - [22/Jan/2019:04:12:16 +0330] "GET /settings/logo HTTP/1.1" 200 4120 "https://www.zanbil.ir/" "Mozilla/5.0 (X11; Mageia 5; Linux x86_64; rv:52.0) Gecko/20100101 Firefox/52.0" "-"
194.94.127.7 - - [22/Jan/2019:04:12:16 +0330] "GET /image/1/productType/240x180 HTTP/1.1" 200 16901 "https://www.zanbil.ir/" "Mozilla/5.0 (X11; Mageia 5; Linux x86_64; rv:52.0) Gecko/20100101 Firefox/52.0" "-"
194.94.127.7 - - [22/Jan/2019:04:12:16 +0330] "GET /image/8712/specialSale HTTP/1.1" 200 36301 "https://www.zanbil.ir/" "Mozilla/5.0 (X11; Mageia 5; Linux x86_64; rv:52.0) Gecko/20100101 Firefox/52.0" "-"
194.94.127.7 - - [22/Jan/2019:04:12:16 +0330] "GET /image/8727/specialSale HTTP/1.1" 200 36325 "https://www.zanbil.ir/" "Mozilla/5.0 (X11; Mageia 5; Linux x86_64; rv:52.0) Gecko/20100101 Firefox/52.0" "-"
194.94.127.7 - - [22/Jan/2019:04:12:16 +0330] "GET /image/38/productType/240x180 HTTP/1.1" 200 7963 "https://www.zanbil.ir/" "Mozilla/5.0 (X11; Mageia 5; Linux x86_64; rv:52.0) Gecko/20100101 Firefox/52.0" "-"
194.94.127.7 - - [22/Jan/2019:04:12:16 +0330] "GET /image/51/productType/240x180 HTTP/1.1" 200 17251 "https://www.zanbil.ir/" "Mozilla/5.0 (X11; Mageia 5; Linux x86_64; rv:52.0) Gecko/20100101 Firefox/52.0" "-"
194.94.127.7 - - [22/Jan/2019:04:12:16 +0330] "GET /image/1210/mainSlide HTTP/1.1" 200 111160 "https://www.zanbil.ir/" "Mozilla/5.0 (X11; Mageia 5; Linux x86_64; rv:52.0) Gecko/20100101 Firefox/52.0" "-"
194.94.127.7 - - [22/Jan/2019:04:12:16 +0330] "GET /image/5506/productType/240x180 HTTP/1.1" 200 16837 "https://www.zanbil.ir/" "Mozilla/5.0 (X11; Mageia 5; Linux x86_64; rv:52.0) Gecko/20100101 Firefox/52.0" "-"
130.185.74.243 - - [22/Jan/2019:04:12:16 +0330] "GET /filter/stexists,p68,b43?page=1 HTTP/1.1" 200 29411 "-" "Mozilla/5.0 (Windows NT 6.1; rv:42.0) Gecko/20100101 Firefox/42.0" "-"
194.94.127.7 - - [22/Jan/2019:04:12:16 +0330] "GET /image/11640/productType/240x180 HTTP/1.1" 200 17339 "https://www.zanbil.ir/" "Mozilla/5.0 (X11; Mageia 5; Linux x86_64; rv:52.0) Gecko/20100101 Firefox/52.0" "-"
194.94.127.7 - - [22/Jan/2019:04:12:16 +0330] "GET /image/5935/productType/240x180 HTTP/1.1" 200 17326 "https://www.zanbil.ir/" "Mozilla/5.0 (X11; Mageia 5; Linux x86_64; rv:52.0) Gecko/20100101 Firefox/52.0" "-"
194.94.127.7 - - [22/Jan/2019:04:12:16 +0330] "GET /image/6213/productType/240x180 HTTP/1.1" 200 17786 "https://www.zanbil.ir/" "Mozilla/5.0 (X11; Mageia 5; Linux x86_64; rv:52.0) Gecko/20100101 Firefox/52.0" "-"
194.94.127.7 - - [22/Jan/2019:04:12:16 +0330] "GET /image/11671/productType/240x180 HTTP/1.1" 200 17046 "https://www.zanbil.ir/" "Mozilla/5.0 (X11; Mageia 5; Linux x86_64; rv:52.0) Gecko/20100101 Firefox/52.0" "-"
194.94.127.7 - - [22/Jan/2019:04:12:16 +0330] "GET /image/11893/productType/240x180 HTTP/1.1" 200 11916 "https://www.zanbil.ir/" "Mozilla/5.0 (X11; Mageia 5; Linux x86_64; rv:52.0) Gecko/20100101 Firefox/52.0" "-"
194.94.127.7 - - [22/Jan/2019:04:12:16 +0330] "GET /image/33536/productType/240x180 HTTP/1.1" 200 22177 "https://www.zanbil.ir/" "Mozilla/5.0 (X11; Mageia 5; Linux x86_64; rv:52.0) Gecko/20100101 Firefox/52.0" "-"
194.94.127.7 - - [22/Jan/2019:04:12:16 +0330] "GET /image/1194/article/100x100 HTTP/1.1" 200 10421 "https://www.zanbil.ir/" "Mozilla/5.0 (X11; Mageia 5; Linux x86_64; rv:52.0) Gecko/20100101 Firefox/52.0" "-"
194.94.127.7 - - [22/Jan/2019:04:12:16 +0330] "GET /static/images/third-party/footer.png HTTP/1.1" 200 56076 "https://www.zanbil.ir/" "Mozilla/5.0 (X11; Mageia 5; Linux x86_64; rv:52.0) Gecko/20100101 Firefox/52.0" "-"
194.94.127.7 - - [22/Jan/2019:04:12:16 +0330] "GET /image/1195/article/100x100 HTTP/1.1" 200 12946 "https://www.zanbil.ir/" "Mozilla/5.0 (X11; Mageia 5; Linux x86_64; rv:52.0) Gecko/20100101 Firefox/52.0" "-"
194.94.127.7 - - [22/Jan/2019:04:12:16 +0330] "GET /image/1191/article/100x100 HTTP/1.1" 200 18870 "https://www.zanbil.ir/" "Mozilla/5.0 (X11; Mageia 5; Linux x86_64; rv:52.0) Gecko/20100101 Firefox/52.0" "-"
194.94.127.7 - - [22/Jan/2019:04:12:16 +0330] "GET /static/images/amp/instagram.png HTTP/1.1" 200 7146 "https://www.zanbil.ir/" "Mozilla/5.0 (X11; Mageia 5; Linux x86_64; rv:52.0) Gecko/20100101 Firefox/52.0" "-"
194.94.127.7 - - [22/Jan/2019:04:12:16 +0330] "GET /image/1193/article/100x100 HTTP/1.1" 200 19086 "https://www.zanbil.ir/" "Mozilla/5.0 (X11; Mageia 5; Linux x86_64; rv:52.0) Gecko/20100101 Firefox/52.0" "-"
194.94.127.7 - - [22/Jan/2019:04:12:16 +0330] "GET /static/images/amp/telegram.png HTTP/1.1" 200 4859 "https://www.zanbil.ir/" "Mozilla/5.0 (X11; Mageia 5; Linux x86_64; rv:52.0) Gecko/20100101 Firefox/52.0" "-"
194.94.127.7 - - [22/Jan/2019:04:12:16 +0330] "GET /static/css/font/wyekan/font.woff HTTP/1.1" 200 28536 "https://znbl.ir/static/bundle-bundle_site_head.css" "Mozilla/5.0 (X11; Mageia 5; Linux x86_64; rv:52.0) Gecko/20100101 Firefox/52.0" "-"
194.94.127.7 - - [22/Jan/2019:04:12:16 +0330] "GET /static/images/amp/blog.png HTTP/1.1" 200 3863 "https://www.zanbil.ir/" "Mozilla/5.0 (X11; Mageia 5; Linux x86_64; rv:52.0) Gecko/20100101 Firefox/52.0" "-"
194.94.127.7 - - [22/Jan/2019:04:12:17 +0330] "GET /static/images/guarantees/goodShopping.png HTTP/1.1" 200 6496 "https://www.zanbil.ir/" "Mozilla/5.0 (X11; Mageia 5; Linux x86_64; rv:52.0) Gecko/20100101 Firefox/52.0" "-"
194.94.127.7 - - [22/Jan/2019:04:12:17 +0330] "GET /static/images/search-category-arrow.png HTTP/1.1" 200 217 "https://znbl.ir/static/bundle-bundle_site_head.css" "Mozilla/5.0 (X11; Mageia 5; Linux x86_64; rv:52.0) Gecko/20100101 Firefox/52.0" "-"
194.94.127.7 - - [22/Jan/2019:04:12:17 +0330] "GET /static/images/icons/btn-search.png HTTP/1.1" 200 393 "https://znbl.ir/static/bundle-bundle_site_head.css" "Mozilla/5.0 (X11; Mageia 5; Linux x86_64; rv:52.0) Gecko/20100101 Firefox/52.0" "-"
194.94.127.7 - - [22/Jan/2019:04:12:17 +0330] "GET /static/images/guarantees/warranty.png HTTP/1.1" 200 5807 "https://www.zanbil.ir/" "Mozilla/5.0 (X11; Mageia 5; Linux x86_64; rv:52.0) Gecko/20100101 Firefox/52.0" "-"
194.94.127.7 - - [22/Jan/2019:04:12:17 +0330] "GET /static/css/font_awesome/fonts/fontawesome-webfont.woff2?v=4.7.0 HTTP/1.1" 200 77171 "https://znbl.ir/static/bundle-bundle_site_head.css" "Mozilla/5.0 (X11; Mageia 5; Linux x86_64; rv:52.0) Gecko/20100101 Firefox/52.0" "-"
207.46.13.136 - - [22/Jan/2019:04:12:17 +0330] "GET /filter/b1,b103,b105,b109,b111,b113,b135,b144,b176,b186,b221,b231,b261,b291,b42,b481,b52,b598,b615,b734,b77,b83 HTTP/1.1" 200 37687 "-" "Mozilla/5.0 (compatible; bingbot/2.0; +http://www.bing.com/bingbot.htm)" "-"
194.94.127.7 - - [22/Jan/2019:04:12:17 +0330] "GET /static/images/guarantees/bestPrice.png HTTP/1.1" 200 7356 "https://www.zanbil.ir/" "Mozilla/5.0 (X11; Mageia 5; Linux x86_64; rv:52.0) Gecko/20100101 Firefox/52.0" "-"
194.94.127.7 - - [22/Jan/2019:04:12:17 +0330] "GET /static/images/guarantees/fastDelivery.png HTTP/1.1" 200 7713 "https://www.zanbil.ir/" "Mozilla/5.0 (X11; Mageia 5; Linux x86_64; rv:52.0) Gecko/20100101 Firefox/52.0" "-"
194.94.127.7 - - [22/Jan/2019:04:12:17 +0330] "GET /static/images/guarantees/pos.png HTTP/1.1" 200 6465 "https://www.zanbil.ir/" "Mozilla/5.0 (X11; Mageia 5; Linux x86_64; rv:52.0) Gecko/20100101 Firefox/52.0" "-"
194.94.127.7 - - [22/Jan/2019:04:12:17 +0330] "GET /static/images/guarantees/support.png HTTP/1.1" 200 6454 "https://www.zanbil.ir/" "Mozilla/5.0 (X11; Mageia 5; Linux x86_64; rv:52.0) Gecko/20100101 Firefox/52.0" "-"
194.94.127.7 - - [22/Jan/2019:04:12:17 +0330] "GET /static/images/arrow-right.png HTTP/1.1" 200 475 "https://znbl.ir/static/bundle-bundle_site_head.css" "Mozilla/5.0 (X11; Mageia 5; Linux x86_64; rv:52.0) Gecko/20100101 Firefox/52.0" "-"
194.94.127.7 - - [22/Jan/2019:04:12:17 +0330] "GET /static/images/loading.gif HTTP/1.1" 200 7370 "https://znbl.ir/static/bundle-bundle_site_head.css" "Mozilla/5.0 (X11; Mageia 5; Linux x86_64; rv:52.0) Gecko/20100101 Firefox/52.0" "-"
194.94.127.7 - - [22/Jan/2019:04:12:17 +0330] "GET /static/images/arrow-left.png HTTP/1.1" 200 474 "https://znbl.ir/static/bundle-bundle_site_head.css" "Mozilla/5.0 (X11; Mageia 5; Linux x86_64; rv:52.0) Gecko/20100101 Firefox/52.0" "-"
194.94.127.7 - - [22/Jan/2019:04:12:17 +0330] "GET /static/images/jcountdown/jcountdown_metal_black.png HTTP/1.1" 200 17355 "https://znbl.ir/static/bundle-bundle_site_head.css" "Mozilla/5.0 (X11; Mageia 5; Linux x86_64; rv:52.0) Gecko/20100101 Firefox/52.0" "-"
194.94.127.7 - - [22/Jan/2019:04:12:17 +0330] "GET /static/images/zanbil-kharid.png HTTP/1.1" 200 358 "https://znbl.ir/static/bundle-bundle_site_head.css" "Mozilla/5.0 (X11; Mageia 5; Linux x86_64; rv:52.0) Gecko/20100101 Firefox/52.0" "-"
194.94.127.7 - - [22/Jan/2019:04:12:17 +0330] "GET /static/images/tracking-bg.png HTTP/1.1" 200 16988 "https://www.zanbil.ir/" "Mozilla/5.0 (X11; Mageia 5; Linux x86_64; rv:52.0) Gecko/20100101 Firefox/52.0" "-"
130.185.74.243 - - [22/Jan/2019:04:12:17 +0330] "GET /filter/stexists,p29,b43 HTTP/1.1" 200 30486 "-" "Mozilla/5.0 (Windows NT 6.1; rv:42.0) Gecko/20100101 Firefox/42.0" "-"
66.249.66.91 - - [22/Jan/2019:04:12:18 +0330] "GET /filter/b481%2Cb874%2Cb226%2Cb570%2Cb598%2Cstexists%2Cb880%2Cb270%2Cb883%2Cb99%2Cb261%2Cb249%2Cb20%2Cb701%2Cb42%2Cb548%2Cb183%2Cb88%2Cb308%2Cb103%2Cb1%2Cb126%2Cb523%2Cb900%2Cb192%2Cb188%2Cb703%2Cb890%2Cb148%2Cb256%2Cb651%2Cb41%2Cb647%2Cb613%2Cb221%2Cb36%2Cb614%2Cb3%2Cb216%2Cb218%2Cb136%2Cb573%2Cb151%2Cb185%2Cb32%2Cb441%2Cb143%2Cb648%2Cb203%2Cb209%2Cb231%2Cb485%2Cb147%2Cb484?page=8 HTTP/1.1" 200 41411 "-" "Mozilla/5.0 (compatible; Googlebot/2.1; +http://www.google.com/bot.html)" "-"
130.185.74.243 - - [22/Jan/2019:04:12:18 +0330] "GET /filter/stexists,p29,b43?page=1 HTTP/1.1" 200 30501 "-" "Mozilla/5.0 (Windows NT 6.1; rv:42.0) Gecko/20100101 Firefox/42.0" "-"
5.117.242.204 - - [22/Jan/2019:04:12:19 +0330] "GET /image/54745/productModel/200x200 HTTP/1.1" 200 5513 "https://www.zanbil.ir/m/filter/b1%2Cp6" "Mozilla/5.0 (Linux; Android 7.0; Lenovo TB-7304N) AppleWebKit/537.36 (KHTML, like Gecko) Chrome/71.0.3578.99 Safari/537.36" "-"
5.117.242.204 - - [22/Jan/2019:04:12:19 +0330] "GET /image/58732/productModel/200x200 HTTP/1.1" 200 5370 "https://www.zanbil.ir/m/filter/b1%2Cp6" "Mozilla/5.0 (Linux; Android 7.0; Lenovo TB-7304N) AppleWebKit/537.36 (KHTML, like Gecko) Chrome/71.0.3578.99 Safari/537.36" "-"
54.36.149.44 - - [22/Jan/2019:04:12:19 +0330] "GET /filter/p12349%2Cv1%7C123Artwork%2Cv1%7CFox HTTP/1.1" 200 32043 "-" "Mozilla/5.0 (compatible; AhrefsBot/6.1; +http://ahrefs.com/robot/)" "-"
66.249.66.194 - - [22/Jan/2019:04:12:19 +0330] "GET /m/filter?f=p5936%2Cv1%7C%D8%B3%D8%A8%D8%B2.%2Cb188%2Cv1%7C%D8%B3%D9%81%DB%8C%D8%AF.%2Cb584%2Cb619&o=b HTTP/1.1" 302 0 "-" "Mozilla/5.0 (compatible; Googlebot/2.1; +http://www.google.com/bot.html)" "-"
66.249.66.194 - - [22/Jan/2019:04:12:19 +0330] "GET /product/23021/%DB%8C%D8%AE%DA%86%D8%A7%D9%84-%D9%81%D8%B1%DB%8C%D8%B2%D8%B1-%D9%81%D8%B1%DB%8C%D8%B2%D8%B1-%D8%A8%D8%A7%D9%84%D8%A7-%D9%87%D8%A7%DB%8C%D8%B3%D9%86%D8%B3-%D9%85%D8%AF%D9%84-RD-65WR4SZA HTTP/1.1" 200 40346 "-" "Mozilla/5.0 (compatible; Googlebot/2.1; +http://www.google.com/bot.html)" "-"
207.46.13.136 - - [22/Jan/2019:04:12:19 +0330] "GET /filter/b149,b33 HTTP/1.1" 200 35729 "-" "Mozilla/5.0 (compatible; bingbot/2.0; +http://www.bing.com/bingbot.htm)" "-"
66.249.66.194 - - [22/Jan/2019:04:12:19 +0330] "GET /filter/p5936%2Cv1%7C%D8%B3%D8%A8%D8%B2.%2Cb188%2Cv1%7C%D8%B3%D9%81%DB%8C%D8%AF.%2Cb584%2Cb619?o=b HTTP/1.1" 302 0 "-" "Mozilla/5.0 (compatible; Googlebot/2.1; +http://www.google.com/bot.html)" "-"
194.94.127.7 - - [22/Jan/2019:04:12:20 +0330] "GET /site/enamad HTTP/1.1" 200 278 "https://www.zanbil.ir/" "Mozilla/5.0 (X11; Mageia 5; Linux x86_64; rv:52.0) Gecko/20100101 Firefox/52.0" "-"
194.94.127.7 - - [22/Jan/2019:04:12:20 +0330] "GET /site/alexaGooleAnalitic HTTP/1.1" 200 323 "https://www.zanbil.ir/" "Mozilla/5.0 (X11; Mageia 5; Linux x86_64; rv:52.0) Gecko/20100101 Firefox/52.0" "-"
5.117.242.204 - - [22/Jan/2019:04:12:20 +0330] "GET /m/product/27456/55839/%D9%85%D8%A7%D8%B4%DB%8C%D9%86-%D9%84%D8%A8%D8%A7%D8%B3%D8%B4%D9%88%DB%8C%DB%8C-%D8%AF%D8%B1%D8%A8-%D8%A7%D8%B2-%D8%AC%D9%84%D9%88-%D8%B3%D8%A7%D9%85%D8%B3%D9%88%D9%86%DA%AF-%D9%85%D8%AF%D9%84-Q1469-S HTTP/1.1" 200 21902 "https://www.zanbil.ir/m/filter/b1%2Cp6" "Mozilla/5.0 (Linux; Android 7.0; Lenovo TB-7304N) AppleWebKit/537.36 (KHTML, like Gecko) Chrome/71.0.3578.99 Safari/537.36" "-"
5.117.242.204 - - [22/Jan/2019:04:12:20 +0330] "GET /discountLabel/get/3?type=mobileSmallIcon HTTP/1.1" 200 4336 "https://www.zanbil.ir/m/product/27456/55839/%D9%85%D8%A7%D8%B4%DB%8C%D9%86-%D9%84%D8%A8%D8%A7%D8%B3%D8%B4%D9%88%DB%8C%DB%8C-%D8%AF%D8%B1%D8%A8-%D8%A7%D8%B2-%D8%AC%D9%84%D9%88-%D8%B3%D8%A7%D9%85%D8%B3%D9%88%D9%86%DA%AF-%D9%85%D8%AF%D9%84-Q1469-S" "Mozilla/5.0 (Linux; Android 7.0; Lenovo TB-7304N) AppleWebKit/537.36 (KHTML, like Gecko) Chrome/71.0.3578.99 Safari/537.36" "-"
66.249.66.194 - - [22/Jan/2019:04:12:21 +0330] "GET /filter/p5936%2Cv1%7C%D8%B3%D8%A8%D8%B2.%2Cb188%2Cv1%7C%D8%B3%D9%81%DB%8C%D8%AF.%2Cb584%2Cb619 HTTP/1.1" 200 33154 "-" "Mozilla/5.0 (compatible; Googlebot/2.1; +http://www.google.com/bot.html)" "-"
5.113.181.161 - - [22/Jan/2019:04:12:21 +0330] "GET /image/27623?name=c7d692.jpg&wh=200x200 HTTP/1.1" 200 4751 "-" "Dalvik/2.1.0 (Linux; U; Android 5.1.1; LG-K130 Build/LMY47V)" "-"
130.185.74.243 - - [22/Jan/2019:04:12:21 +0330] "GET /filter/stexists,p19,b41 HTTP/1.1" 200 30973 "-" "Mozilla/5.0 (Windows NT 6.1; rv:42.0) Gecko/20100101 Firefox/42.0" "-"
34.247.132.53 - - [22/Jan/2019:04:12:21 +0330] "GET / HTTP/1.1" 200 29667 "-" "Mozilla/5.0 (Windows NT 10.0; Win64; x64) AppleWebKit/537.36 (KHTML, like Gecko) Chrome/63.0.3239.84 Safari/537.36" "-"
5.117.242.204 - - [22/Jan/2019:04:12:22 +0330] "GET /settings/logo HTTP/1.1" 200 4120 "https://www.zanbil.ir/m/product/27456/55839/%D9%85%D8%A7%D8%B4%DB%8C%D9%86-%D9%84%D8%A8%D8%A7%D8%B3%D8%B4%D9%88%DB%8C%DB%8C-%D8%AF%D8%B1%D8%A8-%D8%A7%D8%B2-%D8%AC%D9%84%D9%88-%D8%B3%D8%A7%D9%85%D8%B3%D9%88%D9%86%DA%AF-%D9%85%D8%AF%D9%84-Q1469-S" "Mozilla/5.0 (Linux; Android 7.0; Lenovo TB-7304N) AppleWebKit/537.36 (KHTML, like Gecko) Chrome/71.0.3578.99 Safari/537.36" "-"
130.185.74.243 - - [22/Jan/2019:04:12:22 +0330] "GET /filter/stexists,p19,b41?page=1 HTTP/1.1" 200 29549 "-" "Mozilla/5.0 (Windows NT 6.1; rv:42.0) Gecko/20100101 Firefox/42.0" "-"
5.117.242.204 - - [22/Jan/2019:04:12:23 +0330] "GET /image/27456?name=a7c094.jpg&wh=max HTTP/1.1" 200 31866 "https://www.zanbil.ir/m/product/27456/55839/%D9%85%D8%A7%D8%B4%DB%8C%D9%86-%D9%84%D8%A8%D8%A7%D8%B3%D8%B4%D9%88%DB%8C%DB%8C-%D8%AF%D8%B1%D8%A8-%D8%A7%D8%B2-%D8%AC%D9%84%D9%88-%D8%B3%D8%A7%D9%85%D8%B3%D9%88%D9%86%DA%AF-%D9%85%D8%AF%D9%84-Q1469-S" "Mozilla/5.0 (Linux; Android 7.0; Lenovo TB-7304N) AppleWebKit/537.36 (KHTML, like Gecko) Chrome/71.0.3578.99 Safari/537.36" "-"
5.117.242.204 - - [22/Jan/2019:04:12:23 +0330] "GET /image/937/productModel/150x150 HTTP/1.1" 200 3542 "https://www.zanbil.ir/m/product/27456/55839/%D9%85%D8%A7%D8%B4%DB%8C%D9%86-%D9%84%D8%A8%D8%A7%D8%B3%D8%B4%D9%88%DB%8C%DB%8C-%D8%AF%D8%B1%D8%A8-%D8%A7%D8%B2-%D8%AC%D9%84%D9%88-%D8%B3%D8%A7%D9%85%D8%B3%D9%88%D9%86%DA%AF-%D9%85%D8%AF%D9%84-Q1469-S" "Mozilla/5.0 (Linux; Android 7.0; Lenovo TB-7304N) AppleWebKit/537.36 (KHTML, like Gecko) Chrome/71.0.3578.99 Safari/537.36" "-"
5.117.242.204 - - [22/Jan/2019:04:12:23 +0330] "GET /image/1561/productModel/150x150 HTTP/1.1" 200 3956 "https://www.zanbil.ir/m/product/27456/55839/%D9%85%D8%A7%D8%B4%DB%8C%D9%86-%D9%84%D8%A8%D8%A7%D8%B3%D8%B4%D9%88%DB%8C%DB%8C-%D8%AF%D8%B1%D8%A8-%D8%A7%D8%B2-%D8%AC%D9%84%D9%88-%D8%B3%D8%A7%D9%85%D8%B3%D9%88%D9%86%DA%AF-%D9%85%D8%AF%D9%84-Q1469-S" "Mozilla/5.0 (Linux; Android 7.0; Lenovo TB-7304N) AppleWebKit/537.36 (KHTML, like Gecko) Chrome/71.0.3578.99 Safari/537.36" "-"
5.117.242.204 - - [22/Jan/2019:04:12:23 +0330] "GET /image/48056/productModel/150x150 HTTP/1.1" 200 4112 "https://www.zanbil.ir/m/product/27456/55839/%D9%85%D8%A7%D8%B4%DB%8C%D9%86-%D9%84%D8%A8%D8%A7%D8%B3%D8%B4%D9%88%DB%8C%DB%8C-%D8%AF%D8%B1%D8%A8-%D8%A7%D8%B2-%D8%AC%D9%84%D9%88-%D8%B3%D8%A7%D9%85%D8%B3%D9%88%D9%86%DA%AF-%D9%85%D8%AF%D9%84-Q1469-S" "Mozilla/5.0 (Linux; Android 7.0; Lenovo TB-7304N) AppleWebKit/537.36 (KHTML, like Gecko) Chrome/71.0.3578.99 Safari/537.36" "-"
5.117.242.204 - - [22/Jan/2019:04:12:23 +0330] "GET /image/54309/productModel/150x150 HTTP/1.1" 200 3415 "https://www.zanbil.ir/m/product/27456/55839/%D9%85%D8%A7%D8%B4%DB%8C%D9%86-%D9%84%D8%A8%D8%A7%D8%B3%D8%B4%D9%88%DB%8C%DB%8C-%D8%AF%D8%B1%D8%A8-%D8%A7%D8%B2-%D8%AC%D9%84%D9%88-%D8%B3%D8%A7%D9%85%D8%B3%D9%88%D9%86%DA%AF-%D9%85%D8%AF%D9%84-Q1469-S" "Mozilla/5.0 (Linux; Android 7.0; Lenovo TB-7304N) AppleWebKit/537.36 (KHTML, like Gecko) Chrome/71.0.3578.99 Safari/537.36" "-"
130.185.74.243 - - [22/Jan/2019:04:12:23 +0330] "GET /filter/stexists,p68,b41 HTTP/1.1" 200 31086 "-" "Mozilla/5.0 (Windows NT 6.1; rv:42.0) Gecko/20100101 Firefox/42.0" "-"
5.117.242.204 - - [22/Jan/2019:04:12:24 +0330] "GET /image/27456?name=5829cf.jpg&wh=max HTTP/1.1" 200 34842 "https://www.zanbil.ir/m/product/27456/55839/%D9%85%D8%A7%D8%B4%DB%8C%D9%86-%D9%84%D8%A8%D8%A7%D8%B3%D8%B4%D9%88%DB%8C%DB%8C-%D8%AF%D8%B1%D8%A8-%D8%A7%D8%B2-%D8%AC%D9%84%D9%88-%D8%B3%D8%A7%D9%85%D8%B3%D9%88%D9%86%DA%AF-%D9%85%D8%AF%D9%84-Q1469-S" "Mozilla/5.0 (Linux; Android 7.0; Lenovo TB-7304N) AppleWebKit/537.36 (KHTML, like Gecko) Chrome/71.0.3578.99 Safari/537.36" "-"
5.117.242.204 - - [22/Jan/2019:04:12:24 +0330] "GET /image/54310/productModel/150x150 HTTP/1.1" 200 3887 "https://www.zanbil.ir/m/product/27456/55839/%D9%85%D8%A7%D8%B4%DB%8C%D9%86-%D9%84%D8%A8%D8%A7%D8%B3%D8%B4%D9%88%DB%8C%DB%8C-%D8%AF%D8%B1%D8%A8-%D8%A7%D8%B2-%D8%AC%D9%84%D9%88-%D8%B3%D8%A7%D9%85%D8%B3%D9%88%D9%86%DA%AF-%D9%85%D8%AF%D9%84-Q1469-S" "Mozilla/5.0 (Linux; Android 7.0; Lenovo TB-7304N) AppleWebKit/537.36 (KHTML, like Gecko) Chrome/71.0.3578.99 Safari/537.36" "-"
66.249.66.194 - - [22/Jan/2019:04:12:24 +0330] "GET /m/browse/kitchen-sink/%D8%B3%DB%8C%D9%86%DA%A9-%D8%B8%D8%B1%D9%81%D8%B4%D9%88%DB%8C%DB%8C HTTP/1.1" 200 18703 "-" "Mozilla/5.0 (Linux; Android 6.0.1; Nexus 5X Build/MMB29P) AppleWebKit/537.36 (KHTML, like Gecko) Chrome/41.0.2272.96 Mobile Safari/537.36 (compatible; Googlebot/2.1; +http://www.google.com/bot.html)" "-"
5.117.242.204 - - [22/Jan/2019:04:12:24 +0330] "GET /image/54312/productModel/150x150 HTTP/1.1" 200 4379 "https://www.zanbil.ir/m/product/27456/55839/%D9%85%D8%A7%D8%B4%DB%8C%D9%86-%D9%84%D8%A8%D8%A7%D8%B3%D8%B4%D9%88%DB%8C%DB%8C-%D8%AF%D8%B1%D8%A8-%D8%A7%D8%B2-%D8%AC%D9%84%D9%88-%D8%B3%D8%A7%D9%85%D8%B3%D9%88%D9%86%DA%AF-%D9%85%D8%AF%D9%84-Q1469-S" "Mozilla/5.0 (Linux; Android 7.0; Lenovo TB-7304N) AppleWebKit/537.36 (KHTML, like Gecko) Chrome/71.0.3578.99 Safari/537.36" "-"
5.117.242.204 - - [22/Jan/2019:04:12:24 +0330] "GET /image/55841/productModel/150x150 HTTP/1.1" 200 3972 "https://www.zanbil.ir/m/product/27456/55839/%D9%85%D8%A7%D8%B4%DB%8C%D9%86-%D9%84%D8%A8%D8%A7%D8%B3%D8%B4%D9%88%DB%8C%DB%8C-%D8%AF%D8%B1%D8%A8-%D8%A7%D8%B2-%D8%AC%D9%84%D9%88-%D8%B3%D8%A7%D9%85%D8%B3%D9%88%D9%86%DA%AF-%D9%85%D8%AF%D9%84-Q1469-S" "Mozilla/5.0 (Linux; Android 7.0; Lenovo TB-7304N) AppleWebKit/537.36 (KHTML, like Gecko) Chrome/71.0.3578.99 Safari/537.36" "-"
54.36.148.241 - - [22/Jan/2019:04:12:24 +0330] "GET /filter/b80%2Cp24081%2Cb835 HTTP/1.1" 200 32693 "-" "Mozilla/5.0 (compatible; AhrefsBot/6.1; +http://ahrefs.com/robot/)" "-"
66.249.66.194 - - [22/Jan/2019:04:12:24 +0330] "GET /m/filter?f=p32%2Cv1%7C%D9%85%D8%B4%DA%A9%DB%8C%2Cb3%2Cv1%7C%D8%B3%D9%81%DB%8C%D8%AF.%2Cb58%2Ct27%2Ct1&o=t HTTP/1.1" 302 0 "-" "Mozilla/5.0 (compatible; Googlebot/2.1; +http://www.google.com/bot.html)" "-"
130.185.74.243 - - [22/Jan/2019:04:12:24 +0330] "GET /filter/stexists,p68,b41?page=1 HTTP/1.1" 200 29456 "-" "Mozilla/5.0 (Windows NT 6.1; rv:42.0) Gecko/20100101 Firefox/42.0" "-"
66.249.66.194 - - [22/Jan/2019:04:12:24 +0330] "GET /filter/p32%2Cv1%7C%D9%85%D8%B4%DA%A9%DB%8C%2Cb3%2Cv1%7C%D8%B3%D9%81%DB%8C%D8%AF.%2Cb58%2Ct27%2Ct1?o=t HTTP/1.1" 302 0 "-" "Mozilla/5.0 (compatible; Googlebot/2.1; +http://www.google.com/bot.html)" "-"
130.185.74.243 - - [22/Jan/2019:04:12:25 +0330] "GET /filter/stexists,p29,b41 HTTP/1.1" 200 29407 "-" "Mozilla/5.0 (Windows NT 6.1; rv:42.0) Gecko/20100101 Firefox/42.0" "-"
66.249.66.91 - - [22/Jan/2019:04:12:26 +0330] "GET /filter/b481%2Cb874%2Cb226%2Cb570%2Cb598%2Cstexists%2Cb880%2Cb270%2Cb903%2Cb883%2Cb99%2Cb261%2Cb249%2Cb701%2Cb42%2Cb879%2Cb198%2Cb548%2Cb183%2Cb88%2Cb308%2Cb103%2Cb126%2Cb523%2Cb900%2Cb192%2Cb188%2Cb703%2Cb890%2Cb148%2Cb236%2Cb256%2Cb454%2Cb651%2Cb41%2Cb202%2Cb647%2Cb4%2Cb613%2Cb6%2Cb221%2Cb36%2Cb614%2Cb3%2Cb216%2Cb218%2Cb43%2Cb136%2Cb573%2Cb185%2Cb32%2Cb441%2Cb484%2Cb143%2Cb63?page=81 HTTP/1.1" 200 31243 "-" "Mozilla/5.0 (compatible; Googlebot/2.1; +http://www.google.com/bot.html)" "-"
130.185.74.243 - - [22/Jan/2019:04:12:26 +0330] "GET /filter/stexists,p29,b41?page=1 HTTP/1.1" 200 29483 "-" "Mozilla/5.0 (Windows NT 6.1; rv:42.0) Gecko/20100101 Firefox/42.0" "-"
5.117.242.204 - - [22/Jan/2019:04:12:26 +0330] "GET /image/7/productType/120x90 HTTP/1.1" 200 12590 "https://www.zanbil.ir/m/product/27456/55839/%D9%85%D8%A7%D8%B4%DB%8C%D9%86-%D9%84%D8%A8%D8%A7%D8%B3%D8%B4%D9%88%DB%8C%DB%8C-%D8%AF%D8%B1%D8%A8-%D8%A7%D8%B2-%D8%AC%D9%84%D9%88-%D8%B3%D8%A7%D9%85%D8%B3%D9%88%D9%86%DA%AF-%D9%85%D8%AF%D9%84-Q1469-S" "Mozilla/5.0 (Linux; Android 7.0; Lenovo TB-7304N) AppleWebKit/537.36 (KHTML, like Gecko) Chrome/71.0.3578.99 Safari/537.36" "-"
5.117.242.204 - - [22/Jan/2019:04:12:26 +0330] "GET /image/4/productType/120x90 HTTP/1.1" 200 10857 "https://www.zanbil.ir/m/product/27456/55839/%D9%85%D8%A7%D8%B4%DB%8C%D9%86-%D9%84%D8%A8%D8%A7%D8%B3%D8%B4%D9%88%DB%8C%DB%8C-%D8%AF%D8%B1%D8%A8-%D8%A7%D8%B2-%D8%AC%D9%84%D9%88-%D8%B3%D8%A7%D9%85%D8%B3%D9%88%D9%86%DA%AF-%D9%85%D8%AF%D9%84-Q1469-S" "Mozilla/5.0 (Linux; Android 7.0; Lenovo TB-7304N) AppleWebKit/537.36 (KHTML, like Gecko) Chrome/71.0.3578.99 Safari/537.36" "-"
5.117.242.204 - - [22/Jan/2019:04:12:26 +0330] "GET /image/5/productType/120x90 HTTP/1.1" 200 11487 "https://www.zanbil.ir/m/product/27456/55839/%D9%85%D8%A7%D8%B4%DB%8C%D9%86-%D9%84%D8%A8%D8%A7%D8%B3%D8%B4%D9%88%DB%8C%DB%8C-%D8%AF%D8%B1%D8%A8-%D8%A7%D8%B2-%D8%AC%D9%84%D9%88-%D8%B3%D8%A7%D9%85%D8%B3%D9%88%D9%86%DA%AF-%D9%85%D8%AF%D9%84-Q1469-S" "Mozilla/5.0 (Linux; Android 7.0; Lenovo TB-7304N) AppleWebKit/537.36 (KHTML, like Gecko) Chrome/71.0.3578.99 Safari/537.36" "-"
66.249.66.194 - - [22/Jan/2019:04:12:27 +0330] "GET /filter/p32%2Cv1%7C%D9%85%D8%B4%DA%A9%DB%8C%2Cb3%2Cv1%7C%D8%B3%D9%81%DB%8C%D8%AF.%2Cb58%2Ct27%2Ct1 HTTP/1.1" 200 31944 "-" "Mozilla/5.0 (compatible; Googlebot/2.1; +http://www.google.com/bot.html)" "-"
66.249.66.91 - - [22/Jan/2019:04:12:27 +0330] "GET /filter/b36%2Cb41%2Cb598%2Cb168%2Cb103%2Cb614%2Cb88%2Cb19%2Cb194%2Cb35%2Cb321%2Cb5%2Cb261%2Cb442%2Cb484%2Cb723%2Cb573%2Cb192%2Cb724%2Cb435%2Cb183%2Cb542%2Cb135%2Cb63%2Cb497%2Cb619%2Cb613%2Cb126%2Cb74%2Cb441%2Cb568%2Cb880%2Cb647%2Cb185%2Cb584%2Cb224%2Cb213%2Cb3%2Cb570%2Cb198%2Cb238%2Cb485%2Cb574%2Cb186%2Cb548%2Cstexists%2Cb215%2Cb904%2Cb615%2Cb603%2Cb203%2Cb43%2Cb152%2Cb95%2Cb147%2Cb143%2Cb656%2Cb2%2Cb308%2Cb80%2Cb22%2Cb883%2Cb523%2Cb903%2Cb258?page=91 HTTP/1.1" 200 39109 "-" "Mozilla/5.0 (compatible; Googlebot/2.1; +http://www.google.com/bot.html)" "-"
157.55.39.245 - - [22/Jan/2019:04:12:27 +0330] "GET /product/12814/21242/%D8%B1%D9%88%D8%A7%D9%86-%D9%86%D9%88%DB%8C%D8%B3--%D9%BE%D8%A7%D8%B1%DA%A9%D8%B1-%D9%85%D8%AF%D9%84-%D8%B3%D9%88%D9%86%D8%AA-%D8%B3%DB%8C%D9%84%D9%88%D8%B1 HTTP/1.1" 200 39663 "-" "Mozilla/5.0 (compatible; bingbot/2.0; +http://www.bing.com/bingbot.htm)" "-"
130.185.74.243 - - [22/Jan/2019:04:12:27 +0330] "GET /filter/stexists,p28,b58,b134,b105,b181,b153 HTTP/1.1" 200 32061 "-" "Mozilla/5.0 (Windows NT 6.1; rv:42.0) Gecko/20100101 Firefox/42.0" "-"
5.117.242.204 - - [22/Jan/2019:04:12:28 +0330] "GET /image/3/productType/120x90 HTTP/1.1" 200 11347 "https://www.zanbil.ir/m/product/27456/55839/%D9%85%D8%A7%D8%B4%DB%8C%D9%86-%D9%84%D8%A8%D8%A7%D8%B3%D8%B4%D9%88%DB%8C%DB%8C-%D8%AF%D8%B1%D8%A8-%D8%A7%D8%B2-%D8%AC%D9%84%D9%88-%D8%B3%D8%A7%D9%85%D8%B3%D9%88%D9%86%DA%AF-%D9%85%D8%AF%D9%84-Q1469-S" "Mozilla/5.0 (Linux; Android 7.0; Lenovo TB-7304N) AppleWebKit/537.36 (KHTML, like Gecko) Chrome/71.0.3578.99 Safari/537.36" "-"
207.46.13.136 - - [22/Jan/2019:04:12:29 +0330] "GET /filter/b1%2Cb103%2Cb105%2Cb109%2Cb111%2Cb126%2Cb136%2Cb144%2Cb183%2Cb186%2Cb215%2Cb221%2Cb261%2Cb291%2Cb52%2Cb615%2Cb77%2Cb83%2Cb874%2Cb95 HTTP/1.1" 200 37938 "-" "Mozilla/5.0 (compatible; bingbot/2.0; +http://www.bing.com/bingbot.htm)" "-"
66.249.66.194 - - [22/Jan/2019:04:12:29 +0330] "GET /m/filter?f=p4510%2Cv1%7C%D9%82%D8%B1%D9%85%D8%B2%2Cv1%7C%D8%B3%D9%81%DB%8C%D8%AF.%2Cstexists HTTP/1.1" 302 0 "-" "Mozilla/5.0 (compatible; Googlebot/2.1; +http://www.google.com/bot.html)" "-"
130.185.74.243 - - [22/Jan/2019:04:12:29 +0330] "GET /filter/stexists,p28,b58,b134,b105,b181,b153?page=1 HTTP/1.1" 200 30165 "-" "Mozilla/5.0 (Windows NT 6.1; rv:42.0) Gecko/20100101 Firefox/42.0" "-"
86.55.78.230 - - [22/Jan/2019:04:12:29 +0330] "GET /image/33952?name=note9m.jpg&wh=200x200 HTTP/1.1" 200 5969 "https://torob.com/p/765d352c-03a3-438d-87ae-62154f5fd73e/%DA%AF%D9%88%D8%B4%DB%8C-%D9%85%D9%88%D8%A8%D8%A7%DB%8C%D9%84-%D8%B3%D8%A7%D9%85%D8%B3%D9%88%D9%86%DA%AF-%DA%AF%D9%84%DA%A9%D8%B3%DB%8C-%D9%86%D9%88%D8%AA-9-galaxy-note-9-n960-2sim/" "Mozilla/5.0 (iPhone; CPU iPhone OS 12_0_1 like Mac OS X) AppleWebKit/605.1.15 (KHTML, like Gecko) Version/12.0 Mobile/15E148 Safari/604.1" "-"
66.249.66.91 - - [22/Jan/2019:04:12:30 +0330] "GET /filter/b481%2Cb874%2Cb36%2Cb226%2Cb570%2Cb598%2Cb180%2Cb615%2Cb185%2Cb880%2Cb878%2Cb270%2Cb903%2Cb883%2Cb99%2Cb261%2Cb152%2Cb249%2Cb701%2Cb723%2Cb42%2Cb183%2Cb88%2Cb219%2Cb202%2Cb308%2Cb103%2Cb1%2Cb2%2Cb126%2Cb523%2Cb904%2Cb192%2Cb703%2Cb890%2Cb105%2Cb231%2Cb258%2Cb209%2Cb186%2Cb221%2Cb778%2Cb482%2Cb41%2Cb238%2Cb19%2Cb435%2Cb648%2Cb724%2Cb548%2Cb74%2Cb8%2Cb614%2Cb135%2Cb80%2Cb224%2Cb5%2Cb198%2Cb542%2Cb67%2Cb441%2Cp5506?page=211 HTTP/1.1" 200 32864 "-" "Mozilla/5.0 (compatible; Googlebot/2.1; +http://www.google.com/bot.html)" "-"
66.249.66.91 - - [22/Jan/2019:04:12:30 +0330] "GET /filter/b656%2Cb703%2Cb32%2Cb67%2Cb226%2Cb41%2Cb598%2Cb168%2Cb723%2Cb597%2Cb88%2Cb548%2Cb6%2Cb679%2Cb215%2Cb105%2Cb194%2Cb74%2Cb542%2Cb35%2Cb113%2Cb820%2Cb574%2Cb442%2Cb880%2Cb645%2Cb724%2Cb118%2Cb482%2Cb400%2Cb95%2Cb135%2Cb249%2Cb435%2Cb221%2Cb523%2Cb854%2Cb126%2Cstexists%2Cb216%2Cb217%2Cb152%2Cb99%2Cb192%2Cb213%2Cb136%2Cb218%2Cb648%2Cb454%2Cb258%2Cb151%2Cb22%2Cb203?page=11 HTTP/1.1" 200 40327 "-" "Mozilla/5.0 (compatible; Googlebot/2.1; +http://www.google.com/bot.html)" "-"
207.200.8.182 - - [22/Jan/2019:04:12:30 +0330] "GET / HTTP/1.1" 301 178 "-" "LightspeedSystemsCrawler Mozilla/5.0 (Windows; U; MSIE 9.0; Windows NT 9.0; en-US)" "-"
66.249.66.194 - - [22/Jan/2019:04:12:31 +0330] "GET /filter/p4510%2Cv1%7C%D9%82%D8%B1%D9%85%D8%B2%2Cv1%7C%D8%B3%D9%81%DB%8C%D8%AF.%2Cstexists HTTP/1.1" 200 31811 "-" "Mozilla/5.0 (compatible; Googlebot/2.1; +http://www.google.com/bot.html)" "-"
130.185.74.243 - - [22/Jan/2019:04:12:31 +0330] "GET /filter/stexists,p28,b58,b134,b105,b181,b153?page=2 HTTP/1.1" 200 30166 "-" "Mozilla/5.0 (Windows NT 6.1; rv:42.0) Gecko/20100101 Firefox/42.0" "-"
207.46.13.136 - - [22/Jan/2019:04:12:31 +0330] "GET /filter/b43,b482,b568,b854 HTTP/1.1" 200 36473 "-" "Mozilla/5.0 (compatible; bingbot/2.0; +http://www.bing.com/bingbot.htm)" "-"
54.36.148.104 - - [22/Jan/2019:04:12:31 +0330] "GET /filter/p8946%2Cv1%7C%D8%A7%D8%B3%D8%AA%DB%8C%D9%84%20%D9%85%D8%B4%DA%A9%DB%8C.%2Cv1%7C%D9%85%D8%B4%DA%A9%DB%8C%20%D8%B2%D8%B1%D8%B4%DA%A9%DB%8C?o=v1 HTTP/1.1" 302 0 "-" "Mozilla/5.0 (compatible; AhrefsBot/6.1; +http://ahrefs.com/robot/)" "-"
172.20.2.174 - - [22/Jan/2019:04:12:32 +0330] "GET /site/ping HTTP/1.1" 200 4 "-" "-" "-"
66.249.66.91 - - [22/Jan/2019:04:12:33 +0330] "GET /image/60242/productModel/150x150 HTTP/1.1" 200 2031 "-" "Googlebot-Image/1.0" "-"
130.185.74.243 - - [22/Jan/2019:04:12:33 +0330] "GET /filter/stexists,p28,b125,b173,b87,b153 HTTP/1.1" 200 31825 "-" "Mozilla/5.0 (Windows NT 6.1; rv:42.0) Gecko/20100101 Firefox/42.0" "-"
54.36.148.116 - - [22/Jan/2019:04:12:33 +0330] "GET /filter/6314%7CLCD%2Cp65%2Crt40000000%2Cstexists HTTP/1.1" 200 31462 "-" "Mozilla/5.0 (compatible; AhrefsBot/6.1; +http://ahrefs.com/robot/)" "-"
157.55.39.245 - - [22/Jan/2019:04:12:33 +0330] "GET /filter?f=p1%2Cb70%2Cb3 HTTP/1.1" 301 178 "-" "Mozilla/5.0 (compatible; bingbot/2.0; +http://www.bing.com/bingbot.htm)" "-"
54.36.148.244 - - [22/Jan/2019:04:12:34 +0330] "GET /filter/1818%7C%D8%AF%D8%A7%D8%B1%D8%A7%DB%8C%2010%20%D8%AF%D9%85%D8%A7%DB%8C%20%D9%82%D8%A7%D8%A8%D9%84%20%D8%AA%D9%86%D8%B8%DB%8C%D9%85%20%D8%A7%D8%B2%20140%20%D8%AA%D8%A7%20230%20%D8%AF%D8%B1%D8%AC%D9%87%E2%80%8C%DB%8C%20%D8%B3%D8%A7%D9%86%D8%AA%DB%8C%E2%80%8C%DA%AF%D8%B1%D8%A7%D8%AF%20%2Cp5623%2C1818%7C%D8%A8%DB%8C%D8%B4%DB%8C%D9%86%D9%87%E2%80%8C%DB%8C%20%D8%AF%D9%85%D8%A7%20200%20%D8%AF%D8%B1%D8%AC%D9%87%E2%80%8C%DB%8C%20%D8%B3%D8%A7%D9%86%D8%AA%DB%8C%DA%AF%D8%B1%D8%A7%D8%AF?o=1818 HTTP/1.1" 302 0 "-" "Mozilla/5.0 (compatible; AhrefsBot/6.1; +http://ahrefs.com/robot/)" "-"
130.185.74.243 - - [22/Jan/2019:04:12:34 +0330] "GET /filter/stexists,p28,b125,b173,b87,b153?page=1 HTTP/1.1" 200 30137 "-" "Mozilla/5.0 (Windows NT 6.1; rv:42.0) Gecko/20100101 Firefox/42.0" "-"
130.185.74.243 - - [22/Jan/2019:04:12:35 +0330] "GET /filter/stexists,p28,b125,b173,b87,b153?page=2 HTTP/1.1" 200 30137 "-" "Mozilla/5.0 (Windows NT 6.1; rv:42.0) Gecko/20100101 Firefox/42.0" "-"
207.200.8.182 - - [22/Jan/2019:04:12:36 +0330] "GET / HTTP/1.1" 200 210874 "-" "LightspeedSystemsCrawler Mozilla/5.0 (Windows; U; MSIE 9.0; Windows NT 9.0; en-US)" "-"
130.185.74.243 - - [22/Jan/2019:04:12:36 +0330] "GET /filter/stexists,p8946,b633 HTTP/1.1" 200 29709 "-" "Mozilla/5.0 (Windows NT 6.1; rv:42.0) Gecko/20100101 Firefox/42.0" "-"
54.36.149.18 - - [22/Jan/2019:04:12:36 +0330] "GET /filter/p12594%2Cv1%7C%D8%A8%D9%86%D9%81%D8%B4%2Cv1%7C%D9%86%D9%82%D8%B1%D9%87%20%D8%A7%DB%8C%20%D8%B5%D9%88%D8%B1%D8%AA%DB%8C?o=v1 HTTP/1.1" 302 0 "-" "Mozilla/5.0 (compatible; AhrefsBot/6.1; +http://ahrefs.com/robot/)" "-"
130.185.74.243 - - [22/Jan/2019:04:12:37 +0330] "GET /filter/stexists,p8946,b633?page=1 HTTP/1.1" 200 29727 "-" "Mozilla/5.0 (Windows NT 6.1; rv:42.0) Gecko/20100101 Firefox/42.0" "-"
5.117.242.204 - - [22/Jan/2019:04:12:37 +0330] "GET /static/images/amp/blog.png HTTP/1.1" 200 3863 "https://www.zanbil.ir/m/product/27456/55839/%D9%85%D8%A7%D8%B4%DB%8C%D9%86-%D9%84%D8%A8%D8%A7%D8%B3%D8%B4%D9%88%DB%8C%DB%8C-%D8%AF%D8%B1%D8%A8-%D8%A7%D8%B2-%D8%AC%D9%84%D9%88-%D8%B3%D8%A7%D9%85%D8%B3%D9%88%D9%86%DA%AF-%D9%85%D8%AF%D9%84-Q1469-S" "Mozilla/5.0 (Linux; Android 7.0; Lenovo TB-7304N) AppleWebKit/537.36 (KHTML, like Gecko) Chrome/71.0.3578.99 Safari/537.36" "-"
5.117.242.204 - - [22/Jan/2019:04:12:37 +0330] "GET /static/images/amp/instagram.png HTTP/1.1" 200 7146 "https://www.zanbil.ir/m/product/27456/55839/%D9%85%D8%A7%D8%B4%DB%8C%D9%86-%D9%84%D8%A8%D8%A7%D8%B3%D8%B4%D9%88%DB%8C%DB%8C-%D8%AF%D8%B1%D8%A8-%D8%A7%D8%B2-%D8%AC%D9%84%D9%88-%D8%B3%D8%A7%D9%85%D8%B3%D9%88%D9%86%DA%AF-%D9%85%D8%AF%D9%84-Q1469-S" "Mozilla/5.0 (Linux; Android 7.0; Lenovo TB-7304N) AppleWebKit/537.36 (KHTML, like Gecko) Chrome/71.0.3578.99 Safari/537.36" "-"
5.117.242.204 - - [22/Jan/2019:04:12:37 +0330] "GET /static/images/amp/telegram.png HTTP/1.1" 200 4859 "https://www.zanbil.ir/m/product/27456/55839/%D9%85%D8%A7%D8%B4%DB%8C%D9%86-%D9%84%D8%A8%D8%A7%D8%B3%D8%B4%D9%88%DB%8C%DB%8C-%D8%AF%D8%B1%D8%A8-%D8%A7%D8%B2-%D8%AC%D9%84%D9%88-%D8%B3%D8%A7%D9%85%D8%B3%D9%88%D9%86%DA%AF-%D9%85%D8%AF%D9%84-Q1469-S" "Mozilla/5.0 (Linux; Android 7.0; Lenovo TB-7304N) AppleWebKit/537.36 (KHTML, like Gecko) Chrome/71.0.3578.99 Safari/537.36" "-"
5.117.242.204 - - [22/Jan/2019:04:12:37 +0330] "GET /static/images/amp/third-party/footer-mobile.png HTTP/1.1" 200 62894 "https://www.zanbil.ir/m/product/27456/55839/%D9%85%D8%A7%D8%B4%DB%8C%D9%86-%D9%84%D8%A8%D8%A7%D8%B3%D8%B4%D9%88%DB%8C%DB%8C-%D8%AF%D8%B1%D8%A8-%D8%A7%D8%B2-%D8%AC%D9%84%D9%88-%D8%B3%D8%A7%D9%85%D8%B3%D9%88%D9%86%DA%AF-%D9%85%D8%AF%D9%84-Q1469-S" "Mozilla/5.0 (Linux; Android 7.0; Lenovo TB-7304N) AppleWebKit/537.36 (KHTML, like Gecko) Chrome/71.0.3578.99 Safari/537.36" "-"
130.185.74.243 - - [22/Jan/2019:04:12:38 +0330] "GET /filter/stexists,p68,b665,b125,b180,b87,b633,b153 HTTP/1.1" 200 30909 "-" "Mozilla/5.0 (Windows NT 6.1; rv:42.0) Gecko/20100101 Firefox/42.0" "-"
66.249.66.194 - - [22/Jan/2019:04:12:39 +0330] "GET /m/filter?f=p18%2Cc329%7C%D9%87%D9%85%D8%B2%D9%86%2Cb215%2Cb145&o=c329 HTTP/1.1" 302 0 "-" "Mozilla/5.0 (compatible; Googlebot/2.1; +http://www.google.com/bot.html)" "-"
66.249.66.194 - - [22/Jan/2019:04:12:40 +0330] "GET /filter/p18%2Cc329%7C%D9%87%D9%85%D8%B2%D9%86%2Cb215%2Cb145?o=c329 HTTP/1.1" 302 0 "-" "Mozilla/5.0 (compatible; Googlebot/2.1; +http://www.google.com/bot.html)" "-"
130.185.74.243 - - [22/Jan/2019:04:12:40 +0330] "GET /filter/stexists,p68,b665,b125,b180,b87,b633,b153?page=1 HTTP/1.1" 200 29686 "-" "Mozilla/5.0 (Windows NT 6.1; rv:42.0) Gecko/20100101 Firefox/42.0" "-"
204.18.36.198 - - [22/Jan/2019:04:12:40 +0330] "GET /image/32172?name=sg1-2222.jpg&wh=200x200 HTTP/1.1" 200 3997 "-" "Dalvik/2.1.0 (Linux; U; Android 7.0; HUAWEI VNS-L21 Build/HUAWEIVNS-L21)" "-"
130.185.74.243 - - [22/Jan/2019:04:12:41 +0330] "GET /filter/stexists,p68,b665,b125,b180,b87,b633,b153?page=2 HTTP/1.1" 200 29688 "-" "Mozilla/5.0 (Windows NT 6.1; rv:42.0) Gecko/20100101 Firefox/42.0" "-"
130.185.74.243 - - [22/Jan/2019:04:12:41 +0330] "GET /filter/stexists,p29,b153,b173,b180,b87,b125 HTTP/1.1" 200 31217 "-" "Mozilla/5.0 (Windows NT 6.1; rv:42.0) Gecko/20100101 Firefox/42.0" "-"
66.249.66.194 - - [22/Jan/2019:04:12:42 +0330] "GET /filter/p18%2Cc329%7C%D9%87%D9%85%D8%B2%D9%86%2Cb215%2Cb145 HTTP/1.1" 200 32090 "-" "Mozilla/5.0 (compatible; Googlebot/2.1; +http://www.google.com/bot.html)" "-"
51.15.15.54 - - [22/Jan/2019:04:12:42 +0330] "GET /blog/medicine-and-health/wheelchair-and-walker/ HTTP/1.1" 200 21271 "-" "Barkrowler/0.9 (+http://www.exensa.com/crawl)" "-"
130.185.74.243 - - [22/Jan/2019:04:12:42 +0330] "GET /filter/stexists,p29,b153,b173,b180,b87,b125?page=1 HTTP/1.1" 200 29596 "-" "Mozilla/5.0 (Windows NT 6.1; rv:42.0) Gecko/20100101 Firefox/42.0" "-"
17.58.102.43 - - [22/Jan/2019:04:12:43 +0330] "GET /browse/press-desk-fitness/%D9%85%DB%8C%D8%B2-%D9%BE%D8%B1%D8%B3-%D8%A8%D8%AF%D9%86-%D8%B3%D8%A7%D8%B2%DB%8C HTTP/1.1" 200 29843 "-" "Mozilla/5.0 (Macintosh; Intel Mac OS X 10_10_1) AppleWebKit/600.2.5 (KHTML, like Gecko) Version/8.0.2 Safari/600.2.5 (Applebot/0.1; +http://www.apple.com/go/applebot)" "-"
130.185.74.243 - - [22/Jan/2019:04:12:43 +0330] "GET /filter/stexists,p29,b153,b173,b180,b87,b125?page=2 HTTP/1.1" 200 29596 "-" "Mozilla/5.0 (Windows NT 6.1; rv:42.0) Gecko/20100101 Firefox/42.0" "-"
66.249.66.91 - - [22/Jan/2019:04:12:43 +0330] "GET /filter/b481%2Cb874%2Cb226%2Cb570%2Cb598%2Cstexists%2Cb880%2Cb270%2Cb883%2Cb99%2Cb261%2Cb249%2Cb20%2Cb701%2Cb42%2Cb879%2Cb548%2Cb183%2Cb88%2Cb308%2Cb103%2Cb1%2Cb126%2Cb523%2Cb900%2Cb192%2Cb188%2Cb703%2Cb890%2Cb148%2Cb256%2Cb651%2Cb41%2Cb647%2Cb22%2Cb613%2Cb6%2Cb221%2Cb36%2Cb614%2Cb3%2Cb216%2Cb218%2Cb136%2Cb573%2Cb151%2Cb185%2Cb32%2Cb441%2Cb143%2Cb648%2Cb203%2Cb877%2Cb209%2Cb231%2Cb485%2Cb147%2Cb484%2Cb878%2Cb186?page=5 HTTP/1.1" 200 40896 "-" "Mozilla/5.0 (compatible; Googlebot/2.1; +http://www.google.com/bot.html)" "-"
66.249.66.91 - - [22/Jan/2019:04:12:43 +0330] "GET /filter/b656%2Cb703%2Cb32%2Cb67%2Cb226%2Cb41%2Cb598%2Cb168%2Cb723%2Cb597%2Cb88%2Cb548%2Cb6%2Cb679%2Cb215%2Cb105%2Cb194%2Cb74%2Cb542%2Cb35%2Cb113%2Cb820%2Cb574%2Cb442%2Cb880%2Cb645%2Cb724%2Cb118%2Cb482%2Cb400%2Cb95%2Cb135%2Cb249%2Cb435%2Cb221%2Cb523%2Cb854%2Cb126%2Cstexists%2Cb216%2Cb217%2Cb152%2Cb99%2Cb192%2Cb213%2Cb136%2Cb218%2Cb648%2Cb454%2Cb258%2Cb151%2Cb22%2Cb613?page=11 HTTP/1.1" 200 40885 "-" "Mozilla/5.0 (compatible; Googlebot/2.1; +http://www.google.com/bot.html)" "-"
66.249.66.194 - - [22/Jan/2019:04:12:44 +0330] "GET /m/filter/b105,b113,b118,b126,b135,b136,b151,b152,b168,b192,b194,b213,b215,b216,b217,b218,b221,b226,b249,b258,b32,b35,b400,b41,b435,b442,b454,b482,b523,b542,b548,b574,b597,b598,b6,b645,b648,b656,b67,b679,b703,b723,b724,b74,b820,b854,b878,b88,b880,b95,b99,stexists HTTP/1.1" 200 26690 "-" "Mozilla/5.0 (Linux; Android 6.0.1; Nexus 5X Build/MMB29P) AppleWebKit/537.36 (KHTML, like Gecko) Chrome/41.0.2272.96 Mobile Safari/537.36 (compatible; Googlebot/2.1; +http://www.google.com/bot.html)" "-"
66.249.66.194 - - [22/Jan/2019:04:12:44 +0330] "GET /m/filter?f=p22069%2Cstnot-exists%2Cb728&o=b HTTP/1.1" 302 0 "-" "Mozilla/5.0 (compatible; Googlebot/2.1; +http://www.google.com/bot.html)" "-"
66.249.66.194 - - [22/Jan/2019:04:12:45 +0330] "GET /filter/p22069%2Cstnot-exists%2Cb728?o=b HTTP/1.1" 302 0 "-" "Mozilla/5.0 (compatible; Googlebot/2.1; +http://www.google.com/bot.html)" "-"
207.46.13.136 - - [22/Jan/2019:04:12:46 +0330] "GET /filter/b1,b103,b105,b109,b111,b113,b135,b144,b176,b186,b212,b221,b261,b291,b52,b542,b648,b77,b83,b854 HTTP/1.1" 200 38135 "-" "Mozilla/5.0 (compatible; bingbot/2.0; +http://www.bing.com/bingbot.htm)" "-"
66.249.66.194 - - [22/Jan/2019:04:12:46 +0330] "GET /filter/p22069%2Cstnot-exists%2Cb728 HTTP/1.1" 200 28168 "-" "Mozilla/5.0 (compatible; Googlebot/2.1; +http://www.google.com/bot.html)" "-"
207.46.13.136 - - [22/Jan/2019:04:12:46 +0330] "GET /filter/b111%2Cb18%2Cb88%2Cb41%2Cb603 HTTP/1.1" 200 36572 "-" "Mozilla/5.0 (compatible; bingbot/2.0; +http://www.bing.com/bingbot.htm)" "-"
66.249.66.194 - - [22/Jan/2019:04:12:46 +0330] "GET /m/filter/b1,b103,b105,b126,b135,b152,b180,b183,b185,b186,b19,b192,b198,b2,b202,b209,b219,b221,b224,b226,b231,b238,b249,b258,b261,b270,b308,b36,b41,b42,b435,b441,b481,b482,b5,b523,b542,b548,b570,b598,b614,b615,b648,b67,b701,b703,b723,b724,b74,b778,b8,b80,b874,b878,b88,b880,b883,b890,b903,b904,b99,p5506 HTTP/1.1" 200 24160 "-" "Mozilla/5.0 (Linux; Android 6.0.1; Nexus 5X Build/MMB29P) AppleWebKit/537.36 (KHTML, like Gecko) Chrome/41.0.2272.96 Mobile Safari/537.36 (compatible; Googlebot/2.1; +http://www.google.com/bot.html)" "-"
207.46.13.136 - - [22/Jan/2019:04:12:47 +0330] "GET /image/5892?name=f3e1cf.jpg&wh=max HTTP/1.1" 200 36525 "-" "Mozilla/5.0 (compatible; bingbot/2.0; +http://www.bing.com/bingbot.htm)" "-"
207.46.13.136 - - [22/Jan/2019:04:12:48 +0330] "GET /filter/b1,b109,b36,b45,b877,p38 HTTP/1.1" 200 34702 "-" "Mozilla/5.0 (compatible; bingbot/2.0; +http://www.bing.com/bingbot.htm)" "-"
5.160.157.20 - - [22/Jan/2019:04:12:48 +0330] "GET /filter?f=p13702&page=4 HTTP/1.1" 301 178 "-" "Mozilla/5.0 (Windows NT 5.1; rv:8.0) Gecko/20100101 Firefox/8.0" "-"
5.160.157.20 - - [22/Jan/2019:04:12:49 +0330] "GET /filter?f=p7291&page=2 HTTP/1.1" 301 178 "-" "Mozilla/5.0 (Windows NT 5.1; rv:8.0) Gecko/20100101 Firefox/8.0" "-"
66.249.66.194 - - [22/Jan/2019:04:12:49 +0330] "GET /site/guaranteeDays HTTP/1.1" 302 0 "-" "Mozilla/5.0 (Linux; Android 6.0.1; Nexus 5X Build/MMB29P) AppleWebKit/537.36 (KHTML, like Gecko) Chrome/41.0.2272.96 Mobile Safari/537.36 (compatible; Googlebot/2.1; +http://www.google.com/bot.html)" "-"
66.249.66.194 - - [22/Jan/2019:04:12:49 +0330] "GET /m/guaranteeDays HTTP/1.1" 500 858 "-" "Mozilla/5.0 (Linux; Android 6.0.1; Nexus 5X Build/MMB29P) AppleWebKit/537.36 (KHTML, like Gecko) Chrome/41.0.2272.96 Mobile Safari/537.36 (compatible; Googlebot/2.1; +http://www.google.com/bot.html)" "-"
66.249.66.91 - - [22/Jan/2019:04:12:50 +0330] "GET /filter/b656%2Cb703%2Cb32%2Cb67%2Cb226%2Cb41%2Cb598%2Cb168%2Cb723%2Cb597%2Cb88%2Cb548%2Cb6%2Cb679%2Cb215%2Cb194%2Cb74%2Cb542%2Cb35%2Cb113%2Cb820%2Cb574%2Cb442%2Cb880%2Cb645%2Cb724%2Cb118%2Cb482%2Cb400%2Cb95%2Cb135%2Cb249%2Cb435%2Cb523%2Cb854%2Cb126%2Cstexists%2Cb216%2Cb217%2Cb152%2Cb99%2Cb188%2Cb209%2Cb192%2Cb213%2Cb136%2Cb218%2Cb4%2Cb546%2Cb603%2Cb105?page=51 HTTP/1.1" 200 38809 "-" "Mozilla/5.0 (compatible; Googlebot/2.1; +http://www.google.com/bot.html)" "-"
54.36.148.46 - - [22/Jan/2019:04:12:50 +0330] "GET /filter/b6%2Cp73%2Ct126 HTTP/1.1" 200 31887 "-" "Mozilla/5.0 (compatible; AhrefsBot/6.1; +http://ahrefs.com/robot/)" "-"
66.249.66.91 - - [22/Jan/2019:04:12:51 +0330] "GET /image/23586?name=ewg78g-hollywood200-1.jpg&wh=200x200 HTTP/1.1" 200 6493 "-" "Googlebot-Image/1.0" "-"
66.249.66.194 - - [22/Jan/2019:04:12:51 +0330] "GET /m/filter/b103,b261,p32 HTTP/1.1" 200 18178 "-" "Mozilla/5.0 (Linux; Android 6.0.1; Nexus 5X Build/MMB29P) AppleWebKit/537.36 (KHTML, like Gecko) Chrome/41.0.2272.96 Mobile Safari/537.36 (compatible; Googlebot/2.1; +http://www.google.com/bot.html)" "-"
66.249.66.91 - - [22/Jan/2019:04:12:51 +0330] "GET /filter/b656%2Cb703%2Cb32%2Cb67%2Cb226%2Cb41%2Cb598%2Cb168%2Cb723%2Cb597%2Cb88%2Cb548%2Cb6%2Cb679%2Cb215%2Cb194%2Cb74%2Cb542%2Cb35%2Cb113%2Cb820%2Cb574%2Cb442%2Cb880%2Cb645%2Cb724%2Cb118%2Cb482%2Cb400%2Cb95%2Cb135%2Cb249%2Cb435%2Cb523%2Cb854%2Cb126%2Cstexists%2Cb216%2Cb217%2Cb152%2Cb99%2Cb188%2Cb209%2Cb192%2Cb213%2Cb136%2Cb218%2Cb4%2Cb546%2Cb603%2Cb105?page=49 HTTP/1.1" 200 40596 "-" "Mozilla/5.0 (compatible; Googlebot/2.1; +http://www.google.com/bot.html)" "-"
213.171.205.132 - - [22/Jan/2019:04:12:51 +0330] "GET /image/33952?name=note9m.jpg&wh=200x200 HTTP/1.1" 200 5969 "https://torob.com/p/765d352c-03a3-438d-87ae-62154f5fd73e/%DA%AF%D9%88%D8%B4%DB%8C-%D9%85%D9%88%D8%A8%D8%A7%DB%8C%D9%84-%D8%B3%D8%A7%D9%85%D8%B3%D9%88%D9%86%DA%AF-%DA%AF%D9%84%DA%A9%D8%B3%DB%8C-%D9%86%D9%88%D8%AA-9-galaxy-note-9-n960-2sim/" "Mozilla/5.0 (Windows NT 6.3; Win64; x64) AppleWebKit/537.36 (KHTML, like Gecko) Chrome/71.0.3578.98 Safari/537.36" "-"
61.219.11.151 - - [22/Jan/2019:04:12:52 +0330] "GET / HTTP/1.1" 400 166 "-" "-" "-"
