66.249.66.91 - - [22/Jan/2019:04:17:09 +0330] "GET /filter/b481%2Cb226%2Cb570%2Cb598%2Cstexists%2Cb880%2Cb270%2Cb883%2Cb99%2Cb261%2Cb249%2Cb20%2Cb701%2Cb42%2Cb879%2Cb548%2Cb183%2Cb88%2Cb308%2Cb103%2Cb1%2Cb126%2Cb523%2Cb192%2Cb188%2Cb890%2Cb148%2Cb256%2Cb454%2Cb651%2Cb41%2Cb647%2Cb22%2Cb613%2Cb6%2Cb221%2Cb36%2Cb614%2Cb3%2Cb216%2Cb218%2Cb136%2Cb573%2Cb151%2Cb185%2Cb32%2Cb441%2Cb143%2Cb648%2Cb203%2Cb877%2Cb209%2Cb231%2Cb485%2Cb147?page=1 HTTP/1.1" 200 40293 "-" "Mozilla/5.0 (compatible; Googlebot/2.1; +http://www.google.com/bot.html)" "-"
51.15.15.54 - - [22/Jan/2019:04:17:09 +0330] "GET /blog/musical-instruments/accessories-for-musical-instruments/ HTTP/1.1" 200 21196 "-" "Barkrowler/0.9 (+http://www.exensa.com/crawl)" "-"
204.18.36.198 - - [22/Jan/2019:04:17:10 +0330] "GET /image/32087?name=sxp430-11.jpg&wh=200x200 HTTP/1.1" 200 3775 "-" "Dalvik/2.1.0 (Linux; U; Android 7.0; HUAWEI VNS-L21 Build/HUAWEIVNS-L21)" "-"
54.36.148.78 - - [22/Jan/2019:04:17:10 +0330] "GET /filter/331|1425%20%D9%88%D8%A7%D8%AA,331|1500%20%D9%88%D8%A7%D8%AA,p32 HTTP/1.1" 200 32432 "-" "Mozilla/5.0 (compatible; AhrefsBot/6.1; +http://ahrefs.com/robot/)" "-"
54.36.149.44 - - [22/Jan/2019:04:17:10 +0330] "GET /filter/p6385%2Cv1%7CGray%2Cv1%7C%D9%82%D8%B1%D9%85%D8%B2.?o=v1 HTTP/1.1" 302 0 "-" "Mozilla/5.0 (compatible; AhrefsBot/6.1; +http://ahrefs.com/robot/)" "-"
91.99.72.15 - - [22/Jan/2019:04:17:10 +0330] "GET /product/20916?model=45245 HTTP/1.1" 200 41543 "-" "Mozilla/5.0 (X11; Linux x86_64) AppleWebKit/537.36 (KHTML, like Gecko) Chrome/53.0.2785.92 Safari/537.36" "-"
207.46.13.136 - - [22/Jan/2019:04:17:11 +0330] "GET /filter/b1%2Cb145%2Cb263%2Cb679%2Cp1 HTTP/1.1" 200 37148 "-" "Mozilla/5.0 (compatible; bingbot/2.0; +http://www.bing.com/bingbot.htm)" "-"
130.185.74.243 - - [22/Jan/2019:04:17:11 +0330] "GET /filter/stexists,p41,b126,b216,b46,b32,b213,b173 HTTP/1.1" 200 33822 "-" "Mozilla/5.0 (Windows NT 6.1; rv:42.0) Gecko/20100101 Firefox/42.0" "-"
5.123.174.57 - - [22/Jan/2019:04:17:12 +0330] "GET /image/32745?name=ms506-14.jpg&wh=200x200 HTTP/1.1" 200 3901 "-" "Dalvik/2.1.0 (Linux; U; Android 8.1.0; SM-J710F Build/M1AJQ)" "-"
54.36.149.101 - - [22/Jan/2019:04:17:12 +0330] "GET /filter/p12349%2Cv1%7C%D8%B3%D8%A8%D8%B2%20%D8%B3%D8%B1%D9%85%D9%87%20%D8%A7%DB%8C%2Cb435 HTTP/1.1" 200 31685 "-" "Mozilla/5.0 (compatible; AhrefsBot/6.1; +http://ahrefs.com/robot/)" "-"
66.249.66.194 - - [22/Jan/2019:04:17:12 +0330] "GET /m/filter/b105,b113,b118,b126,b135,b136,b151,b152,b168,b192,b194,b213,b215,b216,b217,b218,b22,b221,b226,b249,b258,b32,b35,b36,b400,b41,b435,b442,b454,b482,b523,b542,b548,b574,b597,b598,b6,b645,b648,b656,b67,b679,b703,b723,b724,b74,b820,b854,b88,b880,b95,b99,p38,stexists HTTP/1.1" 200 21963 "-" "Mozilla/5.0 (Linux; Android 6.0.1; Nexus 5X Build/MMB29P) AppleWebKit/537.36 (KHTML, like Gecko) Chrome/41.0.2272.96 Mobile Safari/537.36 (compatible; Googlebot/2.1; +http://www.google.com/bot.html)" "-"
66.249.66.91 - - [22/Jan/2019:04:17:12 +0330] "GET /filter/b481%2Cb226%2Cb570%2Cb598%2Cstexists%2Cb880%2Cb270%2Cb883%2Cb99%2Cb261%2Cb249%2Cb20%2Cb701%2Cb42%2Cb879%2Cb548%2Cb183%2Cb88%2Cb308%2Cb103%2Cb1%2Cb126%2Cb523%2Cb192%2Cb188%2Cb890%2Cb148%2Cb256%2Cb454%2Cb651%2Cb41%2Cb647%2Cb22%2Cb613%2Cb6%2Cb221%2Cb36%2Cb614%2Cb3%2Cb216%2Cb218%2Cb136%2Cb573%2Cb151%2Cb185%2Cb32%2Cb441%2Cb143%2Cb648%2Cb203%2Cb877%2Cb209%2Cb231%2Cb485%2Cb147?page=89 HTTP/1.1" 200 39698 "-" "Mozilla/5.0 (compatible; Googlebot/2.1; +http://www.google.com/bot.html)" "-"
130.185.74.243 - - [22/Jan/2019:04:17:13 +0330] "GET /filter/stexists,p41,b126,b216,b46,b32,b213,b173?page=1 HTTP/1.1" 200 31837 "-" "Mozilla/5.0 (Windows NT 6.1; rv:42.0) Gecko/20100101 Firefox/42.0" "-"
66.249.66.194 - - [22/Jan/2019:04:17:14 +0330] "GET /product/28978/58083/%D8%AF%D9%88%D8%B1%D8%A8%DB%8C%D9%86-%D8%B9%DA%A9%D8%A7%D8%B3%DB%8C-Bridge-%DA%A9%D8%A7%D9%86%D9%86-%D9%85%D8%AF%D9%84-SX60-HS HTTP/1.1" 302 0 "-" "Mozilla/5.0 (Linux; Android 6.0.1; Nexus 5X Build/MMB29P) AppleWebKit/537.36 (KHTML, like Gecko) Chrome/41.0.2272.96 Mobile Safari/537.36 (compatible; Googlebot/2.1; +http://www.google.com/bot.html)" "-"
66.249.66.194 - - [22/Jan/2019:04:17:14 +0330] "GET /m/filter/b656,p12786 HTTP/1.1" 200 18590 "-" "Mozilla/5.0 (Linux; Android 6.0.1; Nexus 5X Build/MMB29P) AppleWebKit/537.36 (KHTML, like Gecko) Chrome/41.0.2272.96 Mobile Safari/537.36 (compatible; Googlebot/2.1; +http://www.google.com/bot.html)" "-"
66.249.66.91 - - [22/Jan/2019:04:17:14 +0330] "GET /image/63212/productModel/150x150 HTTP/1.1" 200 2727 "-" "Googlebot-Image/1.0" "-"
5.218.8.5 - - [22/Jan/2019:04:17:14 +0330] "GET /m/browse/knee-support/%D8%B2%D8%A7%D9%86%D9%88-%D8%A8%D9%86%D8%AF HTTP/1.1" 200 17939 "https://www.google.com/" "Mozilla/5.0 (Linux; Android 8.0.0; SM-C5000) AppleWebKit/537.36 (KHTML, like Gecko) Chrome/71.0.3578.99 Mobile Safari/537.36" "-"
66.249.66.91 - - [22/Jan/2019:04:17:15 +0330] "GET /filter/b36%2Cb41%2Cb598%2Cb168%2Cb103%2Cb88%2Cb19%2Cb194%2Cb35%2Cb321%2Cb5%2Cb261%2Cb442%2Cb484%2Cb723%2Cb573%2Cb192%2Cb724%2Cb435%2Cb183%2Cb542%2Cb135%2Cb63%2Cb497%2Cb619%2Cb613%2Cb126%2Cb74%2Cb441%2Cb568%2Cb880%2Cb647%2Cb185%2Cb584%2Cb224%2Cb213%2Cb3%2Cb570%2Cb198%2Cb256%2Cb238%2Cb485%2Cb574%2Cb186%2Cb548%2Cstexists%2Cb215%2Cb904%2Cb615%2Cb603%2Cb203%2Cb43%2Cb152%2Cb95%2Cb147%2Cb143%2Cb656%2Cb2%2Cb308%2Cb80%2Cb22%2Cb883%2Cb523%2Cb903%2Cb648?page=6 HTTP/1.1" 200 41226 "-" "Mozilla/5.0 (compatible; Googlebot/2.1; +http://www.google.com/bot.html)" "-"
54.36.148.233 - - [22/Jan/2019:04:17:15 +0330] "GET /filter/p6001,v1|%D8%A8%D9%86%D9%81%D8%B4,v1|%D9%85%D8%B4%DA%A9%DB%8C%20%D8%B2%D8%B1%D8%AF HTTP/1.1" 200 33702 "-" "Mozilla/5.0 (compatible; AhrefsBot/6.1; +http://ahrefs.com/robot/)" "-"
66.249.66.194 - - [22/Jan/2019:04:17:15 +0330] "GET /m/product/28978/58083/%D8%AF%D9%88%D8%B1%D8%A8%DB%8C%D9%86-%D8%B9%DA%A9%D8%A7%D8%B3%DB%8C-Bridge-%DA%A9%D8%A7%D9%86%D9%86-%D9%85%D8%AF%D9%84-SX60-HS HTTP/1.1" 200 21673 "-" "Mozilla/5.0 (Linux; Android 6.0.1; Nexus 5X Build/MMB29P) AppleWebKit/537.36 (KHTML, like Gecko) Chrome/41.0.2272.96 Mobile Safari/537.36 (compatible; Googlebot/2.1; +http://www.google.com/bot.html)" "-"
66.249.66.91 - - [22/Jan/2019:04:17:16 +0330] "GET /image/13137?name=13135-1.jpg&wh=200x200 HTTP/1.1" 200 2441 "-" "Googlebot-Image/1.0" "-"
69.30.218.194 - - [22/Jan/2019:04:17:16 +0330] "GET /image/29582?name=%D8%A7%D9%881.jpg&wh=200x200 HTTP/1.1" 200 2787 "-" "torob/5 CFNetwork/975.0.3 Darwin/18.2.0" "-"
66.249.66.194 - - [22/Jan/2019:04:17:17 +0330] "GET /m/browse/coffee-maker/%D9%82%D9%87%D9%88%D9%87-%D8%B3%D8%A7%D8%B2 HTTP/1.1" 200 19056 "-" "Mozilla/5.0 (Linux; Android 6.0.1; Nexus 5X Build/MMB29P) AppleWebKit/537.36 (KHTML, like Gecko) Chrome/41.0.2272.96 Mobile Safari/537.36 (compatible; Googlebot/2.1; +http://www.google.com/bot.html)" "-"
66.249.66.194 - - [22/Jan/2019:04:17:18 +0330] "GET /product/32357/62675/%D9%85%D8%A7%D8%B4%DB%8C%D9%86-%D9%84%D8%A8%D8%A7%D8%B3%D8%B4%D9%88%DB%8C%DB%8C-%D8%AF%D8%B1%D8%A8-%D8%A7%D8%B2-%D8%AC%D9%84%D9%88-%D9%BE%D8%A7%D9%86%D8%A7%D8%B3%D9%88%D9%86%DB%8C%DA%A9-%D9%85%D8%AF%D9%84-NA-107VC5W HTTP/1.1" 302 0 "-" "Mozilla/5.0 (Linux; Android 6.0.1; Nexus 5X Build/MMB29P) AppleWebKit/537.36 (KHTML, like Gecko) Chrome/41.0.2272.96 Mobile Safari/537.36 (compatible; Googlebot/2.1; +http://www.google.com/bot.html)" "-"
66.249.66.194 - - [22/Jan/2019:04:17:19 +0330] "GET /m/filter/p10,t113,v1%7C%D8%B3%D9%81%DB%8C%D8%AF,v1%7C%D8%B3%D9%81%DB%8C%D8%AF%20%D9%85%D8%B4%DA%A9%DB%8C HTTP/1.1" 200 18483 "-" "Mozilla/5.0 (Linux; Android 6.0.1; Nexus 5X Build/MMB29P) AppleWebKit/537.36 (KHTML, like Gecko) Chrome/41.0.2272.96 Mobile Safari/537.36 (compatible; Googlebot/2.1; +http://www.google.com/bot.html)" "-"
83.122.180.216 - - [22/Jan/2019:04:17:19 +0330] "GET /image/11947?name=11947-1-fw.jpg&wh=200x200 HTTP/1.1" 200 4167 "-" "Dalvik/1.6.0 (Linux; U; Android 4.4.2; SM-G7102 Build/KOT49H)" "-"
207.46.13.115 - - [22/Jan/2019:04:17:19 +0330] "GET /image/37124/productModel/100x100 HTTP/1.1" 200 3093 "-" "Mozilla/5.0 (compatible; bingbot/2.0; +http://www.bing.com/bingbot.htm)" "-"
207.46.13.115 - - [22/Jan/2019:04:17:20 +0330] "GET /image/37510/productModel/100x100 HTTP/1.1" 200 2982 "-" "Mozilla/5.0 (compatible; bingbot/2.0; +http://www.bing.com/bingbot.htm)" "-"
66.249.66.194 - - [22/Jan/2019:04:17:21 +0330] "GET /m/product/32357/62675/%D9%85%D8%A7%D8%B4%DB%8C%D9%86-%D9%84%D8%A8%D8%A7%D8%B3%D8%B4%D9%88%DB%8C%DB%8C-%D8%AF%D8%B1%D8%A8-%D8%A7%D8%B2-%D8%AC%D9%84%D9%88-%D9%BE%D8%A7%D9%86%D8%A7%D8%B3%D9%88%D9%86%DB%8C%DA%A9-%D9%85%D8%AF%D9%84-NA-107VC5W HTTP/1.1" 200 21732 "-" "Mozilla/5.0 (Linux; Android 6.0.1; Nexus 5X Build/MMB29P) AppleWebKit/537.36 (KHTML, like Gecko) Chrome/41.0.2272.96 Mobile Safari/537.36 (compatible; Googlebot/2.1; +http://www.google.com/bot.html)" "-"
86.55.46.218 - - [22/Jan/2019:04:17:21 +0330] "GET /static/images/Icon-Buypage/addToZanbil-box-hover.png HTTP/1.1" 200 4077 "https://znbl.ir/static/bundle-bundle_site_head.css" "Mozilla/5.0 (Windows NT 10.0; Win64; x64) AppleWebKit/537.36 (KHTML, like Gecko) Chrome/71.0.3578.98 Safari/537.36" "-"
34.247.132.53 - - [22/Jan/2019:04:17:21 +0330] "GET / HTTP/1.1" 200 29742 "-" "Mozilla/5.0 (Windows NT 10.0; Win64; x64) AppleWebKit/537.36 (KHTML, like Gecko) Chrome/63.0.3239.84 Safari/537.36" "-"
17.58.102.43 - - [22/Jan/2019:04:17:21 +0330] "GET /filter/b571%2Cb288%2Cb70%2Cb57%2Cb43%2Cb401%2Cb121%2Cp1%2Cb647%2Cb180?page=3 HTTP/1.1" 200 38173 "-" "Mozilla/5.0 (Macintosh; Intel Mac OS X 10_10_1) AppleWebKit/600.2.5 (KHTML, like Gecko) Version/8.0.2 Safari/600.2.5 (Applebot/0.1; +http://www.apple.com/go/applebot)" "-"
207.46.13.115 - - [22/Jan/2019:04:17:21 +0330] "GET /image/51486/productModel/100x100 HTTP/1.1" 200 2278 "-" "Mozilla/5.0 (compatible; bingbot/2.0; +http://www.bing.com/bingbot.htm)" "-"
207.46.13.115 - - [22/Jan/2019:04:17:21 +0330] "GET /image/51732/productModel/100x100 HTTP/1.1" 200 2793 "-" "Mozilla/5.0 (compatible; bingbot/2.0; +http://www.bing.com/bingbot.htm)" "-"
204.18.36.198 - - [22/Jan/2019:04:17:22 +0330] "GET /image/17369?name=rq-56wc4sa1111.jpg&wh=200x200 HTTP/1.1" 200 2450 "-" "Dalvik/2.1.0 (Linux; U; Android 7.0; HUAWEI VNS-L21 Build/HUAWEIVNS-L21)" "-"
207.46.13.115 - - [22/Jan/2019:04:17:22 +0330] "GET /image/51734/productModel/100x100 HTTP/1.1" 200 3100 "-" "Mozilla/5.0 (compatible; bingbot/2.0; +http://www.bing.com/bingbot.htm)" "-"
66.249.66.91 - - [22/Jan/2019:04:17:22 +0330] "GET /filter/b481%2Cb226%2Cb570%2Cb598%2Cstexists%2Cb880%2Cb270%2Cb883%2Cb99%2Cb261%2Cb249%2Cb20%2Cb701%2Cb42%2Cb879%2Cb548%2Cb183%2Cb88%2Cb308%2Cb103%2Cb1%2Cb126%2Cb523%2Cb192%2Cb188%2Cb890%2Cb148%2Cb256%2Cb454%2Cb651%2Cb41%2Cb647%2Cb22%2Cb613%2Cb6%2Cb221%2Cb36%2Cb614%2Cb3%2Cb216%2Cb218%2Cb136%2Cb573%2Cb151%2Cb185%2Cb32%2Cb441%2Cb143%2Cb648%2Cb203%2Cb877%2Cb209%2Cb231%2Cb485%2Cb147?page=5 HTTP/1.1" 200 41395 "-" "Mozilla/5.0 (compatible; Googlebot/2.1; +http://www.google.com/bot.html)" "-"
207.46.13.115 - - [22/Jan/2019:04:17:22 +0330] "GET /image/51737/productModel/100x100 HTTP/1.1" 200 3433 "-" "Mozilla/5.0 (compatible; bingbot/2.0; +http://www.bing.com/bingbot.htm)" "-"
66.249.66.91 - - [22/Jan/2019:04:17:22 +0330] "GET /image/34292?name=lenovo-ideapad-520-i7-gray-1.jpg&wh=200x200 HTTP/1.1" 200 4936 "-" "Googlebot-Image/1.0" "-"
46.4.203.149 - - [22/Jan/2019:04:17:22 +0330] "GET /product/28332/57152/%D8%A7%D8%AC%D8%A7%D9%82-%DA%AF%D8%A7%D8%B2-%D8%B5%D9%81%D8%AD%D9%87-%D8%A7%DB%8C-%D8%A7%D8%AE%D9%88%D8%A7%D9%86-%D9%85%D8%AF%D9%84-G-26 HTTP/1.1" 200 546329 "-" "Mozilla/5.0 (Windows NT 6.2; WOW64; rv:17.0) Gecko/20100101 Firefox/17.0" "-"
66.249.66.91 - - [22/Jan/2019:04:17:23 +0330] "GET /filter/p4510%2Cv1%7C%D9%85%D8%B4%DA%A9%DB%8C%20%D8%A2%D8%A8%DB%8C HTTP/1.1" 200 31913 "-" "Mozilla/5.0 (compatible; Googlebot/2.1; +http://www.google.com/bot.html)" "-"
54.36.148.91 - - [22/Jan/2019:04:17:24 +0330] "GET /filter/1063|320,b103,b125,p1225 HTTP/1.1" 200 30261 "-" "Mozilla/5.0 (compatible; AhrefsBot/6.1; +http://ahrefs.com/robot/)" "-"
66.249.66.91 - - [22/Jan/2019:04:17:24 +0330] "GET /filter/b36%2Cb41%2Cb598%2Cb168%2Cb103%2Cb614%2Cb88%2Cb19%2Cb194%2Cb35%2Cb321%2Cb5%2Cb261%2Cb442%2Cb484%2Cb723%2Cb573%2Cb192%2Cb724%2Cb435%2Cb183%2Cb542%2Cb63%2Cb497%2Cb619%2Cb613%2Cb126%2Cb74%2Cb441%2Cb568%2Cb880%2Cb647%2Cb185%2Cb584%2Cb224%2Cb213%2Cb3%2Cb570%2Cb198%2Cb238%2Cb485%2Cb574%2Cb186%2Cb548%2Cstexists%2Cb215%2Cb904%2Cb615%2Cb603%2Cb203%2Cb43%2Cb152%2Cb95%2Cb147%2Cb143%2Cb656%2Cb2%2Cb80%2Cb22%2Cb883%2Cb523%2Cb903%2Cb258?page=1 HTTP/1.1" 200 41604 "-" "Mozilla/5.0 (compatible; Googlebot/2.1; +http://www.google.com/bot.html)" "-"
66.249.66.194 - - [22/Jan/2019:04:17:24 +0330] "GET /product/16056/30319/%D8%AA%D8%B5%D9%81%DB%8C%D9%87-%D9%87%D9%88%D8%A7-%D8%AF%D9%84%D9%88%D9%86%DA%AF%DB%8C-%D9%85%D8%AF%D9%84-AC150 HTTP/1.1" 200 40314 "-" "Mozilla/5.0 (compatible; Googlebot/2.1; +http://www.google.com/bot.html)" "-"
54.36.148.107 - - [22/Jan/2019:04:17:24 +0330] "GET /filter/p5712%2Cv1%7C%D9%82%D8%B1%D9%85%D8%B2.%2Cv1%7C%D8%B3%D9%88%D8%B1%D9%85%D9%87%20%D8%A7%DB%8C?o=v1 HTTP/1.1" 302 0 "-" "Mozilla/5.0 (compatible; AhrefsBot/6.1; +http://ahrefs.com/robot/)" "-"
54.36.148.129 - - [22/Jan/2019:04:17:24 +0330] "GET /filter/b153,b215,b41,b878,p9 HTTP/1.1" 200 34280 "-" "Mozilla/5.0 (compatible; AhrefsBot/6.1; +http://ahrefs.com/robot/)" "-"
86.55.46.218 - - [22/Jan/2019:04:17:25 +0330] "GET /image/12129/productTypeMenu HTTP/1.1" 200 11 "https://www.zanbil.ir/product/10825?model=15613" "Mozilla/5.0 (Windows NT 10.0; Win64; x64) AppleWebKit/537.36 (KHTML, like Gecko) Chrome/71.0.3578.98 Safari/537.36" "-"
54.36.149.55 - - [22/Jan/2019:04:17:25 +0330] "GET /filter/p1233,v1|%D8%A7%D8%B3%D8%AA%DB%8C%D9%84%20%D9%85%D8%B4%DA%A9%DB%8C.,v1|%D9%86%D8%A7%D8%B1%D9%86%D8%AC%DB%8C. HTTP/1.1" 200 32130 "-" "Mozilla/5.0 (compatible; AhrefsBot/6.1; +http://ahrefs.com/robot/)" "-"
66.249.66.91 - - [22/Jan/2019:04:17:25 +0330] "GET /filter/b656%2Cb703%2Cb32%2Cb67%2Cb226%2Cb41%2Cb598%2Cb168%2Cb723%2Cb597%2Cb88%2Cb548%2Cb6%2Cb679%2Cb215%2Cb105%2Cb194%2Cb74%2Cb542%2Cb35%2Cb113%2Cb820%2Cb574%2Cb442%2Cb880%2Cb645%2Cb724%2Cb118%2Cb482%2Cb400%2Cb135%2Cb249%2Cb435%2Cb221%2Cb523%2Cb854%2Cb126%2Cstexists%2Cb216%2Cb217%2Cb152%2Cb99%2Cb192%2Cb213%2Cb136%2Cb218%2Cb648%2Cb454%2Cb258%2Cb151%2Cb186%2Cb219?page=4 HTTP/1.1" 200 40213 "-" "Mozilla/5.0 (compatible; Googlebot/2.1; +http://www.google.com/bot.html)" "-"
207.46.13.136 - - [22/Jan/2019:04:17:26 +0330] "GET /filter?f=p46%2Cb99%2Cb74%2Cb105 HTTP/1.1" 200 35161 "-" "Mozilla/5.0 (compatible; bingbot/2.0; +http://www.bing.com/bingbot.htm)" "-"
5.218.8.5 - - [22/Jan/2019:04:17:27 +0330] "GET /settings/logo HTTP/1.1" 200 4120 "https://www.zanbil.ir/m/browse/knee-support/%D8%B2%D8%A7%D9%86%D9%88-%D8%A8%D9%86%D8%AF" "Mozilla/5.0 (Linux; Android 8.0.0; SM-C5000) AppleWebKit/537.36 (KHTML, like Gecko) Chrome/71.0.3578.99 Mobile Safari/537.36" "-"
5.218.8.5 - - [22/Jan/2019:04:17:27 +0330] "GET /image/25219/productModel/200x200 HTTP/1.1" 200 4964 "https://www.zanbil.ir/m/browse/knee-support/%D8%B2%D8%A7%D9%86%D9%88-%D8%A8%D9%86%D8%AF" "Mozilla/5.0 (Linux; Android 8.0.0; SM-C5000) AppleWebKit/537.36 (KHTML, like Gecko) Chrome/71.0.3578.99 Mobile Safari/537.36" "-"
17.58.102.43 - - [22/Jan/2019:04:17:28 +0330] "GET /filter/b211%2Cb408%2Cb228%2Cb320%2Cb291%2Cb598%2Cb459%2Cb576%2Cb430%2Cb570%2Cb148%2Cb874%2Cb249%2Cb435 HTTP/1.1" 200 38297 "-" "Mozilla/5.0 (Macintosh; Intel Mac OS X 10_10_1) AppleWebKit/600.2.5 (KHTML, like Gecko) Version/8.0.2 Safari/600.2.5 (Applebot/0.1; +http://www.apple.com/go/applebot)" "-"
54.36.148.89 - - [22/Jan/2019:04:17:28 +0330] "GET /filter/b103%2Cp1233%2Cb3 HTTP/1.1" 200 32111 "-" "Mozilla/5.0 (compatible; AhrefsBot/6.1; +http://ahrefs.com/robot/)" "-"
66.249.66.194 - - [22/Jan/2019:04:17:29 +0330] "GET /product/29300/58659/%D8%AA%D9%84%D9%88%DB%8C%D8%B2%DB%8C%D9%88%D9%86-%D8%A7%D9%84-%D8%A7%DB%8C-%D8%AF%DB%8C-%D8%B3%D8%A7%D9%85%D8%B3%D9%88%D9%86%DA%AF-%D9%85%D8%AF%D9%84-65KU7975 HTTP/1.1" 302 0 "-" "Mozilla/5.0 (Linux; Android 6.0.1; Nexus 5X Build/MMB29P) AppleWebKit/537.36 (KHTML, like Gecko) Chrome/41.0.2272.96 Mobile Safari/537.36 (compatible; Googlebot/2.1; +http://www.google.com/bot.html)" "-"
130.185.74.243 - - [22/Jan/2019:04:17:29 +0330] "GET /filter/stexists,p42,b41 HTTP/1.1" 200 31622 "-" "Mozilla/5.0 (Windows NT 6.1; rv:42.0) Gecko/20100101 Firefox/42.0" "-"
5.117.242.204 - - [22/Jan/2019:04:17:30 +0330] "GET /basket/checkout HTTP/1.1" 200 18097 "https://www.zanbil.ir/basket/view" "Mozilla/5.0 (Linux; Android 7.0; Lenovo TB-7304N) AppleWebKit/537.36 (KHTML, like Gecko) Chrome/71.0.3578.99 Safari/537.36" "-"
95.64.55.171 - - [22/Jan/2019:04:17:30 +0330] "GET /image/33952?name=note9m.jpg&wh=200x200 HTTP/1.1" 200 5969 "-" "Dalvik/2.1.0 (Linux; U; Android 8.0.0; SM-J600G Build/R16NW)" "-"
5.117.242.204 - - [22/Jan/2019:04:17:31 +0330] "GET /settings/logo HTTP/1.1" 200 4120 "https://www.zanbil.ir/basket/checkout" "Mozilla/5.0 (Linux; Android 7.0; Lenovo TB-7304N) AppleWebKit/537.36 (KHTML, like Gecko) Chrome/71.0.3578.99 Safari/537.36" "-"
130.185.74.243 - - [22/Jan/2019:04:17:31 +0330] "GET /filter/stexists,p42,b105 HTTP/1.1" 200 29657 "-" "Mozilla/5.0 (Windows NT 6.1; rv:42.0) Gecko/20100101 Firefox/42.0" "-"
86.55.46.218 - - [22/Jan/2019:04:17:32 +0330] "GET /product/10836?model=15663 HTTP/1.1" 200 40048 "-" "Mozilla/5.0 (Windows NT 10.0; Win64; x64) AppleWebKit/537.36 (KHTML, like Gecko) Chrome/71.0.3578.98 Safari/537.36" "-"
5.117.242.204 - - [22/Jan/2019:04:17:32 +0330] "GET /favicon.ico HTTP/1.1" 200 0 "https://www.zanbil.ir/basket/checkout" "Mozilla/5.0 (Linux; Android 7.0; Lenovo TB-7304N) AppleWebKit/537.36 (KHTML, like Gecko) Chrome/71.0.3578.99 Safari/537.36" "-"
66.249.66.194 - - [22/Jan/2019:04:17:32 +0330] "GET /m/product/29300/58659/%D8%AA%D9%84%D9%88%DB%8C%D8%B2%DB%8C%D9%88%D9%86-%D8%A7%D9%84-%D8%A7%DB%8C-%D8%AF%DB%8C-%D8%B3%D8%A7%D9%85%D8%B3%D9%88%D9%86%DA%AF-%D9%85%D8%AF%D9%84-65KU7975 HTTP/1.1" 200 21421 "-" "Mozilla/5.0 (Linux; Android 6.0.1; Nexus 5X Build/MMB29P) AppleWebKit/537.36 (KHTML, like Gecko) Chrome/41.0.2272.96 Mobile Safari/537.36 (compatible; Googlebot/2.1; +http://www.google.com/bot.html)" "-"
130.185.74.243 - - [22/Jan/2019:04:17:33 +0330] "GET /filter/stexists,p42,b261,b50,b74,b633,b153,b147,b125 HTTP/1.1" 200 31711 "-" "Mozilla/5.0 (Windows NT 6.1; rv:42.0) Gecko/20100101 Firefox/42.0" "-"
66.249.66.91 - - [22/Jan/2019:04:17:33 +0330] "GET /image/29502?name=%D8%A8%D9%88%D9%86%D9%841-1.jpg&wh=200x200 HTTP/1.1" 200 2597 "-" "Googlebot-Image/1.0" "-"
83.122.180.216 - - [22/Jan/2019:04:17:33 +0330] "GET /image/11926?name=sm812aaa.jpg&wh=200x200 HTTP/1.1" 200 4377 "-" "Dalvik/1.6.0 (Linux; U; Android 4.4.2; SM-G7102 Build/KOT49H)" "-"
174.6.184.180 - - [22/Jan/2019:04:17:34 +0330] "GET / HTTP/1.1" 301 178 "-" "Mozilla/5.0 (iPhone; CPU iPhone OS 12_1_2 like Mac OS X) AppleWebKit/605.1.15 (KHTML, like Gecko) Version/12.0 Mobile/15E148 Safari/604.1" "-"
130.185.74.243 - - [22/Jan/2019:04:17:34 +0330] "GET /filter/stexists,p42,b261,b50,b74,b633,b153,b147,b125?page=1 HTTP/1.1" 200 29870 "-" "Mozilla/5.0 (Windows NT 6.1; rv:42.0) Gecko/20100101 Firefox/42.0" "-"
207.46.13.136 - - [22/Jan/2019:04:17:34 +0330] "GET /filter/b1,b103,b125,b133,b67,p1 HTTP/1.1" 200 38835 "-" "Mozilla/5.0 (compatible; bingbot/2.0; +http://www.bing.com/bingbot.htm)" "-"
54.36.148.102 - - [22/Jan/2019:04:17:34 +0330] "GET /filter/p5%2Cstexists%2Cv1%7C%D9%85%D8%B4%DA%A9%DB%8C%20%D8%A7%D9%84%D9%85%D8%A7%D8%B3%DB%8C HTTP/1.1" 200 31805 "-" "Mozilla/5.0 (compatible; AhrefsBot/6.1; +http://ahrefs.com/robot/)" "-"
66.249.66.194 - - [22/Jan/2019:04:17:34 +0330] "GET /m HTTP/1.1" 200 17146 "-" "Mozilla/5.0 (Linux; Android 6.0.1; Nexus 5X Build/MMB29P) AppleWebKit/537.36 (KHTML, like Gecko) Chrome/41.0.2272.96 Mobile Safari/537.36 (compatible; Googlebot/2.1; +http://www.google.com/bot.html)" "-"
66.249.66.91 - - [22/Jan/2019:04:17:34 +0330] "GET /filter/b703%2Cb36%2Cb41%2Cb598%2Cb168%2Cb103%2Cb614%2Cb88%2Cb19%2Cb194%2Cb321%2Cb5%2Cb261%2Cb442%2Cb484%2Cb723%2Cb573%2Cb192%2Cb724%2Cb1%2Cb435%2Cb183%2Cb542%2Cb135%2Cb878%2Cb63%2Cb497%2Cb619%2Cb219%2Cb126%2Cb74%2Cb151%2Cb441%2Cb568%2Cb880%2Cb647%2Cb185%2Cb224%2Cb213%2Cb50%2Cb3%2Cb231%2Cb99%2Cb238%2Cb82%2Cb215%2Cb95%2Cb218%2Cb118%2Cb543%2Cb603?page=216 HTTP/1.1" 200 39477 "-" "Mozilla/5.0 (compatible; Googlebot/2.1; +http://www.google.com/bot.html)" "-"
66.249.79.194 - - [22/Jan/2019:04:17:34 +0330] "GET /product/29443/58877/%D8%B1%DB%8C%D8%B4-%D8%AA%D8%B1%D8%A7%D8%B4-%D9%86%D9%88%D8%B3%D8%A7%D9%86%DB%8C-%D8%A8%D8%B1%D8%A7%D9%88%D9%86-%D9%85%D8%AF%D9%84-3040s HTTP/1.1" 302 0 "-" "Mozilla/5.0 (Linux; Android 6.0.1; Nexus 5X Build/MMB29P) AppleWebKit/537.36 (KHTML, like Gecko) Chrome/41.0.2272.96 Mobile Safari/537.36 (compatible; Googlebot/2.1; +http://www.google.com/bot.html)" "-"
66.249.66.91 - - [22/Jan/2019:04:17:34 +0330] "GET /filter/b656%2Cb703%2Cb32%2Cb67%2Cb226%2Cb41%2Cb598%2Cb168%2Cb723%2Cb597%2Cb88%2Cb548%2Cb6%2Cb679%2Cb215%2Cb105%2Cb194%2Cb74%2Cb542%2Cb35%2Cb113%2Cb820%2Cb574%2Cb442%2Cb880%2Cb645%2Cb724%2Cb118%2Cb482%2Cb400%2Cb95%2Cb135%2Cb249%2Cb435%2Cb221%2Cb523%2Cb854%2Cb126%2Cstexists%2Cb216%2Cb217%2Cb152%2Cb99%2Cb192%2Cb213%2Cb136%2Cb218%2Cb648%2Cb454%2Cb258%2Cb151%2Cb186%2Cb219%2Cb3?page=4 HTTP/1.1" 200 41480 "-" "Mozilla/5.0 (compatible; Googlebot/2.1; +http://www.google.com/bot.html)" "-"
174.6.184.180 - - [22/Jan/2019:04:17:35 +0330] "GET / HTTP/1.1" 302 0 "-" "Mozilla/5.0 (iPhone; CPU iPhone OS 12_1_2 like Mac OS X) AppleWebKit/605.1.15 (KHTML, like Gecko) Version/12.0 Mobile/15E148 Safari/604.1" "-"
5.211.97.39 - - [22/Jan/2019:04:17:35 +0330] "GET /m/product/2287/2589/%DA%A9%D8%A8%D8%A7%D8%A8-%D9%BE%D8%B2-%D8%A8%D8%B1%D9%82%DB%8C-%D9%BE%D8%A7%D8%B1%D8%B3-%D8%AE%D8%B2%D8%B1-%D9%85%D8%AF%D9%84-BBQ2000V HTTP/1.1" 200 20140 "https://www-zanbil-ir.cdn.ampproject.org/v/s/www.zanbil.ir/m/browse/barbeque/%DA%A9%D8%A8%D8%A7%D8%A8-%D9%BE%D8%B2?amp_js_v=0.1&usqp=mq331AQECAEoAQ%3D%3D" "Mozilla/5.0 (iPhone; CPU iPhone OS 10_3_2 like Mac OS X) AppleWebKit/603.2.4 (KHTML, like Gecko) Version/10.0 Mobile/14F89 Safari/602.1" "-"
86.55.46.218 - - [22/Jan/2019:04:17:35 +0330] "GET /image/10836/product/50x50 HTTP/1.1" 200 920 "https://www.zanbil.ir/product/10836?model=15663" "Mozilla/5.0 (Windows NT 10.0; Win64; x64) AppleWebKit/537.36 (KHTML, like Gecko) Chrome/71.0.3578.98 Safari/537.36" "-"
66.249.66.194 - - [22/Jan/2019:04:17:35 +0330] "GET /m/product/29443/58877/%D8%B1%DB%8C%D8%B4-%D8%AA%D8%B1%D8%A7%D8%B4-%D9%86%D9%88%D8%B3%D8%A7%D9%86%DB%8C-%D8%A8%D8%B1%D8%A7%D9%88%D9%86-%D9%85%D8%AF%D9%84-3040s HTTP/1.1" 200 20500 "-" "Mozilla/5.0 (Linux; Android 6.0.1; Nexus 5X Build/MMB29P) AppleWebKit/537.36 (KHTML, like Gecko) Chrome/41.0.2272.96 Mobile Safari/537.36 (compatible; Googlebot/2.1; +http://www.google.com/bot.html)" "-"
5.211.97.39 - - [22/Jan/2019:04:17:36 +0330] "GET /settings/logo HTTP/1.1" 200 4120 "https://www.zanbil.ir/m/product/2287/2589/%DA%A9%D8%A8%D8%A7%D8%A8-%D9%BE%D8%B2-%D8%A8%D8%B1%D9%82%DB%8C-%D9%BE%D8%A7%D8%B1%D8%B3-%D8%AE%D8%B2%D8%B1-%D9%85%D8%AF%D9%84-BBQ2000V" "Mozilla/5.0 (iPhone; CPU iPhone OS 10_3_2 like Mac OS X) AppleWebKit/603.2.4 (KHTML, like Gecko) Version/10.0 Mobile/14F89 Safari/602.1" "-"
86.55.46.218 - - [22/Jan/2019:04:17:36 +0330] "GET /image/10836?name=pr114at-fw.jpg&wh=300x300 HTTP/1.1" 200 4447 "https://www.zanbil.ir/product/10836?model=15663" "Mozilla/5.0 (Windows NT 10.0; Win64; x64) AppleWebKit/537.36 (KHTML, like Gecko) Chrome/71.0.3578.98 Safari/537.36" "-"
5.211.97.39 - - [22/Jan/2019:04:17:36 +0330] "HEAD /amp_preconnect_polyfill_404_or_other_error_expected._Do_not_worry_about_it?1548118260000 HTTP/1.1" 404 0 "https://www.zanbil.ir/m/product/2287/2589/%DA%A9%D8%A8%D8%A7%D8%A8-%D9%BE%D8%B2-%D8%A8%D8%B1%D9%82%DB%8C-%D9%BE%D8%A7%D8%B1%D8%B3-%D8%AE%D8%B2%D8%B1-%D9%85%D8%AF%D9%84-BBQ2000V" "Mozilla/5.0 (iPhone; CPU iPhone OS 10_3_2 like Mac OS X) AppleWebKit/603.2.4 (KHTML, like Gecko) Version/10.0 Mobile/14F89 Safari/602.1" "-"
172.20.2.174 - - [22/Jan/2019:04:17:36 +0330] "GET /site/ping HTTP/1.1" 200 4 "-" "-" "-"
5.211.97.39 - - [22/Jan/2019:04:17:36 +0330] "GET /image/2287?name=1004_63198315273035245747_l.jpg&wh=max HTTP/1.1" 200 16949 "https://www.zanbil.ir/m/product/2287/2589/%DA%A9%D8%A8%D8%A7%D8%A8-%D9%BE%D8%B2-%D8%A8%D8%B1%D9%82%DB%8C-%D9%BE%D8%A7%D8%B1%D8%B3-%D8%AE%D8%B2%D8%B1-%D9%85%D8%AF%D9%84-BBQ2000V" "Mozilla/5.0 (iPhone; CPU iPhone OS 10_3_2 like Mac OS X) AppleWebKit/603.2.4 (KHTML, like Gecko) Version/10.0 Mobile/14F89 Safari/602.1" "-"
86.55.46.218 - - [22/Jan/2019:04:17:36 +0330] "GET /settings/logo HTTP/1.1" 200 4120 "https://www.zanbil.ir/product/10836?model=15663" "Mozilla/5.0 (Windows NT 10.0; Win64; x64) AppleWebKit/537.36 (KHTML, like Gecko) Chrome/71.0.3578.98 Safari/537.36" "-"
174.6.184.180 - - [22/Jan/2019:04:17:36 +0330] "GET /m HTTP/1.1" 200 17140 "-" "Mozilla/5.0 (iPhone; CPU iPhone OS 12_1_2 like Mac OS X) AppleWebKit/605.1.15 (KHTML, like Gecko) Version/12.0 Mobile/15E148 Safari/604.1" "-"
66.249.66.194 - - [22/Jan/2019:04:17:36 +0330] "GET /m/browse/audio-and-video-equipment/%D8%B5%D9%88%D8%AA%DB%8C-%D9%88-%D8%AA%D8%B5%D9%88%DB%8C%D8%B1%DB%8C HTTP/1.1" 200 16521 "-" "Mozilla/5.0 (Linux; Android 6.0.1; Nexus 5X Build/MMB29P) AppleWebKit/537.36 (KHTML, like Gecko) Chrome/41.0.2272.96 Mobile Safari/537.36 (compatible; Googlebot/2.1; +http://www.google.com/bot.html)" "-"
91.99.72.15 - - [22/Jan/2019:04:17:36 +0330] "GET /product/2593?model=3066 HTTP/1.1" 200 41391 "-" "Mozilla/5.0 (Windows NT 6.1; WOW64) AppleWebKit/535.7(KHTML, like Gecko) Chrome/16.0.912.36 Safari/535.7" "-"
69.30.218.194 - - [22/Jan/2019:04:17:37 +0330] "GET /image/29478?name=ultra3-1.jpg&wh=200x200 HTTP/1.1" 200 3024 "-" "torob/5 CFNetwork/975.0.3 Darwin/18.2.0" "-"
86.55.46.218 - - [22/Jan/2019:04:17:37 +0330] "GET /image/10836?name=pr114at-fw.jpg&wh=max HTTP/1.1" 200 22442 "https://www.zanbil.ir/product/10836?model=15663" "Mozilla/5.0 (Windows NT 10.0; Win64; x64) AppleWebKit/537.36 (KHTML, like Gecko) Chrome/71.0.3578.98 Safari/537.36" "-"
86.55.46.218 - - [22/Jan/2019:04:17:37 +0330] "GET /site/alexaGooleAnalitic HTTP/1.1" 200 323 "https://www.zanbil.ir/product/10836?model=15663" "Mozilla/5.0 (Windows NT 10.0; Win64; x64) AppleWebKit/537.36 (KHTML, like Gecko) Chrome/71.0.3578.98 Safari/537.36" "-"
66.249.66.91 - - [22/Jan/2019:04:17:38 +0330] "GET /product/29461/58894/%D8%AA%D9%84%D9%88%DB%8C%D8%B2%DB%8C%D9%88%D9%86-%D8%A7%D9%84-%D8%A7%DB%8C-%D8%AF%DB%8C-%D8%A7%DB%8C%DA%A9%D8%B3-%D9%88%DB%8C%DA%98%D9%86-%D9%85%D8%AF%D9%84-49XL615 HTTP/1.1" 200 44000 "-" "Mozilla/5.0 (compatible; Googlebot/2.1; +http://www.google.com/bot.html)" "-"
69.30.218.194 - - [22/Jan/2019:04:17:38 +0330] "GET /image/29490?name=ultra-1.jpg&wh=200x200 HTTP/1.1" 200 2833 "-" "torob/5 CFNetwork/975.0.3 Darwin/18.2.0" "-"
174.6.184.180 - - [22/Jan/2019:04:17:38 +0330] "GET /apple-touch-icon-120x120-precomposed.png HTTP/1.1" 404 33667 "-" "MobileSafari/604.1 CFNetwork/976 Darwin/18.2.0" "-"
174.6.184.180 - - [22/Jan/2019:04:17:38 +0330] "GET /apple-touch-icon-120x120.png HTTP/1.1" 404 33661 "-" "MobileSafari/604.1 CFNetwork/976 Darwin/18.2.0" "-"
17.58.102.43 - - [22/Jan/2019:04:17:38 +0330] "GET /filter/b537%2Cb462%2Cb256%2Cb350%2Cb190%2Cb393%2Cb433%2Cb724 HTTP/1.1" 200 37497 "-" "Mozilla/5.0 (Macintosh; Intel Mac OS X 10_10_1) AppleWebKit/600.2.5 (KHTML, like Gecko) Version/8.0.2 Safari/600.2.5 (Applebot/0.1; +http://www.apple.com/go/applebot)" "-"
83.122.180.216 - - [22/Jan/2019:04:17:39 +0330] "GET /image/11911?name=11911-1-fw.jpg&wh=200x200 HTTP/1.1" 200 4119 "-" "Dalvik/1.6.0 (Linux; U; Android 4.4.2; SM-G7102 Build/KOT49H)" "-"
91.99.72.15 - - [22/Jan/2019:04:17:39 +0330] "GET /product/31757/61919/%D8%A7%D8%AC%D8%A7%D9%82-%DA%AF%D8%A7%D8%B2-%D8%B5%D9%81%D8%AD%D9%87-%D8%A7%DB%8C-%D8%B3%D8%A7%D9%85%D8%B3%D9%88%D9%86%DA%AF-%D9%85%D8%AF%D9%84-GR40 HTTP/1.1" 200 42802 "-" "Mozilla/5.0 (Windows NT 6.2; Win64; x64; rv:16.0)Gecko/16.0 Firefox/16.0" "-"
174.6.184.180 - - [22/Jan/2019:04:17:39 +0330] "GET /apple-touch-icon-precomposed.png HTTP/1.1" 404 392 "-" "MobileSafari/604.1 CFNetwork/976 Darwin/18.2.0" "-"
174.6.184.180 - - [22/Jan/2019:04:17:39 +0330] "GET /apple-touch-icon.png HTTP/1.1" 404 392 "-" "MobileSafari/604.1 CFNetwork/976 Darwin/18.2.0" "-"
174.6.184.180 - - [22/Jan/2019:04:17:39 +0330] "GET /favicon.ico HTTP/1.1" 200 0 "-" "MobileSafari/604.1 CFNetwork/976 Darwin/18.2.0" "-"
91.99.72.15 - - [22/Jan/2019:04:17:39 +0330] "GET /product/15444/29269/%D9%85%DB%8C%D8%B2-%D8%B9%D8%B3%D9%84%DB%8C-Persis-%D9%85%D8%AF%D9%84-TS174 HTTP/1.1" 200 40417 "-" "Mozilla/5.0 (Windows NT 6.1; WOW64) AppleWebKit/535.7(KHTML, like Gecko) Chrome/16.0.912.36 Safari/535.7" "-"
174.6.184.180 - - [22/Jan/2019:04:17:40 +0330] "GET /apple-touch-icon-120x120-precomposed.png HTTP/1.1" 404 33667 "-" "MobileSafari/604.1 CFNetwork/976 Darwin/18.2.0" "-"
86.55.46.218 - - [22/Jan/2019:04:17:40 +0330] "GET /image/16121/productModel/100x100 HTTP/1.1" 200 1315 "https://www.zanbil.ir/product/10836?model=15663" "Mozilla/5.0 (Windows NT 10.0; Win64; x64) AppleWebKit/537.36 (KHTML, like Gecko) Chrome/71.0.3578.98 Safari/537.36" "-"
86.55.46.218 - - [22/Jan/2019:04:17:40 +0330] "GET /image/62989/productModel/100x100 HTTP/1.1" 200 2074 "https://www.zanbil.ir/product/10836?model=15663" "Mozilla/5.0 (Windows NT 10.0; Win64; x64) AppleWebKit/537.36 (KHTML, like Gecko) Chrome/71.0.3578.98 Safari/537.36" "-"
174.6.184.180 - - [22/Jan/2019:04:17:40 +0330] "GET /apple-touch-icon-120x120.png HTTP/1.1" 404 33661 "-" "MobileSafari/604.1 CFNetwork/976 Darwin/18.2.0" "-"
174.6.184.180 - - [22/Jan/2019:04:17:41 +0330] "GET /apple-touch-icon-precomposed.png HTTP/1.1" 404 392 "-" "MobileSafari/604.1 CFNetwork/976 Darwin/18.2.0" "-"
174.6.184.180 - - [22/Jan/2019:04:17:41 +0330] "GET /apple-touch-icon.png HTTP/1.1" 404 392 "-" "MobileSafari/604.1 CFNetwork/976 Darwin/18.2.0" "-"
174.6.184.180 - - [22/Jan/2019:04:17:41 +0330] "GET /favicon.ico HTTP/1.1" 200 0 "-" "MobileSafari/604.1 CFNetwork/976 Darwin/18.2.0" "-"
91.99.72.15 - - [22/Jan/2019:04:17:41 +0330] "GET /product/33562/64216/%D9%85%D8%A7%D8%B4%DB%8C%D9%86-%D9%84%D8%A8%D8%A7%D8%B3%D8%B4%D9%88%DB%8C%DB%8C-%D8%AF%D8%B1%D8%A8-%D8%A7%D8%B2-%D8%AC%D9%84%D9%88-%D9%BE%D8%A7%DA%A9%D8%B4%D9%88%D9%85%D8%A7-%D9%85%D8%AF%D9%84-WFI-91429 HTTP/1.1" 200 43999 "-" "Mozilla/5.0 (Windows NT 6.2; Win64; x64; rv:16.0)Gecko/16.0 Firefox/16.0" "-"
86.55.46.218 - - [22/Jan/2019:04:17:41 +0330] "GET /image/5508/productType/120x90 HTTP/1.1" 200 11716 "https://www.zanbil.ir/product/10836?model=15663" "Mozilla/5.0 (Windows NT 10.0; Win64; x64) AppleWebKit/537.36 (KHTML, like Gecko) Chrome/71.0.3578.98 Safari/537.36" "-"
66.249.66.91 - - [22/Jan/2019:04:17:42 +0330] "GET /filter/b481%2Cb226%2Cb570%2Cb80%2Cb270%2Cb903%2Cb883%2Cb152%2Cb249%2Cb20%2Cb701%2Cb723%2Cb42%2Cb198%2Cb35%2Cb183%2Cb219%2Cb308%2Cb523%2Cb900%2Cb188%2Cb703%2Cb890%2Cb236%2Cb74%2Cb400%2Cb209%2Cb19%2Cb454%2Cb651%2Cb202%2Cb4%2Cb22%2Cb238%2Cb6%2Cb596%2Cb143%2Cb877%2Cb485%2Cb221%2Cb194%2Cb136%2Cb647%2Cb497%2Cb546%2Cb105%2Cb185%2Cb568%2Cb151%2Cb88%2Cb43%2Cb597%2Cb103%2Cb613%2Cb880%2Cb212%2Cb861%2Cb148%2Cb135%2Cb186%2Cb778%2Cb113%2Cb99%2Cb584%2Cb724%2Cb224%2Cb95?page=183 HTTP/1.1" 200 41998 "-" "Mozilla/5.0 (compatible; Googlebot/2.1; +http://www.google.com/bot.html)" "-"
5.211.97.39 - - [22/Jan/2019:04:17:43 +0330] "GET /m/browse/dishwasher/%D9%85%D8%A7%D8%B4%DB%8C%D9%86-%D8%B8%D8%B1%D9%81%D8%B4%D9%88%DB%8C%DB%8C HTTP/1.1" 200 19422 "https://www.zanbil.ir/m/product/2287/2589/%DA%A9%D8%A8%D8%A7%D8%A8-%D9%BE%D8%B2-%D8%A8%D8%B1%D9%82%DB%8C-%D9%BE%D8%A7%D8%B1%D8%B3-%D8%AE%D8%B2%D8%B1-%D9%85%D8%AF%D9%84-BBQ2000V" "Mozilla/5.0 (iPhone; CPU iPhone OS 10_3_2 like Mac OS X) AppleWebKit/603.2.4 (KHTML, like Gecko) Version/10.0 Mobile/14F89 Safari/602.1" "-"
5.211.97.39 - - [22/Jan/2019:04:17:43 +0330] "GET /settings/logo HTTP/1.1" 200 4120 "https://www.zanbil.ir/m/browse/dishwasher/%D9%85%D8%A7%D8%B4%DB%8C%D9%86-%D8%B8%D8%B1%D9%81%D8%B4%D9%88%DB%8C%DB%8C" "Mozilla/5.0 (iPhone; CPU iPhone OS 10_3_2 like Mac OS X) AppleWebKit/603.2.4 (KHTML, like Gecko) Version/10.0 Mobile/14F89 Safari/602.1" "-"
5.211.97.39 - - [22/Jan/2019:04:17:43 +0330] "GET /image/65327/productModel/200x200 HTTP/1.1" 200 3845 "https://www.zanbil.ir/m/browse/dishwasher/%D9%85%D8%A7%D8%B4%DB%8C%D9%86-%D8%B8%D8%B1%D9%81%D8%B4%D9%88%DB%8C%DB%8C" "Mozilla/5.0 (iPhone; CPU iPhone OS 10_3_2 like Mac OS X) AppleWebKit/603.2.4 (KHTML, like Gecko) Version/10.0 Mobile/14F89 Safari/602.1" "-"
5.211.97.39 - - [22/Jan/2019:04:17:43 +0330] "GET /image/54272/productModel/200x200 HTTP/1.1" 200 3298 "https://www.zanbil.ir/m/browse/dishwasher/%D9%85%D8%A7%D8%B4%DB%8C%D9%86-%D8%B8%D8%B1%D9%81%D8%B4%D9%88%DB%8C%DB%8C" "Mozilla/5.0 (iPhone; CPU iPhone OS 10_3_2 like Mac OS X) AppleWebKit/603.2.4 (KHTML, like Gecko) Version/10.0 Mobile/14F89 Safari/602.1" "-"
5.211.97.39 - - [22/Jan/2019:04:17:43 +0330] "GET /image/61065/productModel/200x200 HTTP/1.1" 200 4912 "https://www.zanbil.ir/m/browse/dishwasher/%D9%85%D8%A7%D8%B4%DB%8C%D9%86-%D8%B8%D8%B1%D9%81%D8%B4%D9%88%DB%8C%DB%8C" "Mozilla/5.0 (iPhone; CPU iPhone OS 10_3_2 like Mac OS X) AppleWebKit/603.2.4 (KHTML, like Gecko) Version/10.0 Mobile/14F89 Safari/602.1" "-"
5.211.97.39 - - [22/Jan/2019:04:17:43 +0330] "HEAD /amp_preconnect_polyfill_404_or_other_error_expected._Do_not_worry_about_it?1548118260000 HTTP/1.1" 404 0 "https://www.zanbil.ir/m/browse/dishwasher/%D9%85%D8%A7%D8%B4%DB%8C%D9%86-%D8%B8%D8%B1%D9%81%D8%B4%D9%88%DB%8C%DB%8C" "Mozilla/5.0 (iPhone; CPU iPhone OS 10_3_2 like Mac OS X) AppleWebKit/603.2.4 (KHTML, like Gecko) Version/10.0 Mobile/14F89 Safari/602.1" "-"
5.211.97.39 - - [22/Jan/2019:04:17:43 +0330] "GET /image/61790/productModel/200x200 HTTP/1.1" 200 3943 "https://www.zanbil.ir/m/browse/dishwasher/%D9%85%D8%A7%D8%B4%DB%8C%D9%86-%D8%B8%D8%B1%D9%81%D8%B4%D9%88%DB%8C%DB%8C" "Mozilla/5.0 (iPhone; CPU iPhone OS 10_3_2 like Mac OS X) AppleWebKit/603.2.4 (KHTML, like Gecko) Version/10.0 Mobile/14F89 Safari/602.1" "-"
5.211.97.39 - - [22/Jan/2019:04:17:43 +0330] "GET /image/131/brand HTTP/1.1" 200 2599 "https://www.zanbil.ir/m/browse/dishwasher/%D9%85%D8%A7%D8%B4%DB%8C%D9%86-%D8%B8%D8%B1%D9%81%D8%B4%D9%88%DB%8C%DB%8C" "Mozilla/5.0 (iPhone; CPU iPhone OS 10_3_2 like Mac OS X) AppleWebKit/603.2.4 (KHTML, like Gecko) Version/10.0 Mobile/14F89 Safari/602.1" "-"
5.211.97.39 - - [22/Jan/2019:04:17:43 +0330] "GET /image/63032/productModel/200x200 HTTP/1.1" 200 2868 "https://www.zanbil.ir/m/browse/dishwasher/%D9%85%D8%A7%D8%B4%DB%8C%D9%86-%D8%B8%D8%B1%D9%81%D8%B4%D9%88%DB%8C%DB%8C" "Mozilla/5.0 (iPhone; CPU iPhone OS 10_3_2 like Mac OS X) AppleWebKit/603.2.4 (KHTML, like Gecko) Version/10.0 Mobile/14F89 Safari/602.1" "-"
5.211.97.39 - - [22/Jan/2019:04:17:43 +0330] "GET /image/64894/productModel/200x200 HTTP/1.1" 200 3707 "https://www.zanbil.ir/m/browse/dishwasher/%D9%85%D8%A7%D8%B4%DB%8C%D9%86-%D8%B8%D8%B1%D9%81%D8%B4%D9%88%DB%8C%DB%8C" "Mozilla/5.0 (iPhone; CPU iPhone OS 10_3_2 like Mac OS X) AppleWebKit/603.2.4 (KHTML, like Gecko) Version/10.0 Mobile/14F89 Safari/602.1" "-"
5.211.97.39 - - [22/Jan/2019:04:17:43 +0330] "GET /image/982/mainSlideMobile HTTP/1.1" 200 58396 "https://www.zanbil.ir/m/browse/dishwasher/%D9%85%D8%A7%D8%B4%DB%8C%D9%86-%D8%B8%D8%B1%D9%81%D8%B4%D9%88%DB%8C%DB%8C" "Mozilla/5.0 (iPhone; CPU iPhone OS 10_3_2 like Mac OS X) AppleWebKit/603.2.4 (KHTML, like Gecko) Version/10.0 Mobile/14F89 Safari/602.1" "-"
5.211.97.39 - - [22/Jan/2019:04:17:43 +0330] "GET /image/29/productTypeType HTTP/1.1" 200 10813 "https://www.zanbil.ir/m/browse/dishwasher/%D9%85%D8%A7%D8%B4%DB%8C%D9%86-%D8%B8%D8%B1%D9%81%D8%B4%D9%88%DB%8C%DB%8C" "Mozilla/5.0 (iPhone; CPU iPhone OS 10_3_2 like Mac OS X) AppleWebKit/603.2.4 (KHTML, like Gecko) Version/10.0 Mobile/14F89 Safari/602.1" "-"
5.211.97.39 - - [22/Jan/2019:04:17:43 +0330] "GET /image/35/productTypeType HTTP/1.1" 200 11334 "https://www.zanbil.ir/m/browse/dishwasher/%D9%85%D8%A7%D8%B4%DB%8C%D9%86-%D8%B8%D8%B1%D9%81%D8%B4%D9%88%DB%8C%DB%8C" "Mozilla/5.0 (iPhone; CPU iPhone OS 10_3_2 like Mac OS X) AppleWebKit/603.2.4 (KHTML, like Gecko) Version/10.0 Mobile/14F89 Safari/602.1" "-"
5.211.97.39 - - [22/Jan/2019:04:17:43 +0330] "GET /image/900/brand HTTP/1.1" 200 4424 "https://www.zanbil.ir/m/browse/dishwasher/%D9%85%D8%A7%D8%B4%DB%8C%D9%86-%D8%B8%D8%B1%D9%81%D8%B4%D9%88%DB%8C%DB%8C" "Mozilla/5.0 (iPhone; CPU iPhone OS 10_3_2 like Mac OS X) AppleWebKit/603.2.4 (KHTML, like Gecko) Version/10.0 Mobile/14F89 Safari/602.1" "-"
5.211.97.39 - - [22/Jan/2019:04:17:43 +0330] "GET /image/177/productTypeType HTTP/1.1" 200 10969 "https://www.zanbil.ir/m/browse/dishwasher/%D9%85%D8%A7%D8%B4%DB%8C%D9%86-%D8%B8%D8%B1%D9%81%D8%B4%D9%88%DB%8C%DB%8C" "Mozilla/5.0 (iPhone; CPU iPhone OS 10_3_2 like Mac OS X) AppleWebKit/603.2.4 (KHTML, like Gecko) Version/10.0 Mobile/14F89 Safari/602.1" "-"
5.211.97.39 - - [22/Jan/2019:04:17:43 +0330] "GET /image/59339/productModel/200x200 HTTP/1.1" 200 4280 "https://www.zanbil.ir/m/browse/dishwasher/%D9%85%D8%A7%D8%B4%DB%8C%D9%86-%D8%B8%D8%B1%D9%81%D8%B4%D9%88%DB%8C%DB%8C" "Mozilla/5.0 (iPhone; CPU iPhone OS 10_3_2 like Mac OS X) AppleWebKit/603.2.4 (KHTML, like Gecko) Version/10.0 Mobile/14F89 Safari/602.1" "-"
51.15.15.54 - - [22/Jan/2019:04:17:43 +0330] "GET /blog/digital-supplies/computer-and-accessories/headphone/ HTTP/1.1" 200 21242 "-" "Barkrowler/0.9 (+http://www.exensa.com/crawl)" "-"
5.211.97.39 - - [22/Jan/2019:04:17:44 +0330] "GET /image/58001/productModel/200x200 HTTP/1.1" 200 4571 "https://www.zanbil.ir/m/browse/dishwasher/%D9%85%D8%A7%D8%B4%DB%8C%D9%86-%D8%B8%D8%B1%D9%81%D8%B4%D9%88%DB%8C%DB%8C" "Mozilla/5.0 (iPhone; CPU iPhone OS 10_3_2 like Mac OS X) AppleWebKit/603.2.4 (KHTML, like Gecko) Version/10.0 Mobile/14F89 Safari/602.1" "-"
66.249.66.91 - - [22/Jan/2019:04:17:44 +0330] "GET /filter/b656%2Cb703%2Cb32%2Cb67%2Cb226%2Cb41%2Cb598%2Cb168%2Cb723%2Cb597%2Cb88%2Cb548%2Cb6%2Cb679%2Cb215%2Cb105%2Cb194%2Cb74%2Cb542%2Cb35%2Cb113%2Cb820%2Cb574%2Cb442%2Cb880%2Cb645%2Cb724%2Cb118%2Cb482%2Cb400%2Cb95%2Cb135%2Cb249%2Cb435%2Cb221%2Cb523%2Cb854%2Cb126%2Cstexists%2Cb216%2Cb217%2Cb152%2Cb99%2Cb192%2Cb213%2Cb136%2Cb218%2Cb648%2Cb454%2Cb258%2Cb151%2Cb22%2Cb36%2Cp38?page=11 HTTP/1.1" 200 33755 "-" "Mozilla/5.0 (compatible; Googlebot/2.1; +http://www.google.com/bot.html)" "-"
66.249.66.194 - - [22/Jan/2019:04:17:44 +0330] "GET /m/filter/b103,b105,b113,b135,b136,b143,b148,b151,b152,b183,b185,b186,b188,b19,b194,b198,b20,b202,b209,b212,b219,b22,b221,b224,b226,b236,b238,b249,b270,b308,b35,b4,b400,b42,b43,b454,b481,b485,b497,b523,b546,b568,b570,b584,b596,b597,b6,b613,b647,b651,b701,b703,b723,b724,b74,b778,b80,b861,b877,b88,b880,b883,b890,b900,b903,b95,b99 HTTP/1.1" 200 27826 "-" "Mozilla/5.0 (Linux; Android 6.0.1; Nexus 5X Build/MMB29P) AppleWebKit/537.36 (KHTML, like Gecko) Chrome/41.0.2272.96 Mobile Safari/537.36 (compatible; Googlebot/2.1; +http://www.google.com/bot.html)" "-"
5.234.213.72 - - [22/Jan/2019:04:17:44 +0330] "GET /image/34203?name=750d-18-55mm-1.jpg&wh=200x200 HTTP/1.1" 200 7614 "-" "Dalvik/2.1.0 (Linux; U; Android 6.0.1; SM-J500F Build/MMB29M)" "-"
5.211.97.39 - - [22/Jan/2019:04:17:45 +0330] "GET /image/55651/productModel/200x200 HTTP/1.1" 200 3867 "https://www.zanbil.ir/m/browse/dishwasher/%D9%85%D8%A7%D8%B4%DB%8C%D9%86-%D8%B8%D8%B1%D9%81%D8%B4%D9%88%DB%8C%DB%8C" "Mozilla/5.0 (iPhone; CPU iPhone OS 10_3_2 like Mac OS X) AppleWebKit/603.2.4 (KHTML, like Gecko) Version/10.0 Mobile/14F89 Safari/602.1" "-"
5.211.97.39 - - [22/Jan/2019:04:17:45 +0330] "GET /image/62658/productModel/200x200 HTTP/1.1" 200 2573 "https://www.zanbil.ir/m/browse/dishwasher/%D9%85%D8%A7%D8%B4%DB%8C%D9%86-%D8%B8%D8%B1%D9%81%D8%B4%D9%88%DB%8C%DB%8C" "Mozilla/5.0 (iPhone; CPU iPhone OS 10_3_2 like Mac OS X) AppleWebKit/603.2.4 (KHTML, like Gecko) Version/10.0 Mobile/14F89 Safari/602.1" "-"
66.249.66.91 - - [22/Jan/2019:04:17:45 +0330] "GET /image/63195/productModel/150x150 HTTP/1.1" 200 2676 "-" "Googlebot-Image/1.0" "-"
69.30.218.194 - - [22/Jan/2019:04:17:47 +0330] "GET /image/29467?name=%D8%A7%D9%88%D9%84%D8%AA%D8%B1%D8%A72-1.jpg&wh=200x200 HTTP/1.1" 200 3191 "-" "torob/5 CFNetwork/975.0.3 Darwin/18.2.0" "-"
66.249.66.194 - - [22/Jan/2019:04:17:48 +0330] "GET /blog/digital-supplies/%D8%A2%DB%8C%D9%BE%D8%AF-%D9%BE%D8%B1%D9%88%D8%8C-%D9%BE%D8%B1%D8%AF%D9%87-%D8%A2%D8%AE%D8%B1-%D8%B3%D9%86%D8%A7%D8%B1%DB%8C%D9%88%DB%8C-%D8%A7%D9%BE%D9%84-%D8%A8%D8%B1%D8%A7%DB%8C-%D8%AD%D8%B6%D9%88/ HTTP/1.1" 200 28263 "-" "Mozilla/5.0 (compatible; Googlebot/2.1; +http://www.google.com/bot.html)" "-"
69.30.218.194 - - [22/Jan/2019:04:17:48 +0330] "GET /image/29550?name=bonel66-1.jpg&wh=200x200 HTTP/1.1" 200 2477 "-" "torob/5 CFNetwork/975.0.3 Darwin/18.2.0" "-"
69.30.218.194 - - [22/Jan/2019:04:17:48 +0330] "GET /image/29535?name=bonel44-1.jpg&wh=200x200 HTTP/1.1" 200 2497 "-" "torob/5 CFNetwork/975.0.3 Darwin/18.2.0" "-"
66.249.66.194 - - [22/Jan/2019:04:17:49 +0330] "GET /product/29640/59072/%D8%AA%D8%B4%DA%A9-%D8%AF%D9%88-%D9%86%D9%81%D8%B1%D9%87-%D8%AE%D9%88%D8%B4%D8%AE%D9%88%D8%A7%D8%A8-%D9%85%D8%AF%D9%84-%D8%A8%DB%8C%D9%88%D8%B1%DB%8C%D8%AA%D9%85%DB%8C%DA%A9-%D8%B3%D9%88%D9%BE%D8%B1-%D8%B3%D8%A7%DB%8C%D8%B2-140*200 HTTP/1.1" 302 0 "-" "Mozilla/5.0 (Linux; Android 6.0.1; Nexus 5X Build/MMB29P) AppleWebKit/537.36 (KHTML, like Gecko) Chrome/41.0.2272.96 Mobile Safari/537.36 (compatible; Googlebot/2.1; +http://www.google.com/bot.html)" "-"
5.211.97.39 - - [22/Jan/2019:04:17:49 +0330] "GET /image/42/brand HTTP/1.1" 200 3470 "https://www.zanbil.ir/m/browse/dishwasher/%D9%85%D8%A7%D8%B4%DB%8C%D9%86-%D8%B8%D8%B1%D9%81%D8%B4%D9%88%DB%8C%DB%8C" "Mozilla/5.0 (iPhone; CPU iPhone OS 10_3_2 like Mac OS X) AppleWebKit/603.2.4 (KHTML, like Gecko) Version/10.0 Mobile/14F89 Safari/602.1" "-"
5.211.97.39 - - [22/Jan/2019:04:17:50 +0330] "GET /image/890/brand HTTP/1.1" 200 3094 "https://www.zanbil.ir/m/browse/dishwasher/%D9%85%D8%A7%D8%B4%DB%8C%D9%86-%D8%B8%D8%B1%D9%81%D8%B4%D9%88%DB%8C%DB%8C" "Mozilla/5.0 (iPhone; CPU iPhone OS 10_3_2 like Mac OS X) AppleWebKit/603.2.4 (KHTML, like Gecko) Version/10.0 Mobile/14F89 Safari/602.1" "-"
66.249.66.194 - - [22/Jan/2019:04:17:50 +0330] "GET /m/product/29640/59072/%D8%AA%D8%B4%DA%A9-%D8%AF%D9%88-%D9%86%D9%81%D8%B1%D9%87-%D8%AE%D9%88%D8%B4%D8%AE%D9%88%D8%A7%D8%A8-%D9%85%D8%AF%D9%84-%D8%A8%DB%8C%D9%88%D8%B1%DB%8C%D8%AA%D9%85%DB%8C%DA%A9-%D8%B3%D9%88%D9%BE%D8%B1-%D8%B3%D8%A7%DB%8C%D8%B2-140*200 HTTP/1.1" 200 21266 "-" "Mozilla/5.0 (Linux; Android 6.0.1; Nexus 5X Build/MMB29P) AppleWebKit/537.36 (KHTML, like Gecko) Chrome/41.0.2272.96 Mobile Safari/537.36 (compatible; Googlebot/2.1; +http://www.google.com/bot.html)" "-"
54.36.149.15 - - [22/Jan/2019:04:17:53 +0330] "GET /filter/b248%2Cp44%2Cstexists%2Cv1%7C%D9%85%D8%B4%DA%A9%DB%8C.?o=v1 HTTP/1.1" 302 0 "-" "Mozilla/5.0 (compatible; AhrefsBot/6.1; +http://ahrefs.com/robot/)" "-"
66.249.66.91 - - [22/Jan/2019:04:17:53 +0330] "GET /image/22343?name=product_103_1433771917_96279.jpg&wh=200x200 HTTP/1.1" 200 6680 "-" "Googlebot-Image/1.0" "-"
5.160.157.20 - - [22/Jan/2019:04:17:53 +0330] "GET /filter?f=p13795&page=5 HTTP/1.1" 301 178 "-" "Mozilla/5.0 (Windows NT 5.1; rv:8.0) Gecko/20100101 Firefox/8.0" "-"
5.211.97.39 - - [22/Jan/2019:04:17:53 +0330] "GET /m/filter/p5%2Cb36 HTTP/1.1" 200 19077 "https://www.zanbil.ir/m/browse/dishwasher/%D9%85%D8%A7%D8%B4%DB%8C%D9%86-%D8%B8%D8%B1%D9%81%D8%B4%D9%88%DB%8C%DB%8C" "Mozilla/5.0 (iPhone; CPU iPhone OS 10_3_2 like Mac OS X) AppleWebKit/603.2.4 (KHTML, like Gecko) Version/10.0 Mobile/14F89 Safari/602.1" "-"
5.160.157.20 - - [22/Jan/2019:04:17:53 +0330] "GET /filter?f=p3,t13&page=2 HTTP/1.1" 301 178 "-" "Mozilla/5.0 (Windows NT 5.1; rv:8.0) Gecko/20100101 Firefox/8.0" "-"
5.211.97.39 - - [22/Jan/2019:04:17:53 +0330] "GET /settings/logo HTTP/1.1" 200 4120 "https://www.zanbil.ir/m/filter/p5%2Cb36" "Mozilla/5.0 (iPhone; CPU iPhone OS 10_3_2 like Mac OS X) AppleWebKit/603.2.4 (KHTML, like Gecko) Version/10.0 Mobile/14F89 Safari/602.1" "-"
5.211.97.39 - - [22/Jan/2019:04:17:53 +0330] "GET /image/61064/productModel/200x200 HTTP/1.1" 200 4796 "https://www.zanbil.ir/m/filter/p5%2Cb36" "Mozilla/5.0 (iPhone; CPU iPhone OS 10_3_2 like Mac OS X) AppleWebKit/603.2.4 (KHTML, like Gecko) Version/10.0 Mobile/14F89 Safari/602.1" "-"
5.211.97.39 - - [22/Jan/2019:04:17:53 +0330] "GET /image/63915/productModel/200x200 HTTP/1.1" 200 3495 "https://www.zanbil.ir/m/filter/p5%2Cb36" "Mozilla/5.0 (iPhone; CPU iPhone OS 10_3_2 like Mac OS X) AppleWebKit/603.2.4 (KHTML, like Gecko) Version/10.0 Mobile/14F89 Safari/602.1" "-"
5.211.97.39 - - [22/Jan/2019:04:17:53 +0330] "GET /image/61062/productModel/200x200 HTTP/1.1" 200 4839 "https://www.zanbil.ir/m/filter/p5%2Cb36" "Mozilla/5.0 (iPhone; CPU iPhone OS 10_3_2 like Mac OS X) AppleWebKit/603.2.4 (KHTML, like Gecko) Version/10.0 Mobile/14F89 Safari/602.1" "-"
5.211.97.39 - - [22/Jan/2019:04:17:53 +0330] "HEAD /amp_preconnect_polyfill_404_or_other_error_expected._Do_not_worry_about_it?1548118260000 HTTP/1.1" 404 0 "https://www.zanbil.ir/m/filter/p5%2Cb36" "Mozilla/5.0 (iPhone; CPU iPhone OS 10_3_2 like Mac OS X) AppleWebKit/603.2.4 (KHTML, like Gecko) Version/10.0 Mobile/14F89 Safari/602.1" "-"
5.211.97.39 - - [22/Jan/2019:04:17:53 +0330] "GET /image/58013/productModel/200x200 HTTP/1.1" 200 4439 "https://www.zanbil.ir/m/filter/p5%2Cb36" "Mozilla/5.0 (iPhone; CPU iPhone OS 10_3_2 like Mac OS X) AppleWebKit/603.2.4 (KHTML, like Gecko) Version/10.0 Mobile/14F89 Safari/602.1" "-"
5.211.97.39 - - [22/Jan/2019:04:17:53 +0330] "GET /image/63859/productModel/200x200 HTTP/1.1" 200 3309 "https://www.zanbil.ir/m/filter/p5%2Cb36" "Mozilla/5.0 (iPhone; CPU iPhone OS 10_3_2 like Mac OS X) AppleWebKit/603.2.4 (KHTML, like Gecko) Version/10.0 Mobile/14F89 Safari/602.1" "-"
5.211.97.39 - - [22/Jan/2019:04:17:53 +0330] "GET /image/61462/productModel/200x200 HTTP/1.1" 200 3293 "https://www.zanbil.ir/m/filter/p5%2Cb36" "Mozilla/5.0 (iPhone; CPU iPhone OS 10_3_2 like Mac OS X) AppleWebKit/603.2.4 (KHTML, like Gecko) Version/10.0 Mobile/14F89 Safari/602.1" "-"
5.211.97.39 - - [22/Jan/2019:04:17:54 +0330] "GET /image/56285/productModel/200x200 HTTP/1.1" 200 3358 "https://www.zanbil.ir/m/filter/p5%2Cb36" "Mozilla/5.0 (iPhone; CPU iPhone OS 10_3_2 like Mac OS X) AppleWebKit/603.2.4 (KHTML, like Gecko) Version/10.0 Mobile/14F89 Safari/602.1" "-"
5.211.97.39 - - [22/Jan/2019:04:17:55 +0330] "GET /image/61564/productModel/200x200 HTTP/1.1" 200 4429 "https://www.zanbil.ir/m/filter/p5%2Cb36" "Mozilla/5.0 (iPhone; CPU iPhone OS 10_3_2 like Mac OS X) AppleWebKit/603.2.4 (KHTML, like Gecko) Version/10.0 Mobile/14F89 Safari/602.1" "-"
54.36.148.159 - - [22/Jan/2019:04:17:56 +0330] "GET /filter/b568,p11673,v1|%D8%B5%D9%88%D8%B1%D8%AA%DB%8C. HTTP/1.1" 200 31251 "-" "Mozilla/5.0 (compatible; AhrefsBot/6.1; +http://ahrefs.com/robot/)" "-"
66.249.66.194 - - [22/Jan/2019:04:17:56 +0330] "GET /m/product/28729/%DB%8C%D8%AE%DA%86%D8%A7%D9%84-%D9%81%D8%B1%DB%8C%D8%B2%D8%B1-%D9%81%D8%B1%DB%8C%D8%B2%D8%B1-%D8%A8%D8%A7%D9%84%D8%A7-%D8%A8%D9%88%D8%B4-%D9%85%D8%AF%D9%84-KDD74AW204 HTTP/1.1" 200 21079 "-" "Mozilla/5.0 (Linux; Android 6.0.1; Nexus 5X Build/MMB29P) AppleWebKit/537.36 (KHTML, like Gecko) Chrome/41.0.2272.96 Mobile Safari/537.36 (compatible; Googlebot/2.1; +http://www.google.com/bot.html)" "-"
5.211.97.39 - - [22/Jan/2019:04:17:56 +0330] "GET /image/65250/productModel/200x200 HTTP/1.1" 200 4421 "https://www.zanbil.ir/m/filter/p5%2Cb36" "Mozilla/5.0 (iPhone; CPU iPhone OS 10_3_2 like Mac OS X) AppleWebKit/603.2.4 (KHTML, like Gecko) Version/10.0 Mobile/14F89 Safari/602.1" "-"
5.211.97.39 - - [22/Jan/2019:04:17:56 +0330] "GET /image/62720/productModel/200x200 HTTP/1.1" 200 4387 "https://www.zanbil.ir/m/filter/p5%2Cb36" "Mozilla/5.0 (iPhone; CPU iPhone OS 10_3_2 like Mac OS X) AppleWebKit/603.2.4 (KHTML, like Gecko) Version/10.0 Mobile/14F89 Safari/602.1" "-"
66.249.66.194 - - [22/Jan/2019:04:17:56 +0330] "GET /product/12205/%D9%85%D8%AC%D9%85%D9%88%D8%B9%D9%87-%D8%A2%D8%AB%D8%A7%D8%B1-%D8%A7%D8%B3%D8%AA%D8%A7%D8%AF-%D9%85%D8%AD%D9%85%D9%88%D8%AF-%D9%81%D8%B1%D8%B4%DA%86%DB%8C%D8%A7%D9%86-%D8%A7%D9%86%D8%AA%D8%B4%D8%A7%D8%B1%D8%A7%D8%AA-%DA%AF%D9%88%DB%8C%D8%A7-%D9%85%D8%AF%D9%84-%D9%86%DB%8C%D8%A7%DB%8C%D8%B4-%D9%86%D9%88%D8%B1 HTTP/1.1" 200 41592 "-" "Googlebot-Image/1.0" "-"
66.249.66.91 - - [22/Jan/2019:04:17:57 +0330] "GET /filter/b656%2Cb703%2Cb32%2Cb67%2Cb226%2Cb41%2Cb598%2Cb168%2Cb723%2Cb597%2Cb88%2Cb548%2Cb6%2Cb679%2Cb215%2Cb105%2Cb194%2Cb74%2Cb542%2Cb35%2Cb113%2Cb820%2Cb574%2Cb442%2Cb880%2Cb645%2Cb724%2Cb118%2Cb482%2Cb400%2Cb95%2Cb135%2Cb249%2Cb435%2Cb221%2Cb523%2Cb854%2Cb126%2Cstexists%2Cb216%2Cb217%2Cb152%2Cb99%2Cb192%2Cb213%2Cb218%2Cb648%2Cb454%2Cb258%2Cb151%2Cb22%2Cb36?page=11 HTTP/1.1" 200 41427 "-" "Mozilla/5.0 (compatible; Googlebot/2.1; +http://www.google.com/bot.html)" "-"
66.249.66.194 - - [22/Jan/2019:04:17:58 +0330] "GET /m/filter/b103,b126,b143,b147,b152,b168,b183,b185,b186,b19,b192,b194,b198,b2,b203,b213,b215,b22,b224,b238,b258,b261,b3,b321,b35,b36,b41,b43,b435,b441,b442,b484,b485,b497,b5,b523,b542,b548,b568,b570,b573,b574,b584,b598,b603,b613,b614,b615,b619,b63,b647,b656,b723,b724,b74,b80,b88,b880,b883,b903,b904,b95,stexists HTTP/1.1" 200 27501 "-" "Mozilla/5.0 (Linux; Android 6.0.1; Nexus 5X Build/MMB29P) AppleWebKit/537.36 (KHTML, like Gecko) Chrome/41.0.2272.96 Mobile Safari/537.36 (compatible; Googlebot/2.1; +http://www.google.com/bot.html)" "-"
66.249.66.194 - - [22/Jan/2019:04:17:59 +0330] "GET /product/25850/53136/%D8%B3%D8%A7%D8%B2%D8%AF%D9%87%D9%86%DB%8C-%DA%A9%D8%B1%D9%88%D9%85%D8%A7%D8%AA%DB%8C%DA%A9-HOHNER-%D9%85%D8%AF%D9%84-Hard-Bopper HTTP/1.1" 404 33723 "-" "Mozilla/5.0 (compatible; Googlebot/2.1; +http://www.google.com/bot.html)" "-"
54.36.148.176 - - [22/Jan/2019:04:17:59 +0330] "GET /filter/p18%2Cv1%7C%D9%86%D9%82%D8%B1%D9%87%20%D8%A7%DB%8C.%2Cv1%7C%D9%85%D8%B4%DA%A9%DB%8C%20%D9%86%D9%82%D8%B1%D9%87%20%D8%A7%DB%8C HTTP/1.1" 200 34060 "-" "Mozilla/5.0 (compatible; AhrefsBot/6.1; +http://ahrefs.com/robot/)" "-"
